192.168.1.1 - john [18/Mar/2023:11:16:30 +0000] "PATCH /api/invoices" 401 717 "-" "Mozilla/5.0 (Macintosh; Intel Mac OS X 10_15_7) AppleWebKit/537.36 (KHTML, like Gecko) Chrome/93.0.4577.63 Safari/537.36"
192.168.1.4 - emily [18/Mar/2023:11:16:30 +0000] "PUT /api/orders HTTP/1.1" 403 971 "-" "Mozilla/5.0 (Macintosh; Intel Mac OS X 10_15_7) AppleWebKit/537.36 (KHTML, like Gecko) Chrome/93.0.4577.63 Safari/537.36"
192.168.1.2 - john [18/Mar/2023:11:16:30 +0000] "GET /api/invoices HTTP/1.1" 401 346 "-" "Mozilla/5.0 (Macintosh; Intel Mac OS X 10_15_7) AppleWebKit/537.36 (KHTML, like Gecko) Chrome/93.0.4577.63 Safari/537.36"
192.168.1.5 - chris [18/Mar/2023:11:16:30 +0000] "PUT /api/users HTTP/1.1" 200 423 "-" "Mozilla/5.0 (Macintosh; Intel Mac OS X 10_15_7) AppleWebKit/537.36 (KHTML, like Gecko) Chrome/94.0.4606.81 Safari/537.36"
192.168.1.5 - mike [18/Mar/2023:11:16:30 +0000] "PUT /api/users HTTP/1.1" 201 914 "-" "Mozilla/5.0 (Macintosh; Intel Mac OS X 10_15_7) AppleWebKit/537.36 (KHTML, like Gecko) Chrome/93.0.4577.63 Safari/537.36"
192.168.1.5 - mike [18/Mar/2023:11:16:30 +0000] "DELETE /api/users HTTP/1.1" 400 285 "-" "Mozilla/5.0 (Windows NT 10.0; Win64; x64; rv:93.0) Gecko/20100101 Firefox/93.0"
192.168.1.3 - sarah [18/Mar/2023:11:16:30 +0000] "POST /api/invoices HTTP/1.1" 500 889 "-" "Mozilla/5.0 (Windows NT 10.0; Win64; x64) AppleWebKit/537.36 (KHTML, like Gecko) Chrome/94.0.4606.81 Safari/537.36"
192.168.1.3 - mike [18/Mar/2023:11:16:30 +0000] "PUT /api/users HTTP/1.1" 204 884 "-" "Mozilla/5.0 (Macintosh; Intel Mac OS X 10_15_7) AppleWebKit/537.36 (KHTML, like Gecko) Chrome/93.0.4577.63 Safari/537.36"
192.168.1.2 - mike [18/Mar/2023:11:16:30 +0000] "GET /api/products HTTP/1.1" 400 778 "-" "Mozilla/5.0 (Windows NT 10.0; Win64; x64) AppleWebKit/537.36 (KHTML, like Gecko) Chrome/93.0.4577.63 Safari/537.36"
192.168.1.2 - chris [18/Mar/2023:11:16:30 +0000] "DELETE /api/orders HTTP/1.1" 400 224 "-" "Mozilla/5.0 (Macintosh; Intel Mac OS X 10_15_7) AppleWebKit/537.36 (KHTML, like Gecko) Chrome/93.0.4577.63 Safari/537.36"
192.168.1.2 - mike [18/Mar/2023:11:16:30 +0000] "DELETE /api/orders HTTP/1.1" 403 597 "-" "Mozilla/5.0 (Windows NT 10.0; Win64; x64) AppleWebKit/537.36 (KHTML, like Gecko) Chrome/94.0.4606.81 Safari/537.36"
192.168.1.5 - john [18/Mar/2023:11:16:30 +0000] "POST /api/users HTTP/1.1" 500 378 "-" "Mozilla/5.0 (Windows NT 10.0; Win64; x64; rv:93.0) Gecko/20100101 Firefox/93.0"
192.168.1.3 - sarah [18/Mar/2023:11:16:30 +0000] "DELETE /api/invoices HTTP/1.1" 401 555 "-" "Mozilla/5.0 (Windows NT 10.0; Win64; x64) AppleWebKit/537.36 (KHTML, like Gecko) Chrome/94.0.4606.81 Safari/537.36"
192.168.1.3 - sarah [18/Mar/2023:11:16:30 +0000] "PATCH /api/products" 500 409 "-" "Mozilla/5.0 (Windows NT 10.0; Win64; x64) AppleWebKit/537.36 (KHTML, like Gecko) Chrome/94.0.4606.81 Safari/537.36"
192.168.1.4 - mike [18/Mar/2023:11:16:30 +0000] "PUT /api/invoices HTTP/1.1" 200 260 "-" "Mozilla/5.0 (Windows NT 10.0; Win64; x64; rv:93.0) Gecko/20100101 Firefox/93.0"
192.168.1.3 - mike [18/Mar/2023:11:16:30 +0000] "PUT /api/orders HTTP/1.1" 204 596 "-" "Mozilla/5.0 (Macintosh; Intel Mac OS X 10_15_7) AppleWebKit/537.36 (KHTML, like Gecko) Chrome/93.0.4577.63 Safari/537.36"
192.168.1.2 - sarah [18/Mar/2023:11:16:30 +0000] "PUT /api/products HTTP/1.1" 204 833 "-" "Mozilla/5.0 (Macintosh; Intel Mac OS X 10_15_7) AppleWebKit/537.36 (KHTML, like Gecko) Chrome/94.0.4606.81 Safari/537.36"
192.168.1.1 - chris [18/Mar/2023:11:16:30 +0000] "DELETE /api/users HTTP/1.1" 400 509 "-" "Mozilla/5.0 (Windows NT 10.0; Win64; x64; rv:94.0) Gecko/20100101 Firefox/94.0"
192.168.1.5 - sarah [18/Mar/2023:11:16:30 +0000] "POST /api/products HTTP/1.1" 401 780 "-" "Mozilla/5.0 (Windows NT 10.0; Win64; x64) AppleWebKit/537.36 (KHTML, like Gecko) Chrome/94.0.4606.81 Safari/537.36"
192.168.1.2 - sarah [18/Mar/2023:11:16:30 +0000] "GET /api/invoices HTTP/1.1" 403 250 "-" "Mozilla/5.0 (Windows NT 10.0; Win64; x64) AppleWebKit/537.36 (KHTML, like Gecko) Chrome/94.0.4606.81 Safari/537.36"
192.168.1.2 - emily [18/Mar/2023:11:16:30 +0000] "GET /api/orders HTTP/1.1" 401 887 "-" "Mozilla/5.0 (Windows NT 10.0; Win64; x64) AppleWebKit/537.36 (KHTML, like Gecko) Chrome/93.0.4577.63 Safari/537.36"
192.168.1.2 - sarah [18/Mar/2023:11:16:30 +0000] "DELETE /api/products HTTP/1.1" 500 414 "-" "Mozilla/5.0 (Windows NT 10.0; Win64; x64; rv:93.0) Gecko/20100101 Firefox/93.0"
192.168.1.1 - john [18/Mar/2023:11:16:30 +0000] "PATCH /api/orders" 201 78 "-" "Mozilla/5.0 (Macintosh; Intel Mac OS X 10_15_7) AppleWebKit/537.36 (KHTML, like Gecko) Chrome/93.0.4577.63 Safari/537.36"
192.168.1.2 - mike [18/Mar/2023:11:16:30 +0000] "PATCH /api/products" 400 286 "-" "Mozilla/5.0 (Macintosh; Intel Mac OS X 10_15_7) AppleWebKit/537.36 (KHTML, like Gecko) Chrome/93.0.4577.63 Safari/537.36"
192.168.1.5 - sarah [18/Mar/2023:11:16:30 +0000] "GET /api/products HTTP/1.1" 404 939 "-" "Mozilla/5.0 (Windows NT 10.0; Win64; x64) AppleWebKit/537.36 (KHTML, like Gecko) Chrome/94.0.4606.81 Safari/537.36"
192.168.1.3 - sarah [18/Mar/2023:11:16:30 +0000] "POST /api/customers HTTP/1.1" 400 697 "-" "Mozilla/5.0 (Windows NT 10.0; Win64; x64; rv:94.0) Gecko/20100101 Firefox/94.0"
192.168.1.2 - chris [18/Mar/2023:11:16:30 +0000] "PUT /api/products HTTP/1.1" 500 693 "-" "Mozilla/5.0 (Macintosh; Intel Mac OS X 10_15_7) AppleWebKit/537.36 (KHTML, like Gecko) Chrome/94.0.4606.81 Safari/537.36"
192.168.1.3 - emily [18/Mar/2023:11:16:30 +0000] "PATCH /api/users" 200 620 "-" "Mozilla/5.0 (Windows NT 10.0; Win64; x64; rv:93.0) Gecko/20100101 Firefox/93.0"
192.168.1.1 - emily [18/Mar/2023:11:16:30 +0000] "PUT /api/invoices HTTP/1.1" 500 447 "-" "Mozilla/5.0 (Macintosh; Intel Mac OS X 10_15_7) AppleWebKit/537.36 (KHTML, like Gecko) Chrome/94.0.4606.81 Safari/537.36"
192.168.1.3 - chris [18/Mar/2023:11:16:30 +0000] "PUT /api/users HTTP/1.1" 401 175 "-" "Mozilla/5.0 (Windows NT 10.0; Win64; x64; rv:94.0) Gecko/20100101 Firefox/94.0"
192.168.1.3 - chris [18/Mar/2023:11:16:30 +0000] "PUT /api/products HTTP/1.1" 500 240 "-" "Mozilla/5.0 (Windows NT 10.0; Win64; x64) AppleWebKit/537.36 (KHTML, like Gecko) Chrome/94.0.4606.81 Safari/537.36"
192.168.1.1 - sarah [18/Mar/2023:11:16:30 +0000] "DELETE /api/orders HTTP/1.1" 404 81 "-" "Mozilla/5.0 (Windows NT 10.0; Win64; x64; rv:94.0) Gecko/20100101 Firefox/94.0"
192.168.1.3 - sarah [18/Mar/2023:11:16:30 +0000] "GET /api/orders HTTP/1.1" 404 495 "-" "Mozilla/5.0 (Macintosh; Intel Mac OS X 10_15_7) AppleWebKit/537.36 (KHTML, like Gecko) Chrome/93.0.4577.63 Safari/537.36"
192.168.1.3 - chris [18/Mar/2023:11:16:30 +0000] "PATCH /api/invoices" 201 284 "-" "Mozilla/5.0 (Windows NT 10.0; Win64; x64) AppleWebKit/537.36 (KHTML, like Gecko) Chrome/93.0.4577.63 Safari/537.36"
192.168.1.4 - john [18/Mar/2023:11:16:30 +0000] "DELETE /api/invoices HTTP/1.1" 200 569 "-" "Mozilla/5.0 (Windows NT 10.0; Win64; x64; rv:93.0) Gecko/20100101 Firefox/93.0"
192.168.1.2 - emily [18/Mar/2023:11:16:30 +0000] "PUT /api/invoices HTTP/1.1" 401 657 "-" "Mozilla/5.0 (Windows NT 10.0; Win64; x64) AppleWebKit/537.36 (KHTML, like Gecko) Chrome/93.0.4577.63 Safari/537.36"
192.168.1.3 - chris [18/Mar/2023:11:16:30 +0000] "PATCH /api/customers" 400 176 "-" "Mozilla/5.0 (Windows NT 10.0; Win64; x64) AppleWebKit/537.36 (KHTML, like Gecko) Chrome/94.0.4606.81 Safari/537.36"
192.168.1.5 - sarah [18/Mar/2023:11:16:30 +0000] "DELETE /api/products HTTP/1.1" 403 888 "-" "Mozilla/5.0 (Macintosh; Intel Mac OS X 10_15_7) AppleWebKit/537.36 (KHTML, like Gecko) Chrome/94.0.4606.81 Safari/537.36"
192.168.1.5 - emily [18/Mar/2023:11:16:30 +0000] "POST /api/invoices HTTP/1.1" 500 697 "-" "Mozilla/5.0 (Windows NT 10.0; Win64; x64) AppleWebKit/537.36 (KHTML, like Gecko) Chrome/93.0.4577.63 Safari/537.36"
192.168.1.5 - chris [18/Mar/2023:11:16:30 +0000] "POST /api/products HTTP/1.1" 401 449 "-" "Mozilla/5.0 (Macintosh; Intel Mac OS X 10_15_7) AppleWebKit/537.36 (KHTML, like Gecko) Chrome/93.0.4577.63 Safari/537.36"
192.168.1.1 - chris [18/Mar/2023:11:16:30 +0000] "PUT /api/users HTTP/1.1" 401 102 "-" "Mozilla/5.0 (Windows NT 10.0; Win64; x64; rv:94.0) Gecko/20100101 Firefox/94.0"
192.168.1.1 - john [18/Mar/2023:11:16:30 +0000] "PATCH /api/customers" 400 489 "-" "Mozilla/5.0 (Windows NT 10.0; Win64; x64; rv:93.0) Gecko/20100101 Firefox/93.0"
192.168.1.3 - chris [18/Mar/2023:11:16:30 +0000] "GET /api/customers HTTP/1.1" 403 721 "-" "Mozilla/5.0 (Windows NT 10.0; Win64; x64; rv:93.0) Gecko/20100101 Firefox/93.0"
192.168.1.1 - sarah [18/Mar/2023:11:16:30 +0000] "PATCH /api/customers" 201 676 "-" "Mozilla/5.0 (Windows NT 10.0; Win64; x64) AppleWebKit/537.36 (KHTML, like Gecko) Chrome/93.0.4577.63 Safari/537.36"
192.168.1.2 - mike [18/Mar/2023:11:16:30 +0000] "DELETE /api/invoices HTTP/1.1" 200 216 "-" "Mozilla/5.0 (Windows NT 10.0; Win64; x64) AppleWebKit/537.36 (KHTML, like Gecko) Chrome/93.0.4577.63 Safari/537.36"
192.168.1.1 - mike [18/Mar/2023:11:16:30 +0000] "PATCH /api/products" 200 816 "-" "Mozilla/5.0 (Windows NT 10.0; Win64; x64) AppleWebKit/537.36 (KHTML, like Gecko) Chrome/93.0.4577.63 Safari/537.36"
192.168.1.4 - john [18/Mar/2023:11:16:30 +0000] "GET /api/customers HTTP/1.1" 401 431 "-" "Mozilla/5.0 (Windows NT 10.0; Win64; x64) AppleWebKit/537.36 (KHTML, like Gecko) Chrome/94.0.4606.81 Safari/537.36"
192.168.1.4 - chris [18/Mar/2023:11:16:30 +0000] "PUT /api/customers HTTP/1.1" 201 380 "-" "Mozilla/5.0 (Windows NT 10.0; Win64; x64) AppleWebKit/537.36 (KHTML, like Gecko) Chrome/94.0.4606.81 Safari/537.36"
192.168.1.2 - mike [18/Mar/2023:11:16:30 +0000] "POST /api/invoices HTTP/1.1" 201 912 "-" "Mozilla/5.0 (Windows NT 10.0; Win64; x64) AppleWebKit/537.36 (KHTML, like Gecko) Chrome/94.0.4606.81 Safari/537.36"
192.168.1.2 - john [18/Mar/2023:11:16:30 +0000] "PATCH /api/users" 201 887 "-" "Mozilla/5.0 (Macintosh; Intel Mac OS X 10_15_7) AppleWebKit/537.36 (KHTML, like Gecko) Chrome/94.0.4606.81 Safari/537.36"
192.168.1.4 - john [18/Mar/2023:11:16:30 +0000] "DELETE /api/users HTTP/1.1" 201 155 "-" "Mozilla/5.0 (Windows NT 10.0; Win64; x64; rv:93.0) Gecko/20100101 Firefox/93.0"
192.168.1.5 - emily [18/Mar/2023:11:16:30 +0000] "PUT /api/users HTTP/1.1" 401 822 "-" "Mozilla/5.0 (Windows NT 10.0; Win64; x64) AppleWebKit/537.36 (KHTML, like Gecko) Chrome/94.0.4606.81 Safari/537.36"
192.168.1.4 - john [18/Mar/2023:11:16:30 +0000] "PATCH /api/users" 401 512 "-" "Mozilla/5.0 (Windows NT 10.0; Win64; x64; rv:93.0) Gecko/20100101 Firefox/93.0"
192.168.1.1 - mike [18/Mar/2023:11:16:30 +0000] "POST /api/users HTTP/1.1" 204 448 "-" "Mozilla/5.0 (Macintosh; Intel Mac OS X 10_15_7) AppleWebKit/537.36 (KHTML, like Gecko) Chrome/94.0.4606.81 Safari/537.36"
192.168.1.4 - john [18/Mar/2023:11:16:30 +0000] "GET /api/customers HTTP/1.1" 204 319 "-" "Mozilla/5.0 (Windows NT 10.0; Win64; x64) AppleWebKit/537.36 (KHTML, like Gecko) Chrome/93.0.4577.63 Safari/537.36"
192.168.1.4 - john [18/Mar/2023:11:16:30 +0000] "PATCH /api/orders" 201 708 "-" "Mozilla/5.0 (Windows NT 10.0; Win64; x64; rv:93.0) Gecko/20100101 Firefox/93.0"
192.168.1.1 - mike [18/Mar/2023:11:16:30 +0000] "POST /api/orders HTTP/1.1" 404 842 "-" "Mozilla/5.0 (Windows NT 10.0; Win64; x64) AppleWebKit/537.36 (KHTML, like Gecko) Chrome/94.0.4606.81 Safari/537.36"
192.168.1.1 - sarah [18/Mar/2023:11:16:30 +0000] "PUT /api/users HTTP/1.1" 404 68 "-" "Mozilla/5.0 (Windows NT 10.0; Win64; x64) AppleWebKit/537.36 (KHTML, like Gecko) Chrome/93.0.4577.63 Safari/537.36"
192.168.1.2 - chris [18/Mar/2023:11:16:30 +0000] "PATCH /api/invoices" 403 563 "-" "Mozilla/5.0 (Windows NT 10.0; Win64; x64) AppleWebKit/537.36 (KHTML, like Gecko) Chrome/93.0.4577.63 Safari/537.36"
192.168.1.5 - emily [18/Mar/2023:11:16:30 +0000] "PATCH /api/customers" 204 170 "-" "Mozilla/5.0 (Macintosh; Intel Mac OS X 10_15_7) AppleWebKit/537.36 (KHTML, like Gecko) Chrome/94.0.4606.81 Safari/537.36"
192.168.1.3 - chris [18/Mar/2023:11:16:30 +0000] "DELETE /api/users HTTP/1.1" 401 331 "-" "Mozilla/5.0 (Windows NT 10.0; Win64; x64; rv:94.0) Gecko/20100101 Firefox/94.0"
192.168.1.3 - emily [18/Mar/2023:11:16:30 +0000] "POST /api/customers HTTP/1.1" 404 356 "-" "Mozilla/5.0 (Windows NT 10.0; Win64; x64) AppleWebKit/537.36 (KHTML, like Gecko) Chrome/94.0.4606.81 Safari/537.36"
192.168.1.3 - chris [18/Mar/2023:11:16:30 +0000] "PUT /api/products HTTP/1.1" 403 477 "-" "Mozilla/5.0 (Macintosh; Intel Mac OS X 10_15_7) AppleWebKit/537.36 (KHTML, like Gecko) Chrome/93.0.4577.63 Safari/537.36"
192.168.1.4 - chris [18/Mar/2023:11:16:30 +0000] "GET /api/products HTTP/1.1" 401 332 "-" "Mozilla/5.0 (Windows NT 10.0; Win64; x64; rv:93.0) Gecko/20100101 Firefox/93.0"
192.168.1.4 - john [18/Mar/2023:11:16:30 +0000] "GET /api/orders HTTP/1.1" 403 546 "-" "Mozilla/5.0 (Windows NT 10.0; Win64; x64; rv:94.0) Gecko/20100101 Firefox/94.0"
192.168.1.3 - john [18/Mar/2023:11:16:30 +0000] "DELETE /api/customers HTTP/1.1" 201 417 "-" "Mozilla/5.0 (Windows NT 10.0; Win64; x64; rv:93.0) Gecko/20100101 Firefox/93.0"
192.168.1.1 - chris [18/Mar/2023:11:16:30 +0000] "POST /api/users HTTP/1.1" 400 534 "-" "Mozilla/5.0 (Macintosh; Intel Mac OS X 10_15_7) AppleWebKit/537.36 (KHTML, like Gecko) Chrome/94.0.4606.81 Safari/537.36"
192.168.1.1 - mike [18/Mar/2023:11:16:30 +0000] "DELETE /api/customers HTTP/1.1" 404 784 "-" "Mozilla/5.0 (Windows NT 10.0; Win64; x64) AppleWebKit/537.36 (KHTML, like Gecko) Chrome/94.0.4606.81 Safari/537.36"
192.168.1.3 - chris [18/Mar/2023:11:16:30 +0000] "POST /api/customers HTTP/1.1" 201 852 "-" "Mozilla/5.0 (Macintosh; Intel Mac OS X 10_15_7) AppleWebKit/537.36 (KHTML, like Gecko) Chrome/94.0.4606.81 Safari/537.36"
192.168.1.4 - chris [18/Mar/2023:11:16:30 +0000] "PATCH /api/invoices" 204 281 "-" "Mozilla/5.0 (Windows NT 10.0; Win64; x64) AppleWebKit/537.36 (KHTML, like Gecko) Chrome/93.0.4577.63 Safari/537.36"
192.168.1.1 - john [18/Mar/2023:11:16:30 +0000] "PUT /api/users HTTP/1.1" 401 919 "-" "Mozilla/5.0 (Windows NT 10.0; Win64; x64; rv:93.0) Gecko/20100101 Firefox/93.0"
192.168.1.1 - chris [18/Mar/2023:11:16:30 +0000] "DELETE /api/products HTTP/1.1" 401 115 "-" "Mozilla/5.0 (Windows NT 10.0; Win64; x64; rv:94.0) Gecko/20100101 Firefox/94.0"
192.168.1.3 - chris [18/Mar/2023:11:16:30 +0000] "POST /api/products HTTP/1.1" 201 76 "-" "Mozilla/5.0 (Windows NT 10.0; Win64; x64; rv:93.0) Gecko/20100101 Firefox/93.0"
192.168.1.2 - chris [18/Mar/2023:11:16:30 +0000] "POST /api/invoices HTTP/1.1" 200 42 "-" "Mozilla/5.0 (Windows NT 10.0; Win64; x64) AppleWebKit/537.36 (KHTML, like Gecko) Chrome/93.0.4577.63 Safari/537.36"
192.168.1.4 - john [18/Mar/2023:11:16:30 +0000] "PUT /api/products HTTP/1.1" 200 937 "-" "Mozilla/5.0 (Windows NT 10.0; Win64; x64) AppleWebKit/537.36 (KHTML, like Gecko) Chrome/93.0.4577.63 Safari/537.36"
192.168.1.3 - john [18/Mar/2023:11:16:30 +0000] "POST /api/users HTTP/1.1" 204 175 "-" "Mozilla/5.0 (Macintosh; Intel Mac OS X 10_15_7) AppleWebKit/537.36 (KHTML, like Gecko) Chrome/93.0.4577.63 Safari/537.36"
192.168.1.2 - john [18/Mar/2023:11:16:30 +0000] "POST /api/users HTTP/1.1" 204 150 "-" "Mozilla/5.0 (Windows NT 10.0; Win64; x64) AppleWebKit/537.36 (KHTML, like Gecko) Chrome/94.0.4606.81 Safari/537.36"
192.168.1.2 - john [18/Mar/2023:11:16:30 +0000] "POST /api/invoices HTTP/1.1" 404 942 "-" "Mozilla/5.0 (Windows NT 10.0; Win64; x64; rv:93.0) Gecko/20100101 Firefox/93.0"
192.168.1.2 - mike [18/Mar/2023:11:16:30 +0000] "DELETE /api/products HTTP/1.1" 200 686 "-" "Mozilla/5.0 (Windows NT 10.0; Win64; x64) AppleWebKit/537.36 (KHTML, like Gecko) Chrome/93.0.4577.63 Safari/537.36"
192.168.1.4 - emily [18/Mar/2023:11:16:30 +0000] "GET /api/orders HTTP/1.1" 204 56 "-" "Mozilla/5.0 (Windows NT 10.0; Win64; x64; rv:93.0) Gecko/20100101 Firefox/93.0"
192.168.1.1 - chris [18/Mar/2023:11:16:30 +0000] "DELETE /api/products HTTP/1.1" 404 725 "-" "Mozilla/5.0 (Macintosh; Intel Mac OS X 10_15_7) AppleWebKit/537.36 (KHTML, like Gecko) Chrome/93.0.4577.63 Safari/537.36"
192.168.1.2 - sarah [18/Mar/2023:11:16:30 +0000] "POST /api/products HTTP/1.1" 404 473 "-" "Mozilla/5.0 (Macintosh; Intel Mac OS X 10_15_7) AppleWebKit/537.36 (KHTML, like Gecko) Chrome/94.0.4606.81 Safari/537.36"
192.168.1.4 - john [18/Mar/2023:11:16:30 +0000] "PATCH /api/invoices" 401 816 "-" "Mozilla/5.0 (Windows NT 10.0; Win64; x64) AppleWebKit/537.36 (KHTML, like Gecko) Chrome/94.0.4606.81 Safari/537.36"
192.168.1.5 - chris [18/Mar/2023:11:16:30 +0000] "POST /api/orders HTTP/1.1" 403 455 "-" "Mozilla/5.0 (Windows NT 10.0; Win64; x64) AppleWebKit/537.36 (KHTML, like Gecko) Chrome/94.0.4606.81 Safari/537.36"
192.168.1.2 - sarah [18/Mar/2023:11:16:30 +0000] "POST /api/users HTTP/1.1" 401 931 "-" "Mozilla/5.0 (Windows NT 10.0; Win64; x64; rv:94.0) Gecko/20100101 Firefox/94.0"
192.168.1.5 - emily [18/Mar/2023:11:16:30 +0000] "PUT /api/invoices HTTP/1.1" 401 813 "-" "Mozilla/5.0 (Windows NT 10.0; Win64; x64; rv:93.0) Gecko/20100101 Firefox/93.0"
192.168.1.3 - sarah [18/Mar/2023:11:16:30 +0000] "POST /api/orders HTTP/1.1" 500 991 "-" "Mozilla/5.0 (Windows NT 10.0; Win64; x64; rv:93.0) Gecko/20100101 Firefox/93.0"
192.168.1.5 - sarah [18/Mar/2023:11:16:30 +0000] "DELETE /api/customers HTTP/1.1" 404 278 "-" "Mozilla/5.0 (Macintosh; Intel Mac OS X 10_15_7) AppleWebKit/537.36 (KHTML, like Gecko) Chrome/93.0.4577.63 Safari/537.36"
192.168.1.5 - emily [18/Mar/2023:11:16:30 +0000] "GET /api/users HTTP/1.1" 404 235 "-" "Mozilla/5.0 (Windows NT 10.0; Win64; x64; rv:94.0) Gecko/20100101 Firefox/94.0"
192.168.1.3 - chris [18/Mar/2023:11:16:30 +0000] "PATCH /api/customers" 404 980 "-" "Mozilla/5.0 (Macintosh; Intel Mac OS X 10_15_7) AppleWebKit/537.36 (KHTML, like Gecko) Chrome/93.0.4577.63 Safari/537.36"
192.168.1.5 - emily [18/Mar/2023:11:16:30 +0000] "DELETE /api/orders HTTP/1.1" 201 956 "-" "Mozilla/5.0 (Macintosh; Intel Mac OS X 10_15_7) AppleWebKit/537.36 (KHTML, like Gecko) Chrome/94.0.4606.81 Safari/537.36"
192.168.1.3 - chris [18/Mar/2023:11:16:30 +0000] "DELETE /api/customers HTTP/1.1" 204 621 "-" "Mozilla/5.0 (Macintosh; Intel Mac OS X 10_15_7) AppleWebKit/537.36 (KHTML, like Gecko) Chrome/93.0.4577.63 Safari/537.36"
192.168.1.4 - john [18/Mar/2023:11:16:30 +0000] "DELETE /api/orders HTTP/1.1" 201 752 "-" "Mozilla/5.0 (Windows NT 10.0; Win64; x64; rv:94.0) Gecko/20100101 Firefox/94.0"
192.168.1.2 - john [18/Mar/2023:11:16:30 +0000] "GET /api/products HTTP/1.1" 404 775 "-" "Mozilla/5.0 (Windows NT 10.0; Win64; x64) AppleWebKit/537.36 (KHTML, like Gecko) Chrome/94.0.4606.81 Safari/537.36"
192.168.1.3 - emily [18/Mar/2023:11:16:30 +0000] "PATCH /api/customers" 404 70 "-" "Mozilla/5.0 (Macintosh; Intel Mac OS X 10_15_7) AppleWebKit/537.36 (KHTML, like Gecko) Chrome/93.0.4577.63 Safari/537.36"
192.168.1.4 - sarah [18/Mar/2023:11:16:30 +0000] "DELETE /api/products HTTP/1.1" 400 96 "-" "Mozilla/5.0 (Macintosh; Intel Mac OS X 10_15_7) AppleWebKit/537.36 (KHTML, like Gecko) Chrome/94.0.4606.81 Safari/537.36"
192.168.1.5 - john [18/Mar/2023:11:16:30 +0000] "PUT /api/invoices HTTP/1.1" 401 693 "-" "Mozilla/5.0 (Windows NT 10.0; Win64; x64; rv:93.0) Gecko/20100101 Firefox/93.0"
192.168.1.2 - john [18/Mar/2023:11:16:30 +0000] "PUT /api/invoices HTTP/1.1" 200 546 "-" "Mozilla/5.0 (Windows NT 10.0; Win64; x64) AppleWebKit/537.36 (KHTML, like Gecko) Chrome/94.0.4606.81 Safari/537.36"
192.168.1.4 - emily [18/Mar/2023:11:16:30 +0000] "PATCH /api/orders" 403 765 "-" "Mozilla/5.0 (Macintosh; Intel Mac OS X 10_15_7) AppleWebKit/537.36 (KHTML, like Gecko) Chrome/93.0.4577.63 Safari/537.36"
192.168.1.2 - mike [18/Mar/2023:11:16:30 +0000] "PATCH /api/invoices" 403 364 "-" "Mozilla/5.0 (Windows NT 10.0; Win64; x64; rv:93.0) Gecko/20100101 Firefox/93.0"
192.168.1.5 - chris [18/Mar/2023:11:16:30 +0000] "DELETE /api/customers HTTP/1.1" 404 926 "-" "Mozilla/5.0 (Macintosh; Intel Mac OS X 10_15_7) AppleWebKit/537.36 (KHTML, like Gecko) Chrome/93.0.4577.63 Safari/537.36"
192.168.1.1 - john [18/Mar/2023:11:16:30 +0000] "PUT /api/orders HTTP/1.1" 403 309 "-" "Mozilla/5.0 (Windows NT 10.0; Win64; x64) AppleWebKit/537.36 (KHTML, like Gecko) Chrome/93.0.4577.63 Safari/537.36"
192.168.1.1 - john [18/Mar/2023:11:16:30 +0000] "PUT /api/customers HTTP/1.1" 204 960 "-" "Mozilla/5.0 (Windows NT 10.0; Win64; x64) AppleWebKit/537.36 (KHTML, like Gecko) Chrome/94.0.4606.81 Safari/537.36"
192.168.1.2 - john [18/Mar/2023:11:16:30 +0000] "DELETE /api/products HTTP/1.1" 401 94 "-" "Mozilla/5.0 (Windows NT 10.0; Win64; x64; rv:93.0) Gecko/20100101 Firefox/93.0"
192.168.1.5 - emily [18/Mar/2023:11:16:30 +0000] "PUT /api/orders HTTP/1.1" 204 261 "-" "Mozilla/5.0 (Windows NT 10.0; Win64; x64) AppleWebKit/537.36 (KHTML, like Gecko) Chrome/93.0.4577.63 Safari/537.36"
192.168.1.1 - emily [18/Mar/2023:11:16:30 +0000] "GET /api/invoices HTTP/1.1" 404 587 "-" "Mozilla/5.0 (Macintosh; Intel Mac OS X 10_15_7) AppleWebKit/537.36 (KHTML, like Gecko) Chrome/93.0.4577.63 Safari/537.36"
192.168.1.4 - mike [18/Mar/2023:11:16:30 +0000] "PUT /api/products HTTP/1.1" 404 980 "-" "Mozilla/5.0 (Windows NT 10.0; Win64; x64) AppleWebKit/537.36 (KHTML, like Gecko) Chrome/93.0.4577.63 Safari/537.36"
192.168.1.4 - mike [18/Mar/2023:11:16:30 +0000] "PUT /api/users HTTP/1.1" 201 343 "-" "Mozilla/5.0 (Windows NT 10.0; Win64; x64; rv:93.0) Gecko/20100101 Firefox/93.0"
192.168.1.2 - mike [18/Mar/2023:11:16:30 +0000] "PUT /api/customers HTTP/1.1" 404 137 "-" "Mozilla/5.0 (Macintosh; Intel Mac OS X 10_15_7) AppleWebKit/537.36 (KHTML, like Gecko) Chrome/93.0.4577.63 Safari/537.36"
192.168.1.5 - mike [18/Mar/2023:11:16:30 +0000] "GET /api/invoices HTTP/1.1" 204 245 "-" "Mozilla/5.0 (Windows NT 10.0; Win64; x64) AppleWebKit/537.36 (KHTML, like Gecko) Chrome/93.0.4577.63 Safari/537.36"
192.168.1.1 - sarah [18/Mar/2023:11:16:30 +0000] "PATCH /api/orders" 400 328 "-" "Mozilla/5.0 (Macintosh; Intel Mac OS X 10_15_7) AppleWebKit/537.36 (KHTML, like Gecko) Chrome/94.0.4606.81 Safari/537.36"
192.168.1.4 - sarah [18/Mar/2023:11:16:30 +0000] "PATCH /api/customers" 200 788 "-" "Mozilla/5.0 (Macintosh; Intel Mac OS X 10_15_7) AppleWebKit/537.36 (KHTML, like Gecko) Chrome/94.0.4606.81 Safari/537.36"
192.168.1.3 - john [18/Mar/2023:11:16:30 +0000] "DELETE /api/products HTTP/1.1" 500 154 "-" "Mozilla/5.0 (Windows NT 10.0; Win64; x64) AppleWebKit/537.36 (KHTML, like Gecko) Chrome/94.0.4606.81 Safari/537.36"
192.168.1.3 - emily [18/Mar/2023:11:16:30 +0000] "GET /api/customers HTTP/1.1" 201 668 "-" "Mozilla/5.0 (Windows NT 10.0; Win64; x64; rv:93.0) Gecko/20100101 Firefox/93.0"
192.168.1.2 - mike [18/Mar/2023:11:16:30 +0000] "PATCH /api/customers" 403 417 "-" "Mozilla/5.0 (Macintosh; Intel Mac OS X 10_15_7) AppleWebKit/537.36 (KHTML, like Gecko) Chrome/93.0.4577.63 Safari/537.36"
192.168.1.5 - emily [18/Mar/2023:11:16:30 +0000] "POST /api/customers HTTP/1.1" 204 722 "-" "Mozilla/5.0 (Windows NT 10.0; Win64; x64; rv:93.0) Gecko/20100101 Firefox/93.0"
192.168.1.4 - chris [18/Mar/2023:11:16:30 +0000] "GET /api/invoices HTTP/1.1" 403 162 "-" "Mozilla/5.0 (Windows NT 10.0; Win64; x64; rv:94.0) Gecko/20100101 Firefox/94.0"
192.168.1.5 - mike [18/Mar/2023:11:16:30 +0000] "GET /api/customers HTTP/1.1" 404 987 "-" "Mozilla/5.0 (Windows NT 10.0; Win64; x64) AppleWebKit/537.36 (KHTML, like Gecko) Chrome/94.0.4606.81 Safari/537.36"
192.168.1.3 - emily [18/Mar/2023:11:16:30 +0000] "DELETE /api/invoices HTTP/1.1" 500 466 "-" "Mozilla/5.0 (Windows NT 10.0; Win64; x64; rv:93.0) Gecko/20100101 Firefox/93.0"
192.168.1.5 - chris [18/Mar/2023:11:16:30 +0000] "PUT /api/customers HTTP/1.1" 201 714 "-" "Mozilla/5.0 (Macintosh; Intel Mac OS X 10_15_7) AppleWebKit/537.36 (KHTML, like Gecko) Chrome/93.0.4577.63 Safari/537.36"
192.168.1.4 - john [18/Mar/2023:11:16:30 +0000] "GET /api/customers HTTP/1.1" 204 368 "-" "Mozilla/5.0 (Macintosh; Intel Mac OS X 10_15_7) AppleWebKit/537.36 (KHTML, like Gecko) Chrome/93.0.4577.63 Safari/537.36"
192.168.1.4 - mike [18/Mar/2023:11:16:30 +0000] "DELETE /api/products HTTP/1.1" 201 688 "-" "Mozilla/5.0 (Macintosh; Intel Mac OS X 10_15_7) AppleWebKit/537.36 (KHTML, like Gecko) Chrome/93.0.4577.63 Safari/537.36"
192.168.1.3 - emily [18/Mar/2023:11:16:30 +0000] "PATCH /api/customers" 403 723 "-" "Mozilla/5.0 (Windows NT 10.0; Win64; x64) AppleWebKit/537.36 (KHTML, like Gecko) Chrome/93.0.4577.63 Safari/537.36"
192.168.1.4 - john [18/Mar/2023:11:16:30 +0000] "PATCH /api/products" 400 820 "-" "Mozilla/5.0 (Windows NT 10.0; Win64; x64) AppleWebKit/537.36 (KHTML, like Gecko) Chrome/94.0.4606.81 Safari/537.36"
192.168.1.4 - john [18/Mar/2023:11:16:30 +0000] "PATCH /api/users" 404 114 "-" "Mozilla/5.0 (Macintosh; Intel Mac OS X 10_15_7) AppleWebKit/537.36 (KHTML, like Gecko) Chrome/94.0.4606.81 Safari/537.36"
192.168.1.1 - mike [18/Mar/2023:11:16:30 +0000] "DELETE /api/products HTTP/1.1" 204 515 "-" "Mozilla/5.0 (Windows NT 10.0; Win64; x64) AppleWebKit/537.36 (KHTML, like Gecko) Chrome/93.0.4577.63 Safari/537.36"
192.168.1.4 - chris [18/Mar/2023:11:16:30 +0000] "PATCH /api/orders" 403 489 "-" "Mozilla/5.0 (Windows NT 10.0; Win64; x64; rv:93.0) Gecko/20100101 Firefox/93.0"
192.168.1.4 - mike [18/Mar/2023:11:16:30 +0000] "PATCH /api/orders" 404 948 "-" "Mozilla/5.0 (Windows NT 10.0; Win64; x64) AppleWebKit/537.36 (KHTML, like Gecko) Chrome/94.0.4606.81 Safari/537.36"
192.168.1.3 - emily [18/Mar/2023:11:16:30 +0000] "DELETE /api/products HTTP/1.1" 201 154 "-" "Mozilla/5.0 (Windows NT 10.0; Win64; x64) AppleWebKit/537.36 (KHTML, like Gecko) Chrome/93.0.4577.63 Safari/537.36"
192.168.1.2 - emily [18/Mar/2023:11:16:30 +0000] "POST /api/invoices HTTP/1.1" 500 328 "-" "Mozilla/5.0 (Windows NT 10.0; Win64; x64; rv:94.0) Gecko/20100101 Firefox/94.0"
192.168.1.4 - emily [18/Mar/2023:11:16:30 +0000] "DELETE /api/users HTTP/1.1" 201 488 "-" "Mozilla/5.0 (Windows NT 10.0; Win64; x64) AppleWebKit/537.36 (KHTML, like Gecko) Chrome/93.0.4577.63 Safari/537.36"
192.168.1.3 - mike [18/Mar/2023:11:16:30 +0000] "DELETE /api/invoices HTTP/1.1" 401 201 "-" "Mozilla/5.0 (Macintosh; Intel Mac OS X 10_15_7) AppleWebKit/537.36 (KHTML, like Gecko) Chrome/93.0.4577.63 Safari/537.36"
192.168.1.4 - mike [18/Mar/2023:11:16:30 +0000] "GET /api/invoices HTTP/1.1" 400 254 "-" "Mozilla/5.0 (Macintosh; Intel Mac OS X 10_15_7) AppleWebKit/537.36 (KHTML, like Gecko) Chrome/93.0.4577.63 Safari/537.36"
192.168.1.2 - john [18/Mar/2023:11:16:30 +0000] "PATCH /api/orders" 404 583 "-" "Mozilla/5.0 (Windows NT 10.0; Win64; x64) AppleWebKit/537.36 (KHTML, like Gecko) Chrome/94.0.4606.81 Safari/537.36"
192.168.1.1 - chris [18/Mar/2023:11:16:30 +0000] "PUT /api/products HTTP/1.1" 204 654 "-" "Mozilla/5.0 (Windows NT 10.0; Win64; x64) AppleWebKit/537.36 (KHTML, like Gecko) Chrome/94.0.4606.81 Safari/537.36"
192.168.1.1 - sarah [18/Mar/2023:11:16:30 +0000] "PATCH /api/orders" 201 733 "-" "Mozilla/5.0 (Windows NT 10.0; Win64; x64) AppleWebKit/537.36 (KHTML, like Gecko) Chrome/94.0.4606.81 Safari/537.36"
192.168.1.4 - sarah [18/Mar/2023:11:16:30 +0000] "PUT /api/orders HTTP/1.1" 200 987 "-" "Mozilla/5.0 (Windows NT 10.0; Win64; x64) AppleWebKit/537.36 (KHTML, like Gecko) Chrome/93.0.4577.63 Safari/537.36"
192.168.1.4 - john [18/Mar/2023:11:16:30 +0000] "GET /api/customers HTTP/1.1" 404 929 "-" "Mozilla/5.0 (Windows NT 10.0; Win64; x64; rv:94.0) Gecko/20100101 Firefox/94.0"
192.168.1.1 - mike [18/Mar/2023:11:16:30 +0000] "PATCH /api/invoices" 403 609 "-" "Mozilla/5.0 (Macintosh; Intel Mac OS X 10_15_7) AppleWebKit/537.36 (KHTML, like Gecko) Chrome/94.0.4606.81 Safari/537.36"
192.168.1.1 - john [18/Mar/2023:11:16:30 +0000] "GET /api/users HTTP/1.1" 401 406 "-" "Mozilla/5.0 (Windows NT 10.0; Win64; x64; rv:94.0) Gecko/20100101 Firefox/94.0"
192.168.1.2 - mike [18/Mar/2023:11:16:30 +0000] "POST /api/customers HTTP/1.1" 200 272 "-" "Mozilla/5.0 (Windows NT 10.0; Win64; x64; rv:93.0) Gecko/20100101 Firefox/93.0"
192.168.1.1 - john [18/Mar/2023:11:16:30 +0000] "PATCH /api/users" 500 960 "-" "Mozilla/5.0 (Windows NT 10.0; Win64; x64; rv:94.0) Gecko/20100101 Firefox/94.0"
192.168.1.5 - john [18/Mar/2023:11:16:30 +0000] "PATCH /api/orders" 401 118 "-" "Mozilla/5.0 (Windows NT 10.0; Win64; x64) AppleWebKit/537.36 (KHTML, like Gecko) Chrome/93.0.4577.63 Safari/537.36"
192.168.1.2 - john [18/Mar/2023:11:16:30 +0000] "POST /api/users HTTP/1.1" 201 280 "-" "Mozilla/5.0 (Windows NT 10.0; Win64; x64) AppleWebKit/537.36 (KHTML, like Gecko) Chrome/94.0.4606.81 Safari/537.36"
192.168.1.2 - mike [18/Mar/2023:11:16:30 +0000] "DELETE /api/invoices HTTP/1.1" 201 105 "-" "Mozilla/5.0 (Windows NT 10.0; Win64; x64; rv:93.0) Gecko/20100101 Firefox/93.0"
192.168.1.5 - sarah [18/Mar/2023:11:16:30 +0000] "PATCH /api/users" 201 129 "-" "Mozilla/5.0 (Windows NT 10.0; Win64; x64) AppleWebKit/537.36 (KHTML, like Gecko) Chrome/93.0.4577.63 Safari/537.36"
192.168.1.3 - sarah [18/Mar/2023:11:16:30 +0000] "POST /api/orders HTTP/1.1" 401 999 "-" "Mozilla/5.0 (Windows NT 10.0; Win64; x64) AppleWebKit/537.36 (KHTML, like Gecko) Chrome/94.0.4606.81 Safari/537.36"
192.168.1.1 - sarah [18/Mar/2023:11:16:30 +0000] "PATCH /api/products" 201 391 "-" "Mozilla/5.0 (Macintosh; Intel Mac OS X 10_15_7) AppleWebKit/537.36 (KHTML, like Gecko) Chrome/94.0.4606.81 Safari/537.36"
192.168.1.3 - john [18/Mar/2023:11:16:30 +0000] "POST /api/users HTTP/1.1" 401 674 "-" "Mozilla/5.0 (Windows NT 10.0; Win64; x64; rv:93.0) Gecko/20100101 Firefox/93.0"
192.168.1.4 - chris [18/Mar/2023:11:16:30 +0000] "GET /api/customers HTTP/1.1" 204 987 "-" "Mozilla/5.0 (Windows NT 10.0; Win64; x64) AppleWebKit/537.36 (KHTML, like Gecko) Chrome/94.0.4606.81 Safari/537.36"
192.168.1.1 - john [18/Mar/2023:11:16:30 +0000] "PUT /api/products HTTP/1.1" 403 968 "-" "Mozilla/5.0 (Windows NT 10.0; Win64; x64; rv:94.0) Gecko/20100101 Firefox/94.0"
192.168.1.1 - sarah [18/Mar/2023:11:16:30 +0000] "POST /api/users HTTP/1.1" 401 391 "-" "Mozilla/5.0 (Macintosh; Intel Mac OS X 10_15_7) AppleWebKit/537.36 (KHTML, like Gecko) Chrome/93.0.4577.63 Safari/537.36"
192.168.1.4 - sarah [18/Mar/2023:11:16:30 +0000] "PUT /api/invoices HTTP/1.1" 204 66 "-" "Mozilla/5.0 (Macintosh; Intel Mac OS X 10_15_7) AppleWebKit/537.36 (KHTML, like Gecko) Chrome/93.0.4577.63 Safari/537.36"
192.168.1.4 - sarah [18/Mar/2023:11:16:30 +0000] "PATCH /api/products" 400 411 "-" "Mozilla/5.0 (Macintosh; Intel Mac OS X 10_15_7) AppleWebKit/537.36 (KHTML, like Gecko) Chrome/94.0.4606.81 Safari/537.36"
192.168.1.4 - mike [18/Mar/2023:11:16:30 +0000] "DELETE /api/users HTTP/1.1" 401 532 "-" "Mozilla/5.0 (Windows NT 10.0; Win64; x64) AppleWebKit/537.36 (KHTML, like Gecko) Chrome/93.0.4577.63 Safari/537.36"
192.168.1.3 - sarah [18/Mar/2023:11:16:30 +0000] "DELETE /api/invoices HTTP/1.1" 204 373 "-" "Mozilla/5.0 (Macintosh; Intel Mac OS X 10_15_7) AppleWebKit/537.36 (KHTML, like Gecko) Chrome/93.0.4577.63 Safari/537.36"
192.168.1.5 - chris [18/Mar/2023:11:16:30 +0000] "DELETE /api/orders HTTP/1.1" 404 459 "-" "Mozilla/5.0 (Windows NT 10.0; Win64; x64) AppleWebKit/537.36 (KHTML, like Gecko) Chrome/93.0.4577.63 Safari/537.36"
192.168.1.2 - sarah [18/Mar/2023:11:16:30 +0000] "POST /api/invoices HTTP/1.1" 500 159 "-" "Mozilla/5.0 (Macintosh; Intel Mac OS X 10_15_7) AppleWebKit/537.36 (KHTML, like Gecko) Chrome/93.0.4577.63 Safari/537.36"
192.168.1.4 - sarah [18/Mar/2023:11:16:30 +0000] "GET /api/orders HTTP/1.1" 200 581 "-" "Mozilla/5.0 (Windows NT 10.0; Win64; x64; rv:94.0) Gecko/20100101 Firefox/94.0"
192.168.1.3 - mike [18/Mar/2023:11:16:30 +0000] "GET /api/invoices HTTP/1.1" 403 559 "-" "Mozilla/5.0 (Windows NT 10.0; Win64; x64) AppleWebKit/537.36 (KHTML, like Gecko) Chrome/94.0.4606.81 Safari/537.36"
192.168.1.3 - emily [18/Mar/2023:11:16:30 +0000] "POST /api/users HTTP/1.1" 200 965 "-" "Mozilla/5.0 (Windows NT 10.0; Win64; x64) AppleWebKit/537.36 (KHTML, like Gecko) Chrome/93.0.4577.63 Safari/537.36"
192.168.1.3 - emily [18/Mar/2023:11:16:30 +0000] "PUT /api/products HTTP/1.1" 500 420 "-" "Mozilla/5.0 (Windows NT 10.0; Win64; x64) AppleWebKit/537.36 (KHTML, like Gecko) Chrome/94.0.4606.81 Safari/537.36"
192.168.1.5 - mike [18/Mar/2023:11:16:30 +0000] "PUT /api/products HTTP/1.1" 401 218 "-" "Mozilla/5.0 (Windows NT 10.0; Win64; x64) AppleWebKit/537.36 (KHTML, like Gecko) Chrome/94.0.4606.81 Safari/537.36"
192.168.1.4 - chris [18/Mar/2023:11:16:30 +0000] "POST /api/invoices HTTP/1.1" 404 579 "-" "Mozilla/5.0 (Windows NT 10.0; Win64; x64; rv:94.0) Gecko/20100101 Firefox/94.0"
192.168.1.4 - sarah [18/Mar/2023:11:16:30 +0000] "GET /api/customers HTTP/1.1" 404 397 "-" "Mozilla/5.0 (Windows NT 10.0; Win64; x64) AppleWebKit/537.36 (KHTML, like Gecko) Chrome/94.0.4606.81 Safari/537.36"
192.168.1.5 - emily [18/Mar/2023:11:16:30 +0000] "PUT /api/invoices HTTP/1.1" 400 933 "-" "Mozilla/5.0 (Windows NT 10.0; Win64; x64) AppleWebKit/537.36 (KHTML, like Gecko) Chrome/94.0.4606.81 Safari/537.36"
192.168.1.2 - mike [18/Mar/2023:11:16:30 +0000] "DELETE /api/customers HTTP/1.1" 204 442 "-" "Mozilla/5.0 (Macintosh; Intel Mac OS X 10_15_7) AppleWebKit/537.36 (KHTML, like Gecko) Chrome/94.0.4606.81 Safari/537.36"
192.168.1.4 - mike [18/Mar/2023:11:16:30 +0000] "DELETE /api/customers HTTP/1.1" 403 232 "-" "Mozilla/5.0 (Windows NT 10.0; Win64; x64; rv:93.0) Gecko/20100101 Firefox/93.0"
192.168.1.2 - chris [18/Mar/2023:11:16:30 +0000] "POST /api/invoices HTTP/1.1" 401 653 "-" "Mozilla/5.0 (Windows NT 10.0; Win64; x64) AppleWebKit/537.36 (KHTML, like Gecko) Chrome/94.0.4606.81 Safari/537.36"
192.168.1.1 - sarah [18/Mar/2023:11:16:30 +0000] "POST /api/products HTTP/1.1" 400 871 "-" "Mozilla/5.0 (Macintosh; Intel Mac OS X 10_15_7) AppleWebKit/537.36 (KHTML, like Gecko) Chrome/93.0.4577.63 Safari/537.36"
192.168.1.3 - sarah [18/Mar/2023:11:16:30 +0000] "GET /api/products HTTP/1.1" 500 997 "-" "Mozilla/5.0 (Windows NT 10.0; Win64; x64) AppleWebKit/537.36 (KHTML, like Gecko) Chrome/93.0.4577.63 Safari/537.36"
192.168.1.1 - emily [18/Mar/2023:11:16:30 +0000] "DELETE /api/invoices HTTP/1.1" 204 388 "-" "Mozilla/5.0 (Windows NT 10.0; Win64; x64) AppleWebKit/537.36 (KHTML, like Gecko) Chrome/94.0.4606.81 Safari/537.36"
192.168.1.3 - emily [18/Mar/2023:11:16:30 +0000] "GET /api/users HTTP/1.1" 401 503 "-" "Mozilla/5.0 (Windows NT 10.0; Win64; x64; rv:94.0) Gecko/20100101 Firefox/94.0"
192.168.1.2 - mike [18/Mar/2023:11:16:30 +0000] "POST /api/customers HTTP/1.1" 200 115 "-" "Mozilla/5.0 (Windows NT 10.0; Win64; x64; rv:93.0) Gecko/20100101 Firefox/93.0"
192.168.1.1 - sarah [18/Mar/2023:11:16:30 +0000] "GET /api/orders HTTP/1.1" 404 145 "-" "Mozilla/5.0 (Windows NT 10.0; Win64; x64) AppleWebKit/537.36 (KHTML, like Gecko) Chrome/94.0.4606.81 Safari/537.36"
192.168.1.1 - chris [18/Mar/2023:11:16:30 +0000] "PUT /api/products HTTP/1.1" 204 342 "-" "Mozilla/5.0 (Windows NT 10.0; Win64; x64; rv:94.0) Gecko/20100101 Firefox/94.0"
192.168.1.1 - emily [18/Mar/2023:11:16:30 +0000] "DELETE /api/customers HTTP/1.1" 404 87 "-" "Mozilla/5.0 (Windows NT 10.0; Win64; x64; rv:93.0) Gecko/20100101 Firefox/93.0"
192.168.1.4 - chris [18/Mar/2023:11:16:30 +0000] "GET /api/invoices HTTP/1.1" 204 764 "-" "Mozilla/5.0 (Macintosh; Intel Mac OS X 10_15_7) AppleWebKit/537.36 (KHTML, like Gecko) Chrome/94.0.4606.81 Safari/537.36"
192.168.1.3 - emily [18/Mar/2023:11:16:30 +0000] "POST /api/users HTTP/1.1" 201 272 "-" "Mozilla/5.0 (Macintosh; Intel Mac OS X 10_15_7) AppleWebKit/537.36 (KHTML, like Gecko) Chrome/94.0.4606.81 Safari/537.36"
192.168.1.2 - mike [18/Mar/2023:11:16:30 +0000] "GET /api/users HTTP/1.1" 400 23 "-" "Mozilla/5.0 (Macintosh; Intel Mac OS X 10_15_7) AppleWebKit/537.36 (KHTML, like Gecko) Chrome/93.0.4577.63 Safari/537.36"
192.168.1.3 - chris [18/Mar/2023:11:16:30 +0000] "POST /api/orders HTTP/1.1" 400 212 "-" "Mozilla/5.0 (Windows NT 10.0; Win64; x64) AppleWebKit/537.36 (KHTML, like Gecko) Chrome/93.0.4577.63 Safari/537.36"
192.168.1.4 - chris [18/Mar/2023:11:16:30 +0000] "PATCH /api/customers" 401 314 "-" "Mozilla/5.0 (Macintosh; Intel Mac OS X 10_15_7) AppleWebKit/537.36 (KHTML, like Gecko) Chrome/94.0.4606.81 Safari/537.36"
192.168.1.1 - mike [18/Mar/2023:11:16:30 +0000] "DELETE /api/invoices HTTP/1.1" 500 508 "-" "Mozilla/5.0 (Windows NT 10.0; Win64; x64; rv:93.0) Gecko/20100101 Firefox/93.0"
192.168.1.3 - john [18/Mar/2023:11:16:30 +0000] "PATCH /api/products" 200 944 "-" "Mozilla/5.0 (Macintosh; Intel Mac OS X 10_15_7) AppleWebKit/537.36 (KHTML, like Gecko) Chrome/93.0.4577.63 Safari/537.36"
192.168.1.2 - john [18/Mar/2023:11:16:30 +0000] "PUT /api/orders HTTP/1.1" 201 699 "-" "Mozilla/5.0 (Windows NT 10.0; Win64; x64) AppleWebKit/537.36 (KHTML, like Gecko) Chrome/94.0.4606.81 Safari/537.36"
192.168.1.5 - emily [18/Mar/2023:11:16:30 +0000] "POST /api/invoices HTTP/1.1" 200 938 "-" "Mozilla/5.0 (Windows NT 10.0; Win64; x64) AppleWebKit/537.36 (KHTML, like Gecko) Chrome/94.0.4606.81 Safari/537.36"
192.168.1.4 - john [18/Mar/2023:11:16:30 +0000] "PUT /api/users HTTP/1.1" 403 714 "-" "Mozilla/5.0 (Windows NT 10.0; Win64; x64; rv:93.0) Gecko/20100101 Firefox/93.0"
192.168.1.2 - sarah [18/Mar/2023:11:16:30 +0000] "DELETE /api/orders HTTP/1.1" 401 450 "-" "Mozilla/5.0 (Windows NT 10.0; Win64; x64) AppleWebKit/537.36 (KHTML, like Gecko) Chrome/94.0.4606.81 Safari/537.36"
192.168.1.1 - mike [18/Mar/2023:11:16:30 +0000] "DELETE /api/customers HTTP/1.1" 400 251 "-" "Mozilla/5.0 (Windows NT 10.0; Win64; x64) AppleWebKit/537.36 (KHTML, like Gecko) Chrome/94.0.4606.81 Safari/537.36"
192.168.1.4 - sarah [18/Mar/2023:11:16:30 +0000] "PUT /api/products HTTP/1.1" 401 499 "-" "Mozilla/5.0 (Windows NT 10.0; Win64; x64) AppleWebKit/537.36 (KHTML, like Gecko) Chrome/94.0.4606.81 Safari/537.36"
192.168.1.3 - mike [18/Mar/2023:11:16:30 +0000] "PUT /api/orders HTTP/1.1" 201 31 "-" "Mozilla/5.0 (Windows NT 10.0; Win64; x64) AppleWebKit/537.36 (KHTML, like Gecko) Chrome/94.0.4606.81 Safari/537.36"
192.168.1.1 - mike [18/Mar/2023:11:16:30 +0000] "PUT /api/invoices HTTP/1.1" 204 475 "-" "Mozilla/5.0 (Windows NT 10.0; Win64; x64; rv:94.0) Gecko/20100101 Firefox/94.0"
192.168.1.2 - emily [18/Mar/2023:11:16:30 +0000] "PUT /api/invoices HTTP/1.1" 403 751 "-" "Mozilla/5.0 (Windows NT 10.0; Win64; x64; rv:93.0) Gecko/20100101 Firefox/93.0"
192.168.1.4 - mike [18/Mar/2023:11:16:30 +0000] "GET /api/users HTTP/1.1" 401 339 "-" "Mozilla/5.0 (Windows NT 10.0; Win64; x64) AppleWebKit/537.36 (KHTML, like Gecko) Chrome/93.0.4577.63 Safari/537.36"
192.168.1.3 - mike [18/Mar/2023:11:16:30 +0000] "PATCH /api/orders" 404 788 "-" "Mozilla/5.0 (Windows NT 10.0; Win64; x64) AppleWebKit/537.36 (KHTML, like Gecko) Chrome/93.0.4577.63 Safari/537.36"
192.168.1.1 - mike [18/Mar/2023:11:16:30 +0000] "PUT /api/invoices HTTP/1.1" 403 720 "-" "Mozilla/5.0 (Macintosh; Intel Mac OS X 10_15_7) AppleWebKit/537.36 (KHTML, like Gecko) Chrome/94.0.4606.81 Safari/537.36"
192.168.1.1 - sarah [18/Mar/2023:11:16:30 +0000] "PUT /api/products HTTP/1.1" 401 519 "-" "Mozilla/5.0 (Macintosh; Intel Mac OS X 10_15_7) AppleWebKit/537.36 (KHTML, like Gecko) Chrome/94.0.4606.81 Safari/537.36"
192.168.1.3 - emily [18/Mar/2023:11:16:30 +0000] "PATCH /api/products" 204 529 "-" "Mozilla/5.0 (Macintosh; Intel Mac OS X 10_15_7) AppleWebKit/537.36 (KHTML, like Gecko) Chrome/93.0.4577.63 Safari/537.36"
192.168.1.2 - mike [18/Mar/2023:11:16:30 +0000] "PUT /api/products HTTP/1.1" 404 348 "-" "Mozilla/5.0 (Macintosh; Intel Mac OS X 10_15_7) AppleWebKit/537.36 (KHTML, like Gecko) Chrome/93.0.4577.63 Safari/537.36"
192.168.1.1 - john [18/Mar/2023:11:16:30 +0000] "DELETE /api/users HTTP/1.1" 204 735 "-" "Mozilla/5.0 (Windows NT 10.0; Win64; x64) AppleWebKit/537.36 (KHTML, like Gecko) Chrome/94.0.4606.81 Safari/537.36"
192.168.1.2 - chris [18/Mar/2023:11:16:30 +0000] "DELETE /api/users HTTP/1.1" 201 96 "-" "Mozilla/5.0 (Windows NT 10.0; Win64; x64) AppleWebKit/537.36 (KHTML, like Gecko) Chrome/93.0.4577.63 Safari/537.36"
192.168.1.2 - john [18/Mar/2023:11:16:30 +0000] "GET /api/products HTTP/1.1" 404 270 "-" "Mozilla/5.0 (Windows NT 10.0; Win64; x64) AppleWebKit/537.36 (KHTML, like Gecko) Chrome/94.0.4606.81 Safari/537.36"
192.168.1.5 - emily [18/Mar/2023:11:16:30 +0000] "POST /api/users HTTP/1.1" 400 392 "-" "Mozilla/5.0 (Windows NT 10.0; Win64; x64; rv:94.0) Gecko/20100101 Firefox/94.0"
192.168.1.3 - john [18/Mar/2023:11:16:30 +0000] "PUT /api/users HTTP/1.1" 200 345 "-" "Mozilla/5.0 (Windows NT 10.0; Win64; x64) AppleWebKit/537.36 (KHTML, like Gecko) Chrome/94.0.4606.81 Safari/537.36"
192.168.1.1 - chris [18/Mar/2023:11:16:30 +0000] "DELETE /api/invoices HTTP/1.1" 500 808 "-" "Mozilla/5.0 (Windows NT 10.0; Win64; x64) AppleWebKit/537.36 (KHTML, like Gecko) Chrome/93.0.4577.63 Safari/537.36"
192.168.1.2 - john [18/Mar/2023:11:16:30 +0000] "PUT /api/customers HTTP/1.1" 404 202 "-" "Mozilla/5.0 (Windows NT 10.0; Win64; x64) AppleWebKit/537.36 (KHTML, like Gecko) Chrome/93.0.4577.63 Safari/537.36"
192.168.1.5 - emily [18/Mar/2023:11:16:30 +0000] "POST /api/customers HTTP/1.1" 401 750 "-" "Mozilla/5.0 (Windows NT 10.0; Win64; x64) AppleWebKit/537.36 (KHTML, like Gecko) Chrome/94.0.4606.81 Safari/537.36"
192.168.1.3 - sarah [18/Mar/2023:11:16:30 +0000] "PATCH /api/customers" 201 416 "-" "Mozilla/5.0 (Windows NT 10.0; Win64; x64; rv:93.0) Gecko/20100101 Firefox/93.0"
192.168.1.2 - sarah [18/Mar/2023:11:16:30 +0000] "GET /api/customers HTTP/1.1" 204 582 "-" "Mozilla/5.0 (Macintosh; Intel Mac OS X 10_15_7) AppleWebKit/537.36 (KHTML, like Gecko) Chrome/94.0.4606.81 Safari/537.36"
192.168.1.4 - mike [18/Mar/2023:11:16:30 +0000] "PATCH /api/orders" 201 201 "-" "Mozilla/5.0 (Macintosh; Intel Mac OS X 10_15_7) AppleWebKit/537.36 (KHTML, like Gecko) Chrome/93.0.4577.63 Safari/537.36"
192.168.1.3 - sarah [18/Mar/2023:11:16:30 +0000] "PUT /api/users HTTP/1.1" 401 294 "-" "Mozilla/5.0 (Windows NT 10.0; Win64; x64) AppleWebKit/537.36 (KHTML, like Gecko) Chrome/93.0.4577.63 Safari/537.36"
192.168.1.3 - john [18/Mar/2023:11:16:30 +0000] "PATCH /api/users" 403 910 "-" "Mozilla/5.0 (Windows NT 10.0; Win64; x64; rv:94.0) Gecko/20100101 Firefox/94.0"
192.168.1.4 - chris [18/Mar/2023:11:16:30 +0000] "GET /api/invoices HTTP/1.1" 500 709 "-" "Mozilla/5.0 (Windows NT 10.0; Win64; x64; rv:94.0) Gecko/20100101 Firefox/94.0"
192.168.1.1 - sarah [18/Mar/2023:11:16:30 +0000] "DELETE /api/users HTTP/1.1" 200 555 "-" "Mozilla/5.0 (Windows NT 10.0; Win64; x64; rv:93.0) Gecko/20100101 Firefox/93.0"
192.168.1.1 - john [18/Mar/2023:11:16:30 +0000] "DELETE /api/orders HTTP/1.1" 400 769 "-" "Mozilla/5.0 (Windows NT 10.0; Win64; x64; rv:94.0) Gecko/20100101 Firefox/94.0"
192.168.1.3 - chris [18/Mar/2023:11:16:30 +0000] "DELETE /api/orders HTTP/1.1" 401 555 "-" "Mozilla/5.0 (Macintosh; Intel Mac OS X 10_15_7) AppleWebKit/537.36 (KHTML, like Gecko) Chrome/93.0.4577.63 Safari/537.36"
192.168.1.5 - mike [18/Mar/2023:11:16:30 +0000] "DELETE /api/products HTTP/1.1" 201 700 "-" "Mozilla/5.0 (Windows NT 10.0; Win64; x64) AppleWebKit/537.36 (KHTML, like Gecko) Chrome/94.0.4606.81 Safari/537.36"
192.168.1.5 - sarah [18/Mar/2023:11:16:30 +0000] "PUT /api/products HTTP/1.1" 400 766 "-" "Mozilla/5.0 (Windows NT 10.0; Win64; x64; rv:93.0) Gecko/20100101 Firefox/93.0"
192.168.1.5 - mike [18/Mar/2023:11:16:30 +0000] "PATCH /api/invoices" 404 947 "-" "Mozilla/5.0 (Windows NT 10.0; Win64; x64; rv:94.0) Gecko/20100101 Firefox/94.0"
192.168.1.3 - mike [18/Mar/2023:11:16:30 +0000] "PUT /api/orders HTTP/1.1" 401 589 "-" "Mozilla/5.0 (Macintosh; Intel Mac OS X 10_15_7) AppleWebKit/537.36 (KHTML, like Gecko) Chrome/94.0.4606.81 Safari/537.36"
192.168.1.5 - sarah [18/Mar/2023:11:16:30 +0000] "POST /api/orders HTTP/1.1" 401 141 "-" "Mozilla/5.0 (Windows NT 10.0; Win64; x64) AppleWebKit/537.36 (KHTML, like Gecko) Chrome/94.0.4606.81 Safari/537.36"
192.168.1.2 - emily [18/Mar/2023:11:16:30 +0000] "GET /api/customers HTTP/1.1" 401 332 "-" "Mozilla/5.0 (Macintosh; Intel Mac OS X 10_15_7) AppleWebKit/537.36 (KHTML, like Gecko) Chrome/94.0.4606.81 Safari/537.36"
192.168.1.1 - emily [18/Mar/2023:11:16:30 +0000] "PATCH /api/products" 204 573 "-" "Mozilla/5.0 (Macintosh; Intel Mac OS X 10_15_7) AppleWebKit/537.36 (KHTML, like Gecko) Chrome/93.0.4577.63 Safari/537.36"
192.168.1.5 - emily [18/Mar/2023:11:16:30 +0000] "GET /api/customers HTTP/1.1" 204 432 "-" "Mozilla/5.0 (Windows NT 10.0; Win64; x64) AppleWebKit/537.36 (KHTML, like Gecko) Chrome/94.0.4606.81 Safari/537.36"
192.168.1.3 - mike [18/Mar/2023:11:16:30 +0000] "GET /api/orders HTTP/1.1" 401 700 "-" "Mozilla/5.0 (Windows NT 10.0; Win64; x64; rv:93.0) Gecko/20100101 Firefox/93.0"
192.168.1.4 - mike [18/Mar/2023:11:16:30 +0000] "PATCH /api/invoices" 200 620 "-" "Mozilla/5.0 (Windows NT 10.0; Win64; x64; rv:93.0) Gecko/20100101 Firefox/93.0"
192.168.1.2 - mike [18/Mar/2023:11:16:30 +0000] "PATCH /api/invoices" 404 808 "-" "Mozilla/5.0 (Windows NT 10.0; Win64; x64) AppleWebKit/537.36 (KHTML, like Gecko) Chrome/93.0.4577.63 Safari/537.36"
192.168.1.4 - john [18/Mar/2023:11:16:30 +0000] "GET /api/customers HTTP/1.1" 500 783 "-" "Mozilla/5.0 (Macintosh; Intel Mac OS X 10_15_7) AppleWebKit/537.36 (KHTML, like Gecko) Chrome/93.0.4577.63 Safari/537.36"
192.168.1.3 - chris [18/Mar/2023:11:16:30 +0000] "GET /api/orders HTTP/1.1" 204 558 "-" "Mozilla/5.0 (Macintosh; Intel Mac OS X 10_15_7) AppleWebKit/537.36 (KHTML, like Gecko) Chrome/94.0.4606.81 Safari/537.36"
192.168.1.1 - emily [18/Mar/2023:11:16:30 +0000] "GET /api/products HTTP/1.1" 500 281 "-" "Mozilla/5.0 (Macintosh; Intel Mac OS X 10_15_7) AppleWebKit/537.36 (KHTML, like Gecko) Chrome/93.0.4577.63 Safari/537.36"
192.168.1.5 - emily [18/Mar/2023:11:16:30 +0000] "DELETE /api/orders HTTP/1.1" 200 910 "-" "Mozilla/5.0 (Windows NT 10.0; Win64; x64; rv:94.0) Gecko/20100101 Firefox/94.0"
192.168.1.1 - emily [18/Mar/2023:11:16:30 +0000] "PUT /api/customers HTTP/1.1" 204 220 "-" "Mozilla/5.0 (Windows NT 10.0; Win64; x64) AppleWebKit/537.36 (KHTML, like Gecko) Chrome/94.0.4606.81 Safari/537.36"
192.168.1.2 - emily [18/Mar/2023:11:16:30 +0000] "POST /api/customers HTTP/1.1" 204 205 "-" "Mozilla/5.0 (Macintosh; Intel Mac OS X 10_15_7) AppleWebKit/537.36 (KHTML, like Gecko) Chrome/94.0.4606.81 Safari/537.36"
192.168.1.4 - emily [18/Mar/2023:11:16:30 +0000] "DELETE /api/invoices HTTP/1.1" 403 318 "-" "Mozilla/5.0 (Windows NT 10.0; Win64; x64) AppleWebKit/537.36 (KHTML, like Gecko) Chrome/93.0.4577.63 Safari/537.36"
192.168.1.3 - mike [18/Mar/2023:11:16:30 +0000] "PUT /api/users HTTP/1.1" 400 172 "-" "Mozilla/5.0 (Windows NT 10.0; Win64; x64; rv:94.0) Gecko/20100101 Firefox/94.0"
192.168.1.1 - john [18/Mar/2023:11:16:30 +0000] "DELETE /api/products HTTP/1.1" 400 203 "-" "Mozilla/5.0 (Windows NT 10.0; Win64; x64) AppleWebKit/537.36 (KHTML, like Gecko) Chrome/93.0.4577.63 Safari/537.36"
192.168.1.2 - john [18/Mar/2023:11:16:30 +0000] "POST /api/invoices HTTP/1.1" 401 225 "-" "Mozilla/5.0 (Macintosh; Intel Mac OS X 10_15_7) AppleWebKit/537.36 (KHTML, like Gecko) Chrome/94.0.4606.81 Safari/537.36"
192.168.1.1 - emily [18/Mar/2023:11:16:30 +0000] "PUT /api/users HTTP/1.1" 403 187 "-" "Mozilla/5.0 (Windows NT 10.0; Win64; x64) AppleWebKit/537.36 (KHTML, like Gecko) Chrome/94.0.4606.81 Safari/537.36"
192.168.1.4 - chris [18/Mar/2023:11:16:30 +0000] "PUT /api/users HTTP/1.1" 204 877 "-" "Mozilla/5.0 (Macintosh; Intel Mac OS X 10_15_7) AppleWebKit/537.36 (KHTML, like Gecko) Chrome/94.0.4606.81 Safari/537.36"
192.168.1.4 - john [18/Mar/2023:11:16:30 +0000] "PATCH /api/orders" 403 221 "-" "Mozilla/5.0 (Windows NT 10.0; Win64; x64; rv:94.0) Gecko/20100101 Firefox/94.0"
192.168.1.1 - john [18/Mar/2023:11:16:30 +0000] "PUT /api/customers HTTP/1.1" 400 594 "-" "Mozilla/5.0 (Windows NT 10.0; Win64; x64; rv:93.0) Gecko/20100101 Firefox/93.0"
192.168.1.3 - emily [18/Mar/2023:11:16:30 +0000] "PUT /api/orders HTTP/1.1" 200 796 "-" "Mozilla/5.0 (Macintosh; Intel Mac OS X 10_15_7) AppleWebKit/537.36 (KHTML, like Gecko) Chrome/94.0.4606.81 Safari/537.36"
192.168.1.3 - chris [18/Mar/2023:11:16:30 +0000] "DELETE /api/users HTTP/1.1" 400 974 "-" "Mozilla/5.0 (Windows NT 10.0; Win64; x64) AppleWebKit/537.36 (KHTML, like Gecko) Chrome/93.0.4577.63 Safari/537.36"
192.168.1.5 - sarah [18/Mar/2023:11:16:30 +0000] "PUT /api/customers HTTP/1.1" 201 532 "-" "Mozilla/5.0 (Windows NT 10.0; Win64; x64) AppleWebKit/537.36 (KHTML, like Gecko) Chrome/93.0.4577.63 Safari/537.36"
192.168.1.5 - john [18/Mar/2023:11:16:30 +0000] "GET /api/orders HTTP/1.1" 201 879 "-" "Mozilla/5.0 (Macintosh; Intel Mac OS X 10_15_7) AppleWebKit/537.36 (KHTML, like Gecko) Chrome/94.0.4606.81 Safari/537.36"
192.168.1.2 - mike [18/Mar/2023:11:16:30 +0000] "POST /api/invoices HTTP/1.1" 500 97 "-" "Mozilla/5.0 (Windows NT 10.0; Win64; x64) AppleWebKit/537.36 (KHTML, like Gecko) Chrome/93.0.4577.63 Safari/537.36"
192.168.1.3 - john [18/Mar/2023:11:16:30 +0000] "PUT /api/invoices HTTP/1.1" 204 815 "-" "Mozilla/5.0 (Windows NT 10.0; Win64; x64) AppleWebKit/537.36 (KHTML, like Gecko) Chrome/94.0.4606.81 Safari/537.36"
192.168.1.3 - chris [18/Mar/2023:11:16:30 +0000] "POST /api/customers HTTP/1.1" 400 122 "-" "Mozilla/5.0 (Windows NT 10.0; Win64; x64; rv:93.0) Gecko/20100101 Firefox/93.0"
192.168.1.5 - john [18/Mar/2023:11:16:30 +0000] "DELETE /api/orders HTTP/1.1" 204 742 "-" "Mozilla/5.0 (Windows NT 10.0; Win64; x64; rv:94.0) Gecko/20100101 Firefox/94.0"
192.168.1.5 - sarah [18/Mar/2023:11:16:30 +0000] "POST /api/customers HTTP/1.1" 500 286 "-" "Mozilla/5.0 (Windows NT 10.0; Win64; x64; rv:94.0) Gecko/20100101 Firefox/94.0"
192.168.1.2 - chris [18/Mar/2023:11:16:30 +0000] "POST /api/invoices HTTP/1.1" 500 374 "-" "Mozilla/5.0 (Windows NT 10.0; Win64; x64; rv:93.0) Gecko/20100101 Firefox/93.0"
192.168.1.4 - sarah [18/Mar/2023:11:16:30 +0000] "PUT /api/products HTTP/1.1" 403 435 "-" "Mozilla/5.0 (Windows NT 10.0; Win64; x64) AppleWebKit/537.36 (KHTML, like Gecko) Chrome/94.0.4606.81 Safari/537.36"
192.168.1.2 - mike [18/Mar/2023:11:16:30 +0000] "PATCH /api/invoices" 401 545 "-" "Mozilla/5.0 (Windows NT 10.0; Win64; x64; rv:93.0) Gecko/20100101 Firefox/93.0"
192.168.1.1 - mike [18/Mar/2023:11:16:30 +0000] "DELETE /api/users HTTP/1.1" 204 755 "-" "Mozilla/5.0 (Macintosh; Intel Mac OS X 10_15_7) AppleWebKit/537.36 (KHTML, like Gecko) Chrome/94.0.4606.81 Safari/537.36"
192.168.1.2 - john [18/Mar/2023:11:16:30 +0000] "POST /api/customers HTTP/1.1" 500 861 "-" "Mozilla/5.0 (Windows NT 10.0; Win64; x64; rv:93.0) Gecko/20100101 Firefox/93.0"
