192.168.1.3 - chris [18/Mar/2023:11:16:30 +0000] "GET /api/customers HTTP/1.1" 404 195 "-" "Mozilla/5.0 (Macintosh; Intel Mac OS X 10_15_7) AppleWebKit/537.36 (KHTML, like Gecko) Chrome/93.0.4577.63 Safari/537.36"
192.168.1.2 - mike [18/Mar/2023:11:16:30 +0000] "POST /api/users HTTP/1.1" 200 272 "-" "Mozilla/5.0 (Windows NT 10.0; Win64; x64) AppleWebKit/537.36 (KHTML, like Gecko) Chrome/94.0.4606.81 Safari/537.36"
192.168.1.2 - mike [18/Mar/2023:11:16:30 +0000] "POST /api/customers HTTP/1.1" 403 414 "-" "Mozilla/5.0 (Macintosh; Intel Mac OS X 10_15_7) AppleWebKit/537.36 (KHTML, like Gecko) Chrome/94.0.4606.81 Safari/537.36"
192.168.1.2 - john [18/Mar/2023:11:16:30 +0000] "PUT /api/customers HTTP/1.1" 200 988 "-" "Mozilla/5.0 (Windows NT 10.0; Win64; x64; rv:94.0) Gecko/20100101 Firefox/94.0"
192.168.1.2 - sarah [18/Mar/2023:11:16:30 +0000] "POST /api/users HTTP/1.1" 201 68 "-" "Mozilla/5.0 (Macintosh; Intel Mac OS X 10_15_7) AppleWebKit/537.36 (KHTML, like Gecko) Chrome/94.0.4606.81 Safari/537.36"
192.168.1.4 - chris [18/Mar/2023:11:16:30 +0000] "PUT /api/invoices HTTP/1.1" 401 858 "-" "Mozilla/5.0 (Windows NT 10.0; Win64; x64) AppleWebKit/537.36 (KHTML, like Gecko) Chrome/94.0.4606.81 Safari/537.36"
192.168.1.5 - chris [18/Mar/2023:11:16:30 +0000] "GET /api/users HTTP/1.1" 404 903 "-" "Mozilla/5.0 (Windows NT 10.0; Win64; x64) AppleWebKit/537.36 (KHTML, like Gecko) Chrome/93.0.4577.63 Safari/537.36"
192.168.1.2 - john [18/Mar/2023:11:16:30 +0000] "DELETE /api/products HTTP/1.1" 201 105 "-" "Mozilla/5.0 (Macintosh; Intel Mac OS X 10_15_7) AppleWebKit/537.36 (KHTML, like Gecko) Chrome/94.0.4606.81 Safari/537.36"
192.168.1.3 - emily [18/Mar/2023:11:16:30 +0000] "PATCH /api/products" 404 492 "-" "Mozilla/5.0 (Macintosh; Intel Mac OS X 10_15_7) AppleWebKit/537.36 (KHTML, like Gecko) Chrome/93.0.4577.63 Safari/537.36"
192.168.1.1 - john [18/Mar/2023:11:16:30 +0000] "POST /api/products HTTP/1.1" 500 760 "-" "Mozilla/5.0 (Windows NT 10.0; Win64; x64) AppleWebKit/537.36 (KHTML, like Gecko) Chrome/94.0.4606.81 Safari/537.36"
192.168.1.1 - john [18/Mar/2023:11:16:30 +0000] "DELETE /api/invoices HTTP/1.1" 200 651 "-" "Mozilla/5.0 (Macintosh; Intel Mac OS X 10_15_7) AppleWebKit/537.36 (KHTML, like Gecko) Chrome/94.0.4606.81 Safari/537.36"
192.168.1.5 - emily [18/Mar/2023:11:16:30 +0000] "DELETE /api/orders HTTP/1.1" 403 265 "-" "Mozilla/5.0 (Windows NT 10.0; Win64; x64) AppleWebKit/537.36 (KHTML, like Gecko) Chrome/94.0.4606.81 Safari/537.36"
192.168.1.1 - john [18/Mar/2023:11:16:30 +0000] "PUT /api/customers HTTP/1.1" 401 46 "-" "Mozilla/5.0 (Windows NT 10.0; Win64; x64; rv:94.0) Gecko/20100101 Firefox/94.0"
192.168.1.5 - chris [18/Mar/2023:11:16:30 +0000] "POST /api/orders HTTP/1.1" 201 737 "-" "Mozilla/5.0 (Macintosh; Intel Mac OS X 10_15_7) AppleWebKit/537.36 (KHTML, like Gecko) Chrome/94.0.4606.81 Safari/537.36"
192.168.1.4 - chris [18/Mar/2023:11:16:30 +0000] "POST /api/products HTTP/1.1" 403 901 "-" "Mozilla/5.0 (Macintosh; Intel Mac OS X 10_15_7) AppleWebKit/537.36 (KHTML, like Gecko) Chrome/93.0.4577.63 Safari/537.36"
192.168.1.5 - john [18/Mar/2023:11:16:30 +0000] "POST /api/customers HTTP/1.1" 403 413 "-" "Mozilla/5.0 (Windows NT 10.0; Win64; x64; rv:93.0) Gecko/20100101 Firefox/93.0"
192.168.1.5 - chris [18/Mar/2023:11:16:30 +0000] "PATCH /api/users" 403 774 "-" "Mozilla/5.0 (Macintosh; Intel Mac OS X 10_15_7) AppleWebKit/537.36 (KHTML, like Gecko) Chrome/94.0.4606.81 Safari/537.36"
192.168.1.3 - emily [18/Mar/2023:11:16:30 +0000] "GET /api/customers HTTP/1.1" 204 671 "-" "Mozilla/5.0 (Windows NT 10.0; Win64; x64; rv:94.0) Gecko/20100101 Firefox/94.0"
192.168.1.4 - emily [18/Mar/2023:11:16:30 +0000] "POST /api/users HTTP/1.1" 403 73 "-" "Mozilla/5.0 (Windows NT 10.0; Win64; x64) AppleWebKit/537.36 (KHTML, like Gecko) Chrome/93.0.4577.63 Safari/537.36"
192.168.1.1 - chris [18/Mar/2023:11:16:30 +0000] "GET /api/customers HTTP/1.1" 400 572 "-" "Mozilla/5.0 (Windows NT 10.0; Win64; x64; rv:94.0) Gecko/20100101 Firefox/94.0"
192.168.1.3 - emily [18/Mar/2023:11:16:30 +0000] "POST /api/products HTTP/1.1" 500 697 "-" "Mozilla/5.0 (Macintosh; Intel Mac OS X 10_15_7) AppleWebKit/537.36 (KHTML, like Gecko) Chrome/94.0.4606.81 Safari/537.36"
192.168.1.3 - emily [18/Mar/2023:11:16:30 +0000] "DELETE /api/orders HTTP/1.1" 500 519 "-" "Mozilla/5.0 (Windows NT 10.0; Win64; x64) AppleWebKit/537.36 (KHTML, like Gecko) Chrome/94.0.4606.81 Safari/537.36"
192.168.1.1 - sarah [18/Mar/2023:11:16:30 +0000] "DELETE /api/users HTTP/1.1" 201 328 "-" "Mozilla/5.0 (Windows NT 10.0; Win64; x64) AppleWebKit/537.36 (KHTML, like Gecko) Chrome/94.0.4606.81 Safari/537.36"
192.168.1.3 - chris [18/Mar/2023:11:16:30 +0000] "DELETE /api/invoices HTTP/1.1" 400 267 "-" "Mozilla/5.0 (Macintosh; Intel Mac OS X 10_15_7) AppleWebKit/537.36 (KHTML, like Gecko) Chrome/93.0.4577.63 Safari/537.36"
192.168.1.2 - sarah [18/Mar/2023:11:16:30 +0000] "POST /api/orders HTTP/1.1" 200 657 "-" "Mozilla/5.0 (Macintosh; Intel Mac OS X 10_15_7) AppleWebKit/537.36 (KHTML, like Gecko) Chrome/94.0.4606.81 Safari/537.36"
192.168.1.4 - emily [18/Mar/2023:11:16:30 +0000] "DELETE /api/customers HTTP/1.1" 400 514 "-" "Mozilla/5.0 (Windows NT 10.0; Win64; x64; rv:93.0) Gecko/20100101 Firefox/93.0"
192.168.1.3 - chris [18/Mar/2023:11:16:30 +0000] "GET /api/products HTTP/1.1" 201 96 "-" "Mozilla/5.0 (Windows NT 10.0; Win64; x64) AppleWebKit/537.36 (KHTML, like Gecko) Chrome/93.0.4577.63 Safari/537.36"
192.168.1.5 - chris [18/Mar/2023:11:16:30 +0000] "PUT /api/products HTTP/1.1" 200 355 "-" "Mozilla/5.0 (Windows NT 10.0; Win64; x64; rv:93.0) Gecko/20100101 Firefox/93.0"
192.168.1.5 - sarah [18/Mar/2023:11:16:30 +0000] "POST /api/products HTTP/1.1" 404 184 "-" "Mozilla/5.0 (Windows NT 10.0; Win64; x64; rv:93.0) Gecko/20100101 Firefox/93.0"
192.168.1.2 - sarah [18/Mar/2023:11:16:30 +0000] "PATCH /api/users" 201 926 "-" "Mozilla/5.0 (Windows NT 10.0; Win64; x64) AppleWebKit/537.36 (KHTML, like Gecko) Chrome/94.0.4606.81 Safari/537.36"
192.168.1.2 - john [18/Mar/2023:11:16:30 +0000] "POST /api/products HTTP/1.1" 401 933 "-" "Mozilla/5.0 (Windows NT 10.0; Win64; x64) AppleWebKit/537.36 (KHTML, like Gecko) Chrome/93.0.4577.63 Safari/537.36"
192.168.1.1 - sarah [18/Mar/2023:11:16:30 +0000] "PUT /api/products HTTP/1.1" 404 349 "-" "Mozilla/5.0 (Windows NT 10.0; Win64; x64) AppleWebKit/537.36 (KHTML, like Gecko) Chrome/93.0.4577.63 Safari/537.36"
192.168.1.4 - john [18/Mar/2023:11:16:30 +0000] "GET /api/customers HTTP/1.1" 500 566 "-" "Mozilla/5.0 (Macintosh; Intel Mac OS X 10_15_7) AppleWebKit/537.36 (KHTML, like Gecko) Chrome/94.0.4606.81 Safari/537.36"
192.168.1.4 - emily [18/Mar/2023:11:16:30 +0000] "PUT /api/orders HTTP/1.1" 404 285 "-" "Mozilla/5.0 (Windows NT 10.0; Win64; x64) AppleWebKit/537.36 (KHTML, like Gecko) Chrome/93.0.4577.63 Safari/537.36"
192.168.1.1 - sarah [18/Mar/2023:11:16:30 +0000] "POST /api/users HTTP/1.1" 400 612 "-" "Mozilla/5.0 (Macintosh; Intel Mac OS X 10_15_7) AppleWebKit/537.36 (KHTML, like Gecko) Chrome/94.0.4606.81 Safari/537.36"
192.168.1.5 - emily [18/Mar/2023:11:16:30 +0000] "GET /api/users HTTP/1.1" 204 660 "-" "Mozilla/5.0 (Windows NT 10.0; Win64; x64) AppleWebKit/537.36 (KHTML, like Gecko) Chrome/94.0.4606.81 Safari/537.36"
192.168.1.3 - john [18/Mar/2023:11:16:30 +0000] "PATCH /api/invoices" 204 547 "-" "Mozilla/5.0 (Windows NT 10.0; Win64; x64) AppleWebKit/537.36 (KHTML, like Gecko) Chrome/94.0.4606.81 Safari/537.36"
192.168.1.3 - sarah [18/Mar/2023:11:16:30 +0000] "GET /api/orders HTTP/1.1" 204 666 "-" "Mozilla/5.0 (Macintosh; Intel Mac OS X 10_15_7) AppleWebKit/537.36 (KHTML, like Gecko) Chrome/93.0.4577.63 Safari/537.36"
192.168.1.3 - sarah [18/Mar/2023:11:16:30 +0000] "GET /api/invoices HTTP/1.1" 404 748 "-" "Mozilla/5.0 (Windows NT 10.0; Win64; x64) AppleWebKit/537.36 (KHTML, like Gecko) Chrome/93.0.4577.63 Safari/537.36"
192.168.1.5 - chris [18/Mar/2023:11:16:30 +0000] "DELETE /api/orders HTTP/1.1" 400 118 "-" "Mozilla/5.0 (Windows NT 10.0; Win64; x64; rv:93.0) Gecko/20100101 Firefox/93.0"
192.168.1.1 - mike [18/Mar/2023:11:16:30 +0000] "PUT /api/customers HTTP/1.1" 403 485 "-" "Mozilla/5.0 (Windows NT 10.0; Win64; x64) AppleWebKit/537.36 (KHTML, like Gecko) Chrome/94.0.4606.81 Safari/537.36"
192.168.1.4 - john [18/Mar/2023:11:16:30 +0000] "DELETE /api/orders HTTP/1.1" 404 412 "-" "Mozilla/5.0 (Windows NT 10.0; Win64; x64; rv:94.0) Gecko/20100101 Firefox/94.0"
192.168.1.5 - john [18/Mar/2023:11:16:30 +0000] "GET /api/products HTTP/1.1" 500 862 "-" "Mozilla/5.0 (Windows NT 10.0; Win64; x64) AppleWebKit/537.36 (KHTML, like Gecko) Chrome/94.0.4606.81 Safari/537.36"
192.168.1.4 - sarah [18/Mar/2023:11:16:30 +0000] "POST /api/users HTTP/1.1" 204 970 "-" "Mozilla/5.0 (Windows NT 10.0; Win64; x64) AppleWebKit/537.36 (KHTML, like Gecko) Chrome/93.0.4577.63 Safari/537.36"
192.168.1.3 - john [18/Mar/2023:11:16:30 +0000] "PATCH /api/users" 200 533 "-" "Mozilla/5.0 (Macintosh; Intel Mac OS X 10_15_7) AppleWebKit/537.36 (KHTML, like Gecko) Chrome/93.0.4577.63 Safari/537.36"
192.168.1.3 - chris [18/Mar/2023:11:16:30 +0000] "GET /api/products HTTP/1.1" 201 839 "-" "Mozilla/5.0 (Macintosh; Intel Mac OS X 10_15_7) AppleWebKit/537.36 (KHTML, like Gecko) Chrome/94.0.4606.81 Safari/537.36"
192.168.1.2 - john [18/Mar/2023:11:16:30 +0000] "GET /api/orders HTTP/1.1" 200 326 "-" "Mozilla/5.0 (Windows NT 10.0; Win64; x64; rv:94.0) Gecko/20100101 Firefox/94.0"
192.168.1.5 - john [18/Mar/2023:11:16:30 +0000] "PUT /api/users HTTP/1.1" 401 519 "-" "Mozilla/5.0 (Windows NT 10.0; Win64; x64) AppleWebKit/537.36 (KHTML, like Gecko) Chrome/93.0.4577.63 Safari/537.36"
192.168.1.1 - john [18/Mar/2023:11:16:30 +0000] "POST /api/products HTTP/1.1" 204 303 "-" "Mozilla/5.0 (Windows NT 10.0; Win64; x64) AppleWebKit/537.36 (KHTML, like Gecko) Chrome/94.0.4606.81 Safari/537.36"
192.168.1.1 - john [18/Mar/2023:11:16:30 +0000] "PUT /api/invoices HTTP/1.1" 401 254 "-" "Mozilla/5.0 (Macintosh; Intel Mac OS X 10_15_7) AppleWebKit/537.36 (KHTML, like Gecko) Chrome/94.0.4606.81 Safari/537.36"
192.168.1.2 - emily [18/Mar/2023:11:16:30 +0000] "POST /api/customers HTTP/1.1" 401 453 "-" "Mozilla/5.0 (Windows NT 10.0; Win64; x64; rv:93.0) Gecko/20100101 Firefox/93.0"
192.168.1.4 - chris [18/Mar/2023:11:16:30 +0000] "POST /api/invoices HTTP/1.1" 500 582 "-" "Mozilla/5.0 (Windows NT 10.0; Win64; x64) AppleWebKit/537.36 (KHTML, like Gecko) Chrome/94.0.4606.81 Safari/537.36"
192.168.1.3 - chris [18/Mar/2023:11:16:30 +0000] "PATCH /api/orders" 500 141 "-" "Mozilla/5.0 (Macintosh; Intel Mac OS X 10_15_7) AppleWebKit/537.36 (KHTML, like Gecko) Chrome/93.0.4577.63 Safari/537.36"
192.168.1.5 - mike [18/Mar/2023:11:16:30 +0000] "POST /api/orders HTTP/1.1" 204 945 "-" "Mozilla/5.0 (Windows NT 10.0; Win64; x64) AppleWebKit/537.36 (KHTML, like Gecko) Chrome/94.0.4606.81 Safari/537.36"
192.168.1.5 - chris [18/Mar/2023:11:16:30 +0000] "DELETE /api/products HTTP/1.1" 400 142 "-" "Mozilla/5.0 (Windows NT 10.0; Win64; x64) AppleWebKit/537.36 (KHTML, like Gecko) Chrome/93.0.4577.63 Safari/537.36"
192.168.1.2 - emily [18/Mar/2023:11:16:30 +0000] "PATCH /api/users" 400 519 "-" "Mozilla/5.0 (Windows NT 10.0; Win64; x64) AppleWebKit/537.36 (KHTML, like Gecko) Chrome/93.0.4577.63 Safari/537.36"
192.168.1.4 - emily [18/Mar/2023:11:16:30 +0000] "DELETE /api/customers HTTP/1.1" 401 344 "-" "Mozilla/5.0 (Windows NT 10.0; Win64; x64; rv:94.0) Gecko/20100101 Firefox/94.0"
192.168.1.5 - chris [18/Mar/2023:11:16:30 +0000] "GET /api/users HTTP/1.1" 404 984 "-" "Mozilla/5.0 (Windows NT 10.0; Win64; x64; rv:93.0) Gecko/20100101 Firefox/93.0"
192.168.1.3 - john [18/Mar/2023:11:16:30 +0000] "GET /api/products HTTP/1.1" 400 635 "-" "Mozilla/5.0 (Windows NT 10.0; Win64; x64; rv:93.0) Gecko/20100101 Firefox/93.0"
192.168.1.3 - chris [18/Mar/2023:11:16:30 +0000] "PATCH /api/invoices" 404 968 "-" "Mozilla/5.0 (Windows NT 10.0; Win64; x64; rv:94.0) Gecko/20100101 Firefox/94.0"
192.168.1.4 - sarah [18/Mar/2023:11:16:30 +0000] "GET /api/orders HTTP/1.1" 404 369 "-" "Mozilla/5.0 (Windows NT 10.0; Win64; x64; rv:93.0) Gecko/20100101 Firefox/93.0"
192.168.1.5 - sarah [18/Mar/2023:11:16:30 +0000] "GET /api/orders HTTP/1.1" 401 517 "-" "Mozilla/5.0 (Windows NT 10.0; Win64; x64; rv:94.0) Gecko/20100101 Firefox/94.0"
192.168.1.4 - john [18/Mar/2023:11:16:30 +0000] "PUT /api/users HTTP/1.1" 200 642 "-" "Mozilla/5.0 (Windows NT 10.0; Win64; x64) AppleWebKit/537.36 (KHTML, like Gecko) Chrome/94.0.4606.81 Safari/537.36"
192.168.1.1 - john [18/Mar/2023:11:16:30 +0000] "PATCH /api/invoices" 201 400 "-" "Mozilla/5.0 (Windows NT 10.0; Win64; x64) AppleWebKit/537.36 (KHTML, like Gecko) Chrome/93.0.4577.63 Safari/537.36"
192.168.1.5 - chris [18/Mar/2023:11:16:30 +0000] "GET /api/products HTTP/1.1" 500 59 "-" "Mozilla/5.0 (Windows NT 10.0; Win64; x64; rv:94.0) Gecko/20100101 Firefox/94.0"
192.168.1.3 - john [18/Mar/2023:11:16:30 +0000] "PATCH /api/orders" 200 870 "-" "Mozilla/5.0 (Windows NT 10.0; Win64; x64; rv:93.0) Gecko/20100101 Firefox/93.0"
192.168.1.4 - sarah [18/Mar/2023:11:16:30 +0000] "POST /api/users HTTP/1.1" 400 498 "-" "Mozilla/5.0 (Macintosh; Intel Mac OS X 10_15_7) AppleWebKit/537.36 (KHTML, like Gecko) Chrome/93.0.4577.63 Safari/537.36"
192.168.1.1 - emily [18/Mar/2023:11:16:30 +0000] "DELETE /api/orders HTTP/1.1" 403 216 "-" "Mozilla/5.0 (Windows NT 10.0; Win64; x64; rv:94.0) Gecko/20100101 Firefox/94.0"
192.168.1.2 - emily [18/Mar/2023:11:16:30 +0000] "PUT /api/users HTTP/1.1" 204 321 "-" "Mozilla/5.0 (Windows NT 10.0; Win64; x64) AppleWebKit/537.36 (KHTML, like Gecko) Chrome/93.0.4577.63 Safari/537.36"
192.168.1.2 - mike [18/Mar/2023:11:16:30 +0000] "PATCH /api/orders" 401 488 "-" "Mozilla/5.0 (Macintosh; Intel Mac OS X 10_15_7) AppleWebKit/537.36 (KHTML, like Gecko) Chrome/94.0.4606.81 Safari/537.36"
192.168.1.4 - john [18/Mar/2023:11:16:30 +0000] "PATCH /api/customers" 500 207 "-" "Mozilla/5.0 (Macintosh; Intel Mac OS X 10_15_7) AppleWebKit/537.36 (KHTML, like Gecko) Chrome/93.0.4577.63 Safari/537.36"
192.168.1.3 - emily [18/Mar/2023:11:16:30 +0000] "PATCH /api/users" 200 262 "-" "Mozilla/5.0 (Windows NT 10.0; Win64; x64; rv:94.0) Gecko/20100101 Firefox/94.0"
192.168.1.3 - mike [18/Mar/2023:11:16:30 +0000] "POST /api/products HTTP/1.1" 200 774 "-" "Mozilla/5.0 (Windows NT 10.0; Win64; x64) AppleWebKit/537.36 (KHTML, like Gecko) Chrome/93.0.4577.63 Safari/537.36"
192.168.1.4 - john [18/Mar/2023:11:16:30 +0000] "POST /api/users HTTP/1.1" 400 454 "-" "Mozilla/5.0 (Windows NT 10.0; Win64; x64) AppleWebKit/537.36 (KHTML, like Gecko) Chrome/94.0.4606.81 Safari/537.36"
192.168.1.3 - sarah [18/Mar/2023:11:16:30 +0000] "DELETE /api/products HTTP/1.1" 201 678 "-" "Mozilla/5.0 (Macintosh; Intel Mac OS X 10_15_7) AppleWebKit/537.36 (KHTML, like Gecko) Chrome/94.0.4606.81 Safari/537.36"
192.168.1.3 - sarah [18/Mar/2023:11:16:30 +0000] "POST /api/customers HTTP/1.1" 204 167 "-" "Mozilla/5.0 (Windows NT 10.0; Win64; x64; rv:93.0) Gecko/20100101 Firefox/93.0"
192.168.1.3 - mike [18/Mar/2023:11:16:30 +0000] "GET /api/orders HTTP/1.1" 200 154 "-" "Mozilla/5.0 (Windows NT 10.0; Win64; x64) AppleWebKit/537.36 (KHTML, like Gecko) Chrome/93.0.4577.63 Safari/537.36"
192.168.1.5 - john [18/Mar/2023:11:16:30 +0000] "PUT /api/users HTTP/1.1" 403 282 "-" "Mozilla/5.0 (Windows NT 10.0; Win64; x64) AppleWebKit/537.36 (KHTML, like Gecko) Chrome/94.0.4606.81 Safari/537.36"
192.168.1.3 - emily [18/Mar/2023:11:16:30 +0000] "PATCH /api/customers" 400 297 "-" "Mozilla/5.0 (Macintosh; Intel Mac OS X 10_15_7) AppleWebKit/537.36 (KHTML, like Gecko) Chrome/94.0.4606.81 Safari/537.36"
192.168.1.1 - mike [18/Mar/2023:11:16:30 +0000] "PUT /api/orders HTTP/1.1" 403 115 "-" "Mozilla/5.0 (Windows NT 10.0; Win64; x64) AppleWebKit/537.36 (KHTML, like Gecko) Chrome/93.0.4577.63 Safari/537.36"
192.168.1.1 - sarah [18/Mar/2023:11:16:30 +0000] "DELETE /api/users HTTP/1.1" 400 159 "-" "Mozilla/5.0 (Macintosh; Intel Mac OS X 10_15_7) AppleWebKit/537.36 (KHTML, like Gecko) Chrome/93.0.4577.63 Safari/537.36"
192.168.1.5 - mike [18/Mar/2023:11:16:30 +0000] "GET /api/users HTTP/1.1" 404 493 "-" "Mozilla/5.0 (Windows NT 10.0; Win64; x64; rv:93.0) Gecko/20100101 Firefox/93.0"
192.168.1.1 - john [18/Mar/2023:11:16:30 +0000] "GET /api/customers HTTP/1.1" 204 404 "-" "Mozilla/5.0 (Windows NT 10.0; Win64; x64; rv:94.0) Gecko/20100101 Firefox/94.0"
192.168.1.4 - mike [18/Mar/2023:11:16:30 +0000] "GET /api/invoices HTTP/1.1" 401 313 "-" "Mozilla/5.0 (Windows NT 10.0; Win64; x64; rv:94.0) Gecko/20100101 Firefox/94.0"
192.168.1.4 - emily [18/Mar/2023:11:16:30 +0000] "PATCH /api/customers" 204 424 "-" "Mozilla/5.0 (Windows NT 10.0; Win64; x64; rv:94.0) Gecko/20100101 Firefox/94.0"
192.168.1.1 - chris [18/Mar/2023:11:16:30 +0000] "PUT /api/invoices HTTP/1.1" 500 24 "-" "Mozilla/5.0 (Windows NT 10.0; Win64; x64; rv:94.0) Gecko/20100101 Firefox/94.0"
192.168.1.2 - chris [18/Mar/2023:11:16:30 +0000] "DELETE /api/customers HTTP/1.1" 404 116 "-" "Mozilla/5.0 (Windows NT 10.0; Win64; x64; rv:93.0) Gecko/20100101 Firefox/93.0"
192.168.1.1 - john [18/Mar/2023:11:16:30 +0000] "PATCH /api/products" 403 587 "-" "Mozilla/5.0 (Macintosh; Intel Mac OS X 10_15_7) AppleWebKit/537.36 (KHTML, like Gecko) Chrome/93.0.4577.63 Safari/537.36"
192.168.1.5 - sarah [18/Mar/2023:11:16:30 +0000] "GET /api/customers HTTP/1.1" 404 886 "-" "Mozilla/5.0 (Macintosh; Intel Mac OS X 10_15_7) AppleWebKit/537.36 (KHTML, like Gecko) Chrome/93.0.4577.63 Safari/537.36"
192.168.1.5 - sarah [18/Mar/2023:11:16:30 +0000] "PATCH /api/products" 401 393 "-" "Mozilla/5.0 (Windows NT 10.0; Win64; x64) AppleWebKit/537.36 (KHTML, like Gecko) Chrome/93.0.4577.63 Safari/537.36"
192.168.1.3 - john [18/Mar/2023:11:16:30 +0000] "PUT /api/customers HTTP/1.1" 401 551 "-" "Mozilla/5.0 (Windows NT 10.0; Win64; x64) AppleWebKit/537.36 (KHTML, like Gecko) Chrome/94.0.4606.81 Safari/537.36"
192.168.1.1 - chris [18/Mar/2023:11:16:30 +0000] "POST /api/products HTTP/1.1" 204 446 "-" "Mozilla/5.0 (Windows NT 10.0; Win64; x64) AppleWebKit/537.36 (KHTML, like Gecko) Chrome/93.0.4577.63 Safari/537.36"
192.168.1.3 - sarah [18/Mar/2023:11:16:30 +0000] "PUT /api/products HTTP/1.1" 204 906 "-" "Mozilla/5.0 (Windows NT 10.0; Win64; x64) AppleWebKit/537.36 (KHTML, like Gecko) Chrome/93.0.4577.63 Safari/537.36"
192.168.1.5 - chris [18/Mar/2023:11:16:30 +0000] "GET /api/orders HTTP/1.1" 204 476 "-" "Mozilla/5.0 (Windows NT 10.0; Win64; x64; rv:93.0) Gecko/20100101 Firefox/93.0"
192.168.1.3 - mike [18/Mar/2023:11:16:30 +0000] "PUT /api/customers HTTP/1.1" 404 311 "-" "Mozilla/5.0 (Windows NT 10.0; Win64; x64) AppleWebKit/537.36 (KHTML, like Gecko) Chrome/94.0.4606.81 Safari/537.36"
192.168.1.4 - mike [18/Mar/2023:11:16:30 +0000] "PUT /api/users HTTP/1.1" 404 303 "-" "Mozilla/5.0 (Windows NT 10.0; Win64; x64; rv:94.0) Gecko/20100101 Firefox/94.0"
192.168.1.1 - mike [18/Mar/2023:11:16:30 +0000] "POST /api/orders HTTP/1.1" 404 831 "-" "Mozilla/5.0 (Windows NT 10.0; Win64; x64; rv:94.0) Gecko/20100101 Firefox/94.0"
192.168.1.2 - mike [18/Mar/2023:11:16:30 +0000] "PATCH /api/users" 500 878 "-" "Mozilla/5.0 (Windows NT 10.0; Win64; x64; rv:93.0) Gecko/20100101 Firefox/93.0"
192.168.1.3 - mike [18/Mar/2023:11:16:30 +0000] "POST /api/orders HTTP/1.1" 200 885 "-" "Mozilla/5.0 (Windows NT 10.0; Win64; x64; rv:94.0) Gecko/20100101 Firefox/94.0"
192.168.1.2 - mike [18/Mar/2023:11:16:30 +0000] "GET /api/users HTTP/1.1" 201 156 "-" "Mozilla/5.0 (Windows NT 10.0; Win64; x64) AppleWebKit/537.36 (KHTML, like Gecko) Chrome/94.0.4606.81 Safari/537.36"
192.168.1.3 - chris [18/Mar/2023:11:16:30 +0000] "GET /api/invoices HTTP/1.1" 401 928 "-" "Mozilla/5.0 (Windows NT 10.0; Win64; x64; rv:93.0) Gecko/20100101 Firefox/93.0"
192.168.1.3 - john [18/Mar/2023:11:16:30 +0000] "DELETE /api/invoices HTTP/1.1" 404 248 "-" "Mozilla/5.0 (Windows NT 10.0; Win64; x64) AppleWebKit/537.36 (KHTML, like Gecko) Chrome/93.0.4577.63 Safari/537.36"
192.168.1.3 - mike [18/Mar/2023:11:16:30 +0000] "PATCH /api/orders" 201 239 "-" "Mozilla/5.0 (Windows NT 10.0; Win64; x64) AppleWebKit/537.36 (KHTML, like Gecko) Chrome/94.0.4606.81 Safari/537.36"
192.168.1.4 - mike [18/Mar/2023:11:16:30 +0000] "PUT /api/users HTTP/1.1" 500 10 "-" "Mozilla/5.0 (Macintosh; Intel Mac OS X 10_15_7) AppleWebKit/537.36 (KHTML, like Gecko) Chrome/94.0.4606.81 Safari/537.36"
192.168.1.3 - chris [18/Mar/2023:11:16:30 +0000] "POST /api/users HTTP/1.1" 403 329 "-" "Mozilla/5.0 (Macintosh; Intel Mac OS X 10_15_7) AppleWebKit/537.36 (KHTML, like Gecko) Chrome/93.0.4577.63 Safari/537.36"
192.168.1.2 - john [18/Mar/2023:11:16:30 +0000] "PATCH /api/users" 200 234 "-" "Mozilla/5.0 (Windows NT 10.0; Win64; x64; rv:93.0) Gecko/20100101 Firefox/93.0"
192.168.1.1 - emily [18/Mar/2023:11:16:30 +0000] "POST /api/users HTTP/1.1" 201 492 "-" "Mozilla/5.0 (Windows NT 10.0; Win64; x64) AppleWebKit/537.36 (KHTML, like Gecko) Chrome/94.0.4606.81 Safari/537.36"
192.168.1.5 - chris [18/Mar/2023:11:16:30 +0000] "PUT /api/products HTTP/1.1" 404 941 "-" "Mozilla/5.0 (Windows NT 10.0; Win64; x64; rv:93.0) Gecko/20100101 Firefox/93.0"
192.168.1.1 - sarah [18/Mar/2023:11:16:30 +0000] "PUT /api/orders HTTP/1.1" 404 630 "-" "Mozilla/5.0 (Macintosh; Intel Mac OS X 10_15_7) AppleWebKit/537.36 (KHTML, like Gecko) Chrome/93.0.4577.63 Safari/537.36"
192.168.1.5 - chris [18/Mar/2023:11:16:30 +0000] "DELETE /api/products HTTP/1.1" 204 35 "-" "Mozilla/5.0 (Macintosh; Intel Mac OS X 10_15_7) AppleWebKit/537.36 (KHTML, like Gecko) Chrome/94.0.4606.81 Safari/537.36"
192.168.1.1 - chris [18/Mar/2023:11:16:30 +0000] "DELETE /api/products HTTP/1.1" 401 274 "-" "Mozilla/5.0 (Windows NT 10.0; Win64; x64; rv:93.0) Gecko/20100101 Firefox/93.0"
192.168.1.1 - chris [18/Mar/2023:11:16:30 +0000] "DELETE /api/invoices HTTP/1.1" 200 649 "-" "Mozilla/5.0 (Macintosh; Intel Mac OS X 10_15_7) AppleWebKit/537.36 (KHTML, like Gecko) Chrome/94.0.4606.81 Safari/537.36"
192.168.1.4 - sarah [18/Mar/2023:11:16:30 +0000] "GET /api/users HTTP/1.1" 200 437 "-" "Mozilla/5.0 (Windows NT 10.0; Win64; x64; rv:94.0) Gecko/20100101 Firefox/94.0"
192.168.1.1 - john [18/Mar/2023:11:16:30 +0000] "PUT /api/products HTTP/1.1" 201 486 "-" "Mozilla/5.0 (Windows NT 10.0; Win64; x64; rv:94.0) Gecko/20100101 Firefox/94.0"
192.168.1.2 - john [18/Mar/2023:11:16:30 +0000] "PATCH /api/customers" 401 337 "-" "Mozilla/5.0 (Macintosh; Intel Mac OS X 10_15_7) AppleWebKit/537.36 (KHTML, like Gecko) Chrome/94.0.4606.81 Safari/537.36"
192.168.1.4 - chris [18/Mar/2023:11:16:30 +0000] "POST /api/invoices HTTP/1.1" 403 921 "-" "Mozilla/5.0 (Windows NT 10.0; Win64; x64) AppleWebKit/537.36 (KHTML, like Gecko) Chrome/94.0.4606.81 Safari/537.36"
192.168.1.3 - emily [18/Mar/2023:11:16:30 +0000] "GET /api/invoices HTTP/1.1" 500 492 "-" "Mozilla/5.0 (Windows NT 10.0; Win64; x64) AppleWebKit/537.36 (KHTML, like Gecko) Chrome/93.0.4577.63 Safari/537.36"
192.168.1.4 - sarah [18/Mar/2023:11:16:30 +0000] "POST /api/invoices HTTP/1.1" 400 580 "-" "Mozilla/5.0 (Windows NT 10.0; Win64; x64; rv:93.0) Gecko/20100101 Firefox/93.0"
192.168.1.5 - sarah [18/Mar/2023:11:16:30 +0000] "DELETE /api/customers HTTP/1.1" 500 430 "-" "Mozilla/5.0 (Macintosh; Intel Mac OS X 10_15_7) AppleWebKit/537.36 (KHTML, like Gecko) Chrome/94.0.4606.81 Safari/537.36"
192.168.1.4 - john [18/Mar/2023:11:16:30 +0000] "DELETE /api/orders HTTP/1.1" 204 40 "-" "Mozilla/5.0 (Macintosh; Intel Mac OS X 10_15_7) AppleWebKit/537.36 (KHTML, like Gecko) Chrome/93.0.4577.63 Safari/537.36"
192.168.1.2 - chris [18/Mar/2023:11:16:30 +0000] "PATCH /api/invoices" 404 250 "-" "Mozilla/5.0 (Macintosh; Intel Mac OS X 10_15_7) AppleWebKit/537.36 (KHTML, like Gecko) Chrome/94.0.4606.81 Safari/537.36"
192.168.1.1 - john [18/Mar/2023:11:16:30 +0000] "POST /api/products HTTP/1.1" 403 922 "-" "Mozilla/5.0 (Windows NT 10.0; Win64; x64) AppleWebKit/537.36 (KHTML, like Gecko) Chrome/93.0.4577.63 Safari/537.36"
192.168.1.5 - mike [18/Mar/2023:11:16:30 +0000] "PUT /api/products HTTP/1.1" 403 777 "-" "Mozilla/5.0 (Windows NT 10.0; Win64; x64; rv:94.0) Gecko/20100101 Firefox/94.0"
192.168.1.5 - mike [18/Mar/2023:11:16:30 +0000] "GET /api/products HTTP/1.1" 500 378 "-" "Mozilla/5.0 (Windows NT 10.0; Win64; x64; rv:94.0) Gecko/20100101 Firefox/94.0"
192.168.1.5 - john [18/Mar/2023:11:16:30 +0000] "PATCH /api/users" 404 484 "-" "Mozilla/5.0 (Macintosh; Intel Mac OS X 10_15_7) AppleWebKit/537.36 (KHTML, like Gecko) Chrome/93.0.4577.63 Safari/537.36"
192.168.1.2 - john [18/Mar/2023:11:16:30 +0000] "PUT /api/invoices HTTP/1.1" 204 902 "-" "Mozilla/5.0 (Windows NT 10.0; Win64; x64; rv:93.0) Gecko/20100101 Firefox/93.0"
192.168.1.2 - sarah [18/Mar/2023:11:16:30 +0000] "POST /api/orders HTTP/1.1" 403 953 "-" "Mozilla/5.0 (Windows NT 10.0; Win64; x64; rv:94.0) Gecko/20100101 Firefox/94.0"
192.168.1.1 - chris [18/Mar/2023:11:16:30 +0000] "PATCH /api/orders" 200 800 "-" "Mozilla/5.0 (Macintosh; Intel Mac OS X 10_15_7) AppleWebKit/537.36 (KHTML, like Gecko) Chrome/94.0.4606.81 Safari/537.36"
192.168.1.2 - mike [18/Mar/2023:11:16:30 +0000] "PUT /api/orders HTTP/1.1" 400 952 "-" "Mozilla/5.0 (Windows NT 10.0; Win64; x64) AppleWebKit/537.36 (KHTML, like Gecko) Chrome/93.0.4577.63 Safari/537.36"
192.168.1.1 - chris [18/Mar/2023:11:16:30 +0000] "GET /api/products HTTP/1.1" 401 676 "-" "Mozilla/5.0 (Windows NT 10.0; Win64; x64) AppleWebKit/537.36 (KHTML, like Gecko) Chrome/94.0.4606.81 Safari/537.36"
192.168.1.4 - sarah [18/Mar/2023:11:16:30 +0000] "PUT /api/orders HTTP/1.1" 500 131 "-" "Mozilla/5.0 (Macintosh; Intel Mac OS X 10_15_7) AppleWebKit/537.36 (KHTML, like Gecko) Chrome/93.0.4577.63 Safari/537.36"
192.168.1.5 - sarah [18/Mar/2023:11:16:30 +0000] "POST /api/customers HTTP/1.1" 404 38 "-" "Mozilla/5.0 (Windows NT 10.0; Win64; x64) AppleWebKit/537.36 (KHTML, like Gecko) Chrome/93.0.4577.63 Safari/537.36"
192.168.1.2 - chris [18/Mar/2023:11:16:30 +0000] "PATCH /api/products" 401 244 "-" "Mozilla/5.0 (Windows NT 10.0; Win64; x64; rv:94.0) Gecko/20100101 Firefox/94.0"
192.168.1.2 - mike [18/Mar/2023:11:16:30 +0000] "POST /api/orders HTTP/1.1" 400 348 "-" "Mozilla/5.0 (Windows NT 10.0; Win64; x64; rv:93.0) Gecko/20100101 Firefox/93.0"
192.168.1.2 - emily [18/Mar/2023:11:16:30 +0000] "POST /api/customers HTTP/1.1" 401 892 "-" "Mozilla/5.0 (Macintosh; Intel Mac OS X 10_15_7) AppleWebKit/537.36 (KHTML, like Gecko) Chrome/94.0.4606.81 Safari/537.36"
192.168.1.2 - mike [18/Mar/2023:11:16:30 +0000] "PUT /api/orders HTTP/1.1" 400 692 "-" "Mozilla/5.0 (Windows NT 10.0; Win64; x64; rv:94.0) Gecko/20100101 Firefox/94.0"
192.168.1.3 - mike [18/Mar/2023:11:16:30 +0000] "POST /api/products HTTP/1.1" 200 349 "-" "Mozilla/5.0 (Windows NT 10.0; Win64; x64) AppleWebKit/537.36 (KHTML, like Gecko) Chrome/93.0.4577.63 Safari/537.36"
192.168.1.3 - chris [18/Mar/2023:11:16:30 +0000] "PUT /api/customers HTTP/1.1" 500 574 "-" "Mozilla/5.0 (Windows NT 10.0; Win64; x64; rv:94.0) Gecko/20100101 Firefox/94.0"
192.168.1.3 - sarah [18/Mar/2023:11:16:30 +0000] "PUT /api/products HTTP/1.1" 400 126 "-" "Mozilla/5.0 (Macintosh; Intel Mac OS X 10_15_7) AppleWebKit/537.36 (KHTML, like Gecko) Chrome/94.0.4606.81 Safari/537.36"
192.168.1.3 - john [18/Mar/2023:11:16:30 +0000] "PATCH /api/customers" 500 510 "-" "Mozilla/5.0 (Windows NT 10.0; Win64; x64; rv:93.0) Gecko/20100101 Firefox/93.0"
192.168.1.2 - sarah [18/Mar/2023:11:16:30 +0000] "PUT /api/invoices HTTP/1.1" 403 540 "-" "Mozilla/5.0 (Macintosh; Intel Mac OS X 10_15_7) AppleWebKit/537.36 (KHTML, like Gecko) Chrome/94.0.4606.81 Safari/537.36"
192.168.1.1 - sarah [18/Mar/2023:11:16:30 +0000] "GET /api/users HTTP/1.1" 400 44 "-" "Mozilla/5.0 (Macintosh; Intel Mac OS X 10_15_7) AppleWebKit/537.36 (KHTML, like Gecko) Chrome/94.0.4606.81 Safari/537.36"
192.168.1.1 - mike [18/Mar/2023:11:16:30 +0000] "DELETE /api/orders HTTP/1.1" 404 688 "-" "Mozilla/5.0 (Windows NT 10.0; Win64; x64) AppleWebKit/537.36 (KHTML, like Gecko) Chrome/93.0.4577.63 Safari/537.36"
192.168.1.3 - john [18/Mar/2023:11:16:30 +0000] "PATCH /api/orders" 403 656 "-" "Mozilla/5.0 (Macintosh; Intel Mac OS X 10_15_7) AppleWebKit/537.36 (KHTML, like Gecko) Chrome/94.0.4606.81 Safari/537.36"
192.168.1.1 - emily [18/Mar/2023:11:16:30 +0000] "PATCH /api/orders" 400 736 "-" "Mozilla/5.0 (Macintosh; Intel Mac OS X 10_15_7) AppleWebKit/537.36 (KHTML, like Gecko) Chrome/94.0.4606.81 Safari/537.36"
192.168.1.4 - john [18/Mar/2023:11:16:30 +0000] "POST /api/products HTTP/1.1" 404 207 "-" "Mozilla/5.0 (Windows NT 10.0; Win64; x64; rv:93.0) Gecko/20100101 Firefox/93.0"
192.168.1.2 - john [18/Mar/2023:11:16:30 +0000] "GET /api/customers HTTP/1.1" 500 318 "-" "Mozilla/5.0 (Windows NT 10.0; Win64; x64) AppleWebKit/537.36 (KHTML, like Gecko) Chrome/93.0.4577.63 Safari/537.36"
192.168.1.2 - emily [18/Mar/2023:11:16:30 +0000] "GET /api/products HTTP/1.1" 401 312 "-" "Mozilla/5.0 (Macintosh; Intel Mac OS X 10_15_7) AppleWebKit/537.36 (KHTML, like Gecko) Chrome/94.0.4606.81 Safari/537.36"
192.168.1.2 - john [18/Mar/2023:11:16:30 +0000] "POST /api/orders HTTP/1.1" 401 759 "-" "Mozilla/5.0 (Windows NT 10.0; Win64; x64) AppleWebKit/537.36 (KHTML, like Gecko) Chrome/93.0.4577.63 Safari/537.36"
192.168.1.1 - mike [18/Mar/2023:11:16:30 +0000] "PUT /api/users HTTP/1.1" 400 155 "-" "Mozilla/5.0 (Macintosh; Intel Mac OS X 10_15_7) AppleWebKit/537.36 (KHTML, like Gecko) Chrome/93.0.4577.63 Safari/537.36"
192.168.1.5 - sarah [18/Mar/2023:11:16:30 +0000] "PUT /api/orders HTTP/1.1" 200 422 "-" "Mozilla/5.0 (Macintosh; Intel Mac OS X 10_15_7) AppleWebKit/537.36 (KHTML, like Gecko) Chrome/93.0.4577.63 Safari/537.36"
192.168.1.3 - john [18/Mar/2023:11:16:30 +0000] "PATCH /api/customers" 201 769 "-" "Mozilla/5.0 (Windows NT 10.0; Win64; x64; rv:93.0) Gecko/20100101 Firefox/93.0"
192.168.1.1 - sarah [18/Mar/2023:11:16:30 +0000] "POST /api/products HTTP/1.1" 201 303 "-" "Mozilla/5.0 (Windows NT 10.0; Win64; x64; rv:94.0) Gecko/20100101 Firefox/94.0"
192.168.1.5 - chris [18/Mar/2023:11:16:30 +0000] "PUT /api/users HTTP/1.1" 204 984 "-" "Mozilla/5.0 (Macintosh; Intel Mac OS X 10_15_7) AppleWebKit/537.36 (KHTML, like Gecko) Chrome/94.0.4606.81 Safari/537.36"
192.168.1.2 - chris [18/Mar/2023:11:16:30 +0000] "POST /api/orders HTTP/1.1" 204 771 "-" "Mozilla/5.0 (Windows NT 10.0; Win64; x64; rv:94.0) Gecko/20100101 Firefox/94.0"
192.168.1.5 - mike [18/Mar/2023:11:16:30 +0000] "DELETE /api/products HTTP/1.1" 400 713 "-" "Mozilla/5.0 (Windows NT 10.0; Win64; x64) AppleWebKit/537.36 (KHTML, like Gecko) Chrome/94.0.4606.81 Safari/537.36"
192.168.1.3 - john [18/Mar/2023:11:16:30 +0000] "POST /api/customers HTTP/1.1" 500 847 "-" "Mozilla/5.0 (Macintosh; Intel Mac OS X 10_15_7) AppleWebKit/537.36 (KHTML, like Gecko) Chrome/93.0.4577.63 Safari/537.36"
192.168.1.2 - sarah [18/Mar/2023:11:16:30 +0000] "GET /api/users HTTP/1.1" 500 760 "-" "Mozilla/5.0 (Windows NT 10.0; Win64; x64; rv:93.0) Gecko/20100101 Firefox/93.0"
192.168.1.4 - sarah [18/Mar/2023:11:16:30 +0000] "DELETE /api/products HTTP/1.1" 204 468 "-" "Mozilla/5.0 (Windows NT 10.0; Win64; x64) AppleWebKit/537.36 (KHTML, like Gecko) Chrome/93.0.4577.63 Safari/537.36"
192.168.1.2 - sarah [18/Mar/2023:11:16:30 +0000] "POST /api/users HTTP/1.1" 201 628 "-" "Mozilla/5.0 (Windows NT 10.0; Win64; x64; rv:93.0) Gecko/20100101 Firefox/93.0"
192.168.1.5 - john [18/Mar/2023:11:16:30 +0000] "DELETE /api/orders HTTP/1.1" 401 870 "-" "Mozilla/5.0 (Macintosh; Intel Mac OS X 10_15_7) AppleWebKit/537.36 (KHTML, like Gecko) Chrome/93.0.4577.63 Safari/537.36"
192.168.1.4 - john [18/Mar/2023:11:16:30 +0000] "POST /api/products HTTP/1.1" 404 43 "-" "Mozilla/5.0 (Windows NT 10.0; Win64; x64; rv:93.0) Gecko/20100101 Firefox/93.0"
192.168.1.3 - sarah [18/Mar/2023:11:16:30 +0000] "DELETE /api/users HTTP/1.1" 500 56 "-" "Mozilla/5.0 (Windows NT 10.0; Win64; x64) AppleWebKit/537.36 (KHTML, like Gecko) Chrome/94.0.4606.81 Safari/537.36"
192.168.1.2 - emily [18/Mar/2023:11:16:30 +0000] "GET /api/customers HTTP/1.1" 201 769 "-" "Mozilla/5.0 (Windows NT 10.0; Win64; x64; rv:93.0) Gecko/20100101 Firefox/93.0"
192.168.1.1 - john [18/Mar/2023:11:16:30 +0000] "PATCH /api/users" 204 874 "-" "Mozilla/5.0 (Windows NT 10.0; Win64; x64; rv:94.0) Gecko/20100101 Firefox/94.0"
192.168.1.2 - chris [18/Mar/2023:11:16:30 +0000] "GET /api/orders HTTP/1.1" 200 352 "-" "Mozilla/5.0 (Windows NT 10.0; Win64; x64) AppleWebKit/537.36 (KHTML, like Gecko) Chrome/94.0.4606.81 Safari/537.36"
192.168.1.2 - chris [18/Mar/2023:11:16:30 +0000] "PATCH /api/users" 400 743 "-" "Mozilla/5.0 (Windows NT 10.0; Win64; x64) AppleWebKit/537.36 (KHTML, like Gecko) Chrome/93.0.4577.63 Safari/537.36"
192.168.1.4 - john [18/Mar/2023:11:16:30 +0000] "POST /api/invoices HTTP/1.1" 403 542 "-" "Mozilla/5.0 (Windows NT 10.0; Win64; x64; rv:94.0) Gecko/20100101 Firefox/94.0"
192.168.1.3 - emily [18/Mar/2023:11:16:30 +0000] "PATCH /api/products" 500 909 "-" "Mozilla/5.0 (Windows NT 10.0; Win64; x64; rv:93.0) Gecko/20100101 Firefox/93.0"
192.168.1.2 - emily [18/Mar/2023:11:16:30 +0000] "POST /api/products HTTP/1.1" 400 631 "-" "Mozilla/5.0 (Windows NT 10.0; Win64; x64; rv:94.0) Gecko/20100101 Firefox/94.0"
192.168.1.1 - chris [18/Mar/2023:11:16:30 +0000] "POST /api/customers HTTP/1.1" 200 538 "-" "Mozilla/5.0 (Windows NT 10.0; Win64; x64; rv:94.0) Gecko/20100101 Firefox/94.0"
192.168.1.4 - john [18/Mar/2023:11:16:30 +0000] "GET /api/customers HTTP/1.1" 204 361 "-" "Mozilla/5.0 (Windows NT 10.0; Win64; x64) AppleWebKit/537.36 (KHTML, like Gecko) Chrome/94.0.4606.81 Safari/537.36"
192.168.1.2 - john [18/Mar/2023:11:16:30 +0000] "POST /api/customers HTTP/1.1" 403 637 "-" "Mozilla/5.0 (Windows NT 10.0; Win64; x64) AppleWebKit/537.36 (KHTML, like Gecko) Chrome/94.0.4606.81 Safari/537.36"
192.168.1.2 - mike [18/Mar/2023:11:16:30 +0000] "GET /api/orders HTTP/1.1" 403 809 "-" "Mozilla/5.0 (Windows NT 10.0; Win64; x64) AppleWebKit/537.36 (KHTML, like Gecko) Chrome/94.0.4606.81 Safari/537.36"
192.168.1.4 - john [18/Mar/2023:11:16:30 +0000] "PATCH /api/invoices" 500 822 "-" "Mozilla/5.0 (Windows NT 10.0; Win64; x64) AppleWebKit/537.36 (KHTML, like Gecko) Chrome/94.0.4606.81 Safari/537.36"
192.168.1.3 - john [18/Mar/2023:11:16:30 +0000] "PATCH /api/products" 201 220 "-" "Mozilla/5.0 (Windows NT 10.0; Win64; x64) AppleWebKit/537.36 (KHTML, like Gecko) Chrome/94.0.4606.81 Safari/537.36"
192.168.1.5 - mike [18/Mar/2023:11:16:30 +0000] "GET /api/customers HTTP/1.1" 200 460 "-" "Mozilla/5.0 (Macintosh; Intel Mac OS X 10_15_7) AppleWebKit/537.36 (KHTML, like Gecko) Chrome/94.0.4606.81 Safari/537.36"
192.168.1.3 - mike [18/Mar/2023:11:16:30 +0000] "POST /api/customers HTTP/1.1" 400 435 "-" "Mozilla/5.0 (Macintosh; Intel Mac OS X 10_15_7) AppleWebKit/537.36 (KHTML, like Gecko) Chrome/94.0.4606.81 Safari/537.36"
192.168.1.1 - john [18/Mar/2023:11:16:30 +0000] "GET /api/products HTTP/1.1" 401 166 "-" "Mozilla/5.0 (Windows NT 10.0; Win64; x64) AppleWebKit/537.36 (KHTML, like Gecko) Chrome/94.0.4606.81 Safari/537.36"
192.168.1.2 - emily [18/Mar/2023:11:16:30 +0000] "GET /api/products HTTP/1.1" 403 889 "-" "Mozilla/5.0 (Windows NT 10.0; Win64; x64; rv:94.0) Gecko/20100101 Firefox/94.0"
192.168.1.2 - mike [18/Mar/2023:11:16:30 +0000] "PATCH /api/products" 200 591 "-" "Mozilla/5.0 (Macintosh; Intel Mac OS X 10_15_7) AppleWebKit/537.36 (KHTML, like Gecko) Chrome/93.0.4577.63 Safari/537.36"
192.168.1.3 - emily [18/Mar/2023:11:16:30 +0000] "PUT /api/products HTTP/1.1" 403 477 "-" "Mozilla/5.0 (Windows NT 10.0; Win64; x64; rv:94.0) Gecko/20100101 Firefox/94.0"
192.168.1.5 - mike [18/Mar/2023:11:16:30 +0000] "PUT /api/users HTTP/1.1" 201 272 "-" "Mozilla/5.0 (Windows NT 10.0; Win64; x64) AppleWebKit/537.36 (KHTML, like Gecko) Chrome/94.0.4606.81 Safari/537.36"
192.168.1.4 - john [18/Mar/2023:11:16:30 +0000] "GET /api/orders HTTP/1.1" 500 74 "-" "Mozilla/5.0 (Macintosh; Intel Mac OS X 10_15_7) AppleWebKit/537.36 (KHTML, like Gecko) Chrome/93.0.4577.63 Safari/537.36"
192.168.1.4 - john [18/Mar/2023:11:16:30 +0000] "PATCH /api/users" 201 96 "-" "Mozilla/5.0 (Macintosh; Intel Mac OS X 10_15_7) AppleWebKit/537.36 (KHTML, like Gecko) Chrome/94.0.4606.81 Safari/537.36"
192.168.1.4 - john [18/Mar/2023:11:16:30 +0000] "GET /api/invoices HTTP/1.1" 400 852 "-" "Mozilla/5.0 (Windows NT 10.0; Win64; x64) AppleWebKit/537.36 (KHTML, like Gecko) Chrome/93.0.4577.63 Safari/537.36"
192.168.1.2 - mike [18/Mar/2023:11:16:30 +0000] "POST /api/invoices HTTP/1.1" 403 806 "-" "Mozilla/5.0 (Windows NT 10.0; Win64; x64) AppleWebKit/537.36 (KHTML, like Gecko) Chrome/94.0.4606.81 Safari/537.36"
192.168.1.2 - mike [18/Mar/2023:11:16:30 +0000] "GET /api/customers HTTP/1.1" 401 109 "-" "Mozilla/5.0 (Windows NT 10.0; Win64; x64; rv:94.0) Gecko/20100101 Firefox/94.0"
192.168.1.2 - emily [18/Mar/2023:11:16:30 +0000] "POST /api/users HTTP/1.1" 500 373 "-" "Mozilla/5.0 (Windows NT 10.0; Win64; x64; rv:93.0) Gecko/20100101 Firefox/93.0"
192.168.1.3 - emily [18/Mar/2023:11:16:30 +0000] "PUT /api/invoices HTTP/1.1" 500 345 "-" "Mozilla/5.0 (Windows NT 10.0; Win64; x64; rv:94.0) Gecko/20100101 Firefox/94.0"
192.168.1.1 - mike [18/Mar/2023:11:16:30 +0000] "DELETE /api/users HTTP/1.1" 401 398 "-" "Mozilla/5.0 (Macintosh; Intel Mac OS X 10_15_7) AppleWebKit/537.36 (KHTML, like Gecko) Chrome/94.0.4606.81 Safari/537.36"
192.168.1.3 - john [18/Mar/2023:11:16:30 +0000] "DELETE /api/users HTTP/1.1" 201 440 "-" "Mozilla/5.0 (Macintosh; Intel Mac OS X 10_15_7) AppleWebKit/537.36 (KHTML, like Gecko) Chrome/93.0.4577.63 Safari/537.36"
192.168.1.2 - mike [18/Mar/2023:11:16:30 +0000] "POST /api/invoices HTTP/1.1" 204 722 "-" "Mozilla/5.0 (Windows NT 10.0; Win64; x64; rv:93.0) Gecko/20100101 Firefox/93.0"
192.168.1.3 - sarah [18/Mar/2023:11:16:30 +0000] "PATCH /api/invoices" 401 261 "-" "Mozilla/5.0 (Macintosh; Intel Mac OS X 10_15_7) AppleWebKit/537.36 (KHTML, like Gecko) Chrome/93.0.4577.63 Safari/537.36"
192.168.1.3 - emily [18/Mar/2023:11:16:30 +0000] "GET /api/invoices HTTP/1.1" 500 781 "-" "Mozilla/5.0 (Windows NT 10.0; Win64; x64) AppleWebKit/537.36 (KHTML, like Gecko) Chrome/93.0.4577.63 Safari/537.36"
192.168.1.1 - chris [18/Mar/2023:11:16:30 +0000] "DELETE /api/customers HTTP/1.1" 403 946 "-" "Mozilla/5.0 (Macintosh; Intel Mac OS X 10_15_7) AppleWebKit/537.36 (KHTML, like Gecko) Chrome/94.0.4606.81 Safari/537.36"
192.168.1.5 - mike [18/Mar/2023:11:16:30 +0000] "DELETE /api/invoices HTTP/1.1" 404 192 "-" "Mozilla/5.0 (Windows NT 10.0; Win64; x64; rv:94.0) Gecko/20100101 Firefox/94.0"
192.168.1.1 - sarah [18/Mar/2023:11:16:30 +0000] "GET /api/invoices HTTP/1.1" 201 838 "-" "Mozilla/5.0 (Macintosh; Intel Mac OS X 10_15_7) AppleWebKit/537.36 (KHTML, like Gecko) Chrome/94.0.4606.81 Safari/537.36"
192.168.1.2 - mike [18/Mar/2023:11:16:30 +0000] "POST /api/customers HTTP/1.1" 403 73 "-" "Mozilla/5.0 (Macintosh; Intel Mac OS X 10_15_7) AppleWebKit/537.36 (KHTML, like Gecko) Chrome/93.0.4577.63 Safari/537.36"
192.168.1.4 - sarah [18/Mar/2023:11:16:30 +0000] "PATCH /api/invoices" 200 249 "-" "Mozilla/5.0 (Windows NT 10.0; Win64; x64; rv:93.0) Gecko/20100101 Firefox/93.0"
192.168.1.2 - chris [18/Mar/2023:11:16:30 +0000] "PATCH /api/orders" 200 532 "-" "Mozilla/5.0 (Windows NT 10.0; Win64; x64; rv:93.0) Gecko/20100101 Firefox/93.0"
192.168.1.5 - mike [18/Mar/2023:11:16:30 +0000] "POST /api/orders HTTP/1.1" 403 351 "-" "Mozilla/5.0 (Macintosh; Intel Mac OS X 10_15_7) AppleWebKit/537.36 (KHTML, like Gecko) Chrome/94.0.4606.81 Safari/537.36"
192.168.1.1 - emily [18/Mar/2023:11:16:30 +0000] "DELETE /api/orders HTTP/1.1" 403 566 "-" "Mozilla/5.0 (Windows NT 10.0; Win64; x64; rv:93.0) Gecko/20100101 Firefox/93.0"
192.168.1.3 - chris [18/Mar/2023:11:16:30 +0000] "POST /api/customers HTTP/1.1" 204 59 "-" "Mozilla/5.0 (Macintosh; Intel Mac OS X 10_15_7) AppleWebKit/537.36 (KHTML, like Gecko) Chrome/94.0.4606.81 Safari/537.36"
192.168.1.3 - john [18/Mar/2023:11:16:30 +0000] "PATCH /api/invoices" 400 421 "-" "Mozilla/5.0 (Windows NT 10.0; Win64; x64) AppleWebKit/537.36 (KHTML, like Gecko) Chrome/94.0.4606.81 Safari/537.36"
192.168.1.4 - mike [18/Mar/2023:11:16:30 +0000] "PUT /api/customers HTTP/1.1" 200 204 "-" "Mozilla/5.0 (Macintosh; Intel Mac OS X 10_15_7) AppleWebKit/537.36 (KHTML, like Gecko) Chrome/93.0.4577.63 Safari/537.36"
192.168.1.3 - mike [18/Mar/2023:11:16:30 +0000] "PUT /api/users HTTP/1.1" 204 216 "-" "Mozilla/5.0 (Macintosh; Intel Mac OS X 10_15_7) AppleWebKit/537.36 (KHTML, like Gecko) Chrome/94.0.4606.81 Safari/537.36"
192.168.1.5 - mike [18/Mar/2023:11:16:30 +0000] "DELETE /api/invoices HTTP/1.1" 200 352 "-" "Mozilla/5.0 (Windows NT 10.0; Win64; x64; rv:93.0) Gecko/20100101 Firefox/93.0"
192.168.1.4 - chris [18/Mar/2023:11:16:30 +0000] "GET /api/invoices HTTP/1.1" 200 899 "-" "Mozilla/5.0 (Macintosh; Intel Mac OS X 10_15_7) AppleWebKit/537.36 (KHTML, like Gecko) Chrome/93.0.4577.63 Safari/537.36"
192.168.1.5 - mike [18/Mar/2023:11:16:30 +0000] "GET /api/orders HTTP/1.1" 401 329 "-" "Mozilla/5.0 (Windows NT 10.0; Win64; x64; rv:94.0) Gecko/20100101 Firefox/94.0"
192.168.1.1 - mike [18/Mar/2023:11:16:30 +0000] "POST /api/products HTTP/1.1" 401 171 "-" "Mozilla/5.0 (Windows NT 10.0; Win64; x64; rv:94.0) Gecko/20100101 Firefox/94.0"
192.168.1.4 - chris [18/Mar/2023:11:16:30 +0000] "POST /api/invoices HTTP/1.1" 401 731 "-" "Mozilla/5.0 (Windows NT 10.0; Win64; x64; rv:94.0) Gecko/20100101 Firefox/94.0"
192.168.1.2 - sarah [18/Mar/2023:11:16:30 +0000] "DELETE /api/invoices HTTP/1.1" 400 631 "-" "Mozilla/5.0 (Macintosh; Intel Mac OS X 10_15_7) AppleWebKit/537.36 (KHTML, like Gecko) Chrome/93.0.4577.63 Safari/537.36"
192.168.1.1 - chris [18/Mar/2023:11:16:30 +0000] "GET /api/invoices HTTP/1.1" 500 240 "-" "Mozilla/5.0 (Windows NT 10.0; Win64; x64) AppleWebKit/537.36 (KHTML, like Gecko) Chrome/94.0.4606.81 Safari/537.36"
192.168.1.5 - chris [18/Mar/2023:11:16:30 +0000] "PUT /api/orders HTTP/1.1" 401 181 "-" "Mozilla/5.0 (Macintosh; Intel Mac OS X 10_15_7) AppleWebKit/537.36 (KHTML, like Gecko) Chrome/93.0.4577.63 Safari/537.36"
192.168.1.2 - john [18/Mar/2023:11:16:30 +0000] "POST /api/products HTTP/1.1" 404 800 "-" "Mozilla/5.0 (Macintosh; Intel Mac OS X 10_15_7) AppleWebKit/537.36 (KHTML, like Gecko) Chrome/94.0.4606.81 Safari/537.36"
192.168.1.2 - sarah [18/Mar/2023:11:16:30 +0000] "GET /api/users HTTP/1.1" 201 741 "-" "Mozilla/5.0 (Windows NT 10.0; Win64; x64; rv:93.0) Gecko/20100101 Firefox/93.0"
192.168.1.5 - sarah [18/Mar/2023:11:16:30 +0000] "GET /api/invoices HTTP/1.1" 401 911 "-" "Mozilla/5.0 (Macintosh; Intel Mac OS X 10_15_7) AppleWebKit/537.36 (KHTML, like Gecko) Chrome/94.0.4606.81 Safari/537.36"
192.168.1.3 - john [18/Mar/2023:11:16:30 +0000] "POST /api/customers HTTP/1.1" 201 103 "-" "Mozilla/5.0 (Windows NT 10.0; Win64; x64; rv:94.0) Gecko/20100101 Firefox/94.0"
192.168.1.5 - mike [18/Mar/2023:11:16:30 +0000] "POST /api/products HTTP/1.1" 403 802 "-" "Mozilla/5.0 (Macintosh; Intel Mac OS X 10_15_7) AppleWebKit/537.36 (KHTML, like Gecko) Chrome/94.0.4606.81 Safari/537.36"
192.168.1.4 - mike [18/Mar/2023:11:16:30 +0000] "POST /api/users HTTP/1.1" 201 395 "-" "Mozilla/5.0 (Macintosh; Intel Mac OS X 10_15_7) AppleWebKit/537.36 (KHTML, like Gecko) Chrome/93.0.4577.63 Safari/537.36"
192.168.1.5 - emily [18/Mar/2023:11:16:30 +0000] "GET /api/products HTTP/1.1" 500 231 "-" "Mozilla/5.0 (Windows NT 10.0; Win64; x64) AppleWebKit/537.36 (KHTML, like Gecko) Chrome/94.0.4606.81 Safari/537.36"
192.168.1.4 - sarah [18/Mar/2023:11:16:30 +0000] "PUT /api/orders HTTP/1.1" 200 530 "-" "Mozilla/5.0 (Windows NT 10.0; Win64; x64; rv:94.0) Gecko/20100101 Firefox/94.0"
192.168.1.4 - john [18/Mar/2023:11:16:30 +0000] "GET /api/products HTTP/1.1" 201 643 "-" "Mozilla/5.0 (Windows NT 10.0; Win64; x64) AppleWebKit/537.36 (KHTML, like Gecko) Chrome/94.0.4606.81 Safari/537.36"
192.168.1.2 - emily [18/Mar/2023:11:16:30 +0000] "POST /api/users HTTP/1.1" 400 590 "-" "Mozilla/5.0 (Macintosh; Intel Mac OS X 10_15_7) AppleWebKit/537.36 (KHTML, like Gecko) Chrome/94.0.4606.81 Safari/537.36"
192.168.1.5 - chris [18/Mar/2023:11:16:30 +0000] "POST /api/customers HTTP/1.1" 400 948 "-" "Mozilla/5.0 (Windows NT 10.0; Win64; x64; rv:93.0) Gecko/20100101 Firefox/93.0"
192.168.1.3 - mike [18/Mar/2023:11:16:30 +0000] "GET /api/users HTTP/1.1" 201 806 "-" "Mozilla/5.0 (Windows NT 10.0; Win64; x64; rv:93.0) Gecko/20100101 Firefox/93.0"
192.168.1.2 - emily [18/Mar/2023:11:16:30 +0000] "GET /api/customers HTTP/1.1" 200 694 "-" "Mozilla/5.0 (Windows NT 10.0; Win64; x64; rv:94.0) Gecko/20100101 Firefox/94.0"
192.168.1.4 - mike [18/Mar/2023:11:16:30 +0000] "DELETE /api/products HTTP/1.1" 403 304 "-" "Mozilla/5.0 (Windows NT 10.0; Win64; x64) AppleWebKit/537.36 (KHTML, like Gecko) Chrome/93.0.4577.63 Safari/537.36"
192.168.1.3 - emily [18/Mar/2023:11:16:30 +0000] "POST /api/products HTTP/1.1" 200 273 "-" "Mozilla/5.0 (Windows NT 10.0; Win64; x64; rv:93.0) Gecko/20100101 Firefox/93.0"
192.168.1.4 - sarah [18/Mar/2023:11:16:30 +0000] "GET /api/customers HTTP/1.1" 204 871 "-" "Mozilla/5.0 (Windows NT 10.0; Win64; x64) AppleWebKit/537.36 (KHTML, like Gecko) Chrome/93.0.4577.63 Safari/537.36"
192.168.1.3 - chris [18/Mar/2023:11:16:30 +0000] "POST /api/products HTTP/1.1" 201 822 "-" "Mozilla/5.0 (Windows NT 10.0; Win64; x64) AppleWebKit/537.36 (KHTML, like Gecko) Chrome/93.0.4577.63 Safari/537.36"
192.168.1.1 - mike [18/Mar/2023:11:16:30 +0000] "PUT /api/products HTTP/1.1" 201 762 "-" "Mozilla/5.0 (Macintosh; Intel Mac OS X 10_15_7) AppleWebKit/537.36 (KHTML, like Gecko) Chrome/93.0.4577.63 Safari/537.36"
192.168.1.4 - john [18/Mar/2023:11:16:30 +0000] "POST /api/orders HTTP/1.1" 500 177 "-" "Mozilla/5.0 (Windows NT 10.0; Win64; x64; rv:93.0) Gecko/20100101 Firefox/93.0"
192.168.1.3 - john [18/Mar/2023:11:16:30 +0000] "POST /api/customers HTTP/1.1" 403 557 "-" "Mozilla/5.0 (Windows NT 10.0; Win64; x64) AppleWebKit/537.36 (KHTML, like Gecko) Chrome/94.0.4606.81 Safari/537.36"
192.168.1.3 - chris [18/Mar/2023:11:16:30 +0000] "DELETE /api/products HTTP/1.1" 404 966 "-" "Mozilla/5.0 (Windows NT 10.0; Win64; x64) AppleWebKit/537.36 (KHTML, like Gecko) Chrome/93.0.4577.63 Safari/537.36"
192.168.1.5 - emily [18/Mar/2023:11:16:30 +0000] "POST /api/invoices HTTP/1.1" 500 412 "-" "Mozilla/5.0 (Macintosh; Intel Mac OS X 10_15_7) AppleWebKit/537.36 (KHTML, like Gecko) Chrome/94.0.4606.81 Safari/537.36"
192.168.1.1 - chris [18/Mar/2023:11:16:30 +0000] "GET /api/users HTTP/1.1" 201 864 "-" "Mozilla/5.0 (Windows NT 10.0; Win64; x64) AppleWebKit/537.36 (KHTML, like Gecko) Chrome/93.0.4577.63 Safari/537.36"
192.168.1.3 - john [18/Mar/2023:11:16:30 +0000] "GET /api/orders HTTP/1.1" 401 411 "-" "Mozilla/5.0 (Windows NT 10.0; Win64; x64; rv:94.0) Gecko/20100101 Firefox/94.0"
192.168.1.5 - emily [18/Mar/2023:11:16:30 +0000] "PUT /api/invoices HTTP/1.1" 403 24 "-" "Mozilla/5.0 (Windows NT 10.0; Win64; x64) AppleWebKit/537.36 (KHTML, like Gecko) Chrome/93.0.4577.63 Safari/537.36"
192.168.1.4 - mike [18/Mar/2023:11:16:30 +0000] "GET /api/invoices HTTP/1.1" 401 777 "-" "Mozilla/5.0 (Windows NT 10.0; Win64; x64) AppleWebKit/537.36 (KHTML, like Gecko) Chrome/94.0.4606.81 Safari/537.36"
192.168.1.2 - emily [18/Mar/2023:11:16:30 +0000] "DELETE /api/customers HTTP/1.1" 201 817 "-" "Mozilla/5.0 (Windows NT 10.0; Win64; x64; rv:94.0) Gecko/20100101 Firefox/94.0"
192.168.1.5 - sarah [18/Mar/2023:11:16:30 +0000] "PATCH /api/invoices" 201 571 "-" "Mozilla/5.0 (Windows NT 10.0; Win64; x64; rv:94.0) Gecko/20100101 Firefox/94.0"
192.168.1.4 - sarah [18/Mar/2023:11:16:30 +0000] "PUT /api/products HTTP/1.1" 401 518 "-" "Mozilla/5.0 (Windows NT 10.0; Win64; x64; rv:93.0) Gecko/20100101 Firefox/93.0"
192.168.1.2 - emily [18/Mar/2023:11:16:30 +0000] "POST /api/orders HTTP/1.1" 200 638 "-" "Mozilla/5.0 (Windows NT 10.0; Win64; x64) AppleWebKit/537.36 (KHTML, like Gecko) Chrome/93.0.4577.63 Safari/537.36"
192.168.1.2 - sarah [18/Mar/2023:11:16:30 +0000] "POST /api/products HTTP/1.1" 400 827 "-" "Mozilla/5.0 (Windows NT 10.0; Win64; x64; rv:94.0) Gecko/20100101 Firefox/94.0"
192.168.1.1 - chris [18/Mar/2023:11:16:30 +0000] "POST /api/invoices HTTP/1.1" 401 934 "-" "Mozilla/5.0 (Macintosh; Intel Mac OS X 10_15_7) AppleWebKit/537.36 (KHTML, like Gecko) Chrome/94.0.4606.81 Safari/537.36"
192.168.1.4 - emily [18/Mar/2023:11:16:30 +0000] "GET /api/users HTTP/1.1" 404 484 "-" "Mozilla/5.0 (Windows NT 10.0; Win64; x64) AppleWebKit/537.36 (KHTML, like Gecko) Chrome/94.0.4606.81 Safari/537.36"
192.168.1.1 - chris [18/Mar/2023:11:16:30 +0000] "POST /api/orders HTTP/1.1" 403 632 "-" "Mozilla/5.0 (Windows NT 10.0; Win64; x64; rv:94.0) Gecko/20100101 Firefox/94.0"
192.168.1.2 - chris [18/Mar/2023:11:16:30 +0000] "POST /api/products HTTP/1.1" 201 21 "-" "Mozilla/5.0 (Windows NT 10.0; Win64; x64; rv:94.0) Gecko/20100101 Firefox/94.0"
192.168.1.5 - emily [18/Mar/2023:11:16:30 +0000] "PATCH /api/products" 204 994 "-" "Mozilla/5.0 (Macintosh; Intel Mac OS X 10_15_7) AppleWebKit/537.36 (KHTML, like Gecko) Chrome/94.0.4606.81 Safari/537.36"
192.168.1.3 - mike [18/Mar/2023:11:16:30 +0000] "PUT /api/users HTTP/1.1" 201 52 "-" "Mozilla/5.0 (Windows NT 10.0; Win64; x64) AppleWebKit/537.36 (KHTML, like Gecko) Chrome/93.0.4577.63 Safari/537.36"
192.168.1.3 - john [18/Mar/2023:11:16:30 +0000] "POST /api/users HTTP/1.1" 400 614 "-" "Mozilla/5.0 (Macintosh; Intel Mac OS X 10_15_7) AppleWebKit/537.36 (KHTML, like Gecko) Chrome/93.0.4577.63 Safari/537.36"
192.168.1.4 - mike [18/Mar/2023:11:16:30 +0000] "PUT /api/products HTTP/1.1" 403 24 "-" "Mozilla/5.0 (Windows NT 10.0; Win64; x64) AppleWebKit/537.36 (KHTML, like Gecko) Chrome/93.0.4577.63 Safari/537.36"
192.168.1.3 - john [18/Mar/2023:11:16:30 +0000] "PUT /api/invoices HTTP/1.1" 404 416 "-" "Mozilla/5.0 (Macintosh; Intel Mac OS X 10_15_7) AppleWebKit/537.36 (KHTML, like Gecko) Chrome/94.0.4606.81 Safari/537.36"
192.168.1.1 - mike [18/Mar/2023:11:16:30 +0000] "DELETE /api/orders HTTP/1.1" 400 573 "-" "Mozilla/5.0 (Windows NT 10.0; Win64; x64; rv:93.0) Gecko/20100101 Firefox/93.0"
192.168.1.1 - emily [18/Mar/2023:11:16:30 +0000] "POST /api/products HTTP/1.1" 200 600 "-" "Mozilla/5.0 (Macintosh; Intel Mac OS X 10_15_7) AppleWebKit/537.36 (KHTML, like Gecko) Chrome/93.0.4577.63 Safari/537.36"
