192.168.1.2 - john [18/Mar/2023:11:16:30 +0000] "DELETE /api/users HTTP/1.1" 404 737 "-" "Mozilla/5.0 (Macintosh; Intel Mac OS X 10_15_7) AppleWebKit/537.36 (KHTML, like Gecko) Chrome/93.0.4577.63 Safari/537.36"
192.168.1.4 - mike [18/Mar/2023:11:16:30 +0000] "PUT /api/orders HTTP/1.1" 401 847 "-" "Mozilla/5.0 (Windows NT 10.0; Win64; x64) AppleWebKit/537.36 (KHTML, like Gecko) Chrome/93.0.4577.63 Safari/537.36"
192.168.1.3 - chris [18/Mar/2023:11:16:30 +0000] "GET /api/orders HTTP/1.1" 403 962 "-" "Mozilla/5.0 (Windows NT 10.0; Win64; x64; rv:94.0) Gecko/20100101 Firefox/94.0"
192.168.1.2 - john [18/Mar/2023:11:16:30 +0000] "GET /api/users HTTP/1.1" 401 881 "-" "Mozilla/5.0 (Windows NT 10.0; Win64; x64) AppleWebKit/537.36 (KHTML, like Gecko) Chrome/94.0.4606.81 Safari/537.36"
192.168.1.4 - emily [18/Mar/2023:11:16:30 +0000] "GET /api/invoices HTTP/1.1" 204 246 "-" "Mozilla/5.0 (Windows NT 10.0; Win64; x64; rv:94.0) Gecko/20100101 Firefox/94.0"
192.168.1.1 - chris [18/Mar/2023:11:16:30 +0000] "PUT /api/customers HTTP/1.1" 200 172 "-" "Mozilla/5.0 (Macintosh; Intel Mac OS X 10_15_7) AppleWebKit/537.36 (KHTML, like Gecko) Chrome/93.0.4577.63 Safari/537.36"
192.168.1.1 - sarah [18/Mar/2023:11:16:30 +0000] "DELETE /api/products HTTP/1.1" 404 850 "-" "Mozilla/5.0 (Windows NT 10.0; Win64; x64) AppleWebKit/537.36 (KHTML, like Gecko) Chrome/94.0.4606.81 Safari/537.36"
192.168.1.3 - mike [18/Mar/2023:11:16:30 +0000] "GET /api/orders HTTP/1.1" 200 36 "-" "Mozilla/5.0 (Windows NT 10.0; Win64; x64; rv:94.0) Gecko/20100101 Firefox/94.0"
192.168.1.3 - mike [18/Mar/2023:11:16:30 +0000] "DELETE /api/products HTTP/1.1" 500 179 "-" "Mozilla/5.0 (Windows NT 10.0; Win64; x64) AppleWebKit/537.36 (KHTML, like Gecko) Chrome/94.0.4606.81 Safari/537.36"
192.168.1.2 - sarah [18/Mar/2023:11:16:30 +0000] "POST /api/customers HTTP/1.1" 200 496 "-" "Mozilla/5.0 (Macintosh; Intel Mac OS X 10_15_7) AppleWebKit/537.36 (KHTML, like Gecko) Chrome/94.0.4606.81 Safari/537.36"
192.168.1.2 - sarah [18/Mar/2023:11:16:30 +0000] "GET /api/users HTTP/1.1" 400 569 "-" "Mozilla/5.0 (Windows NT 10.0; Win64; x64; rv:94.0) Gecko/20100101 Firefox/94.0"
192.168.1.2 - sarah [18/Mar/2023:11:16:30 +0000] "PUT /api/users HTTP/1.1" 403 92 "-" "Mozilla/5.0 (Macintosh; Intel Mac OS X 10_15_7) AppleWebKit/537.36 (KHTML, like Gecko) Chrome/93.0.4577.63 Safari/537.36"
192.168.1.3 - mike [18/Mar/2023:11:16:30 +0000] "POST /api/customers HTTP/1.1" 201 797 "-" "Mozilla/5.0 (Windows NT 10.0; Win64; x64; rv:94.0) Gecko/20100101 Firefox/94.0"
192.168.1.3 - sarah [18/Mar/2023:11:16:30 +0000] "DELETE /api/users HTTP/1.1" 400 947 "-" "Mozilla/5.0 (Windows NT 10.0; Win64; x64; rv:93.0) Gecko/20100101 Firefox/93.0"
192.168.1.3 - emily [18/Mar/2023:11:16:30 +0000] "DELETE /api/orders HTTP/1.1" 201 507 "-" "Mozilla/5.0 (Windows NT 10.0; Win64; x64) AppleWebKit/537.36 (KHTML, like Gecko) Chrome/94.0.4606.81 Safari/537.36"
192.168.1.1 - sarah [18/Mar/2023:11:16:30 +0000] "GET /api/invoices HTTP/1.1" 400 668 "-" "Mozilla/5.0 (Windows NT 10.0; Win64; x64; rv:93.0) Gecko/20100101 Firefox/93.0"
192.168.1.5 - john [18/Mar/2023:11:16:30 +0000] "GET /api/invoices HTTP/1.1" 201 561 "-" "Mozilla/5.0 (Macintosh; Intel Mac OS X 10_15_7) AppleWebKit/537.36 (KHTML, like Gecko) Chrome/94.0.4606.81 Safari/537.36"
192.168.1.5 - emily [18/Mar/2023:11:16:30 +0000] "GET /api/invoices HTTP/1.1" 204 434 "-" "Mozilla/5.0 (Macintosh; Intel Mac OS X 10_15_7) AppleWebKit/537.36 (KHTML, like Gecko) Chrome/94.0.4606.81 Safari/537.36"
192.168.1.5 - john [18/Mar/2023:11:16:30 +0000] "GET /api/orders HTTP/1.1" 404 274 "-" "Mozilla/5.0 (Windows NT 10.0; Win64; x64; rv:93.0) Gecko/20100101 Firefox/93.0"
192.168.1.1 - sarah [18/Mar/2023:11:16:30 +0000] "PUT /api/products HTTP/1.1" 201 839 "-" "Mozilla/5.0 (Macintosh; Intel Mac OS X 10_15_7) AppleWebKit/537.36 (KHTML, like Gecko) Chrome/93.0.4577.63 Safari/537.36"
192.168.1.2 - mike [18/Mar/2023:11:16:30 +0000] "GET /api/products HTTP/1.1" 400 616 "-" "Mozilla/5.0 (Macintosh; Intel Mac OS X 10_15_7) AppleWebKit/537.36 (KHTML, like Gecko) Chrome/93.0.4577.63 Safari/537.36"
192.168.1.3 - chris [18/Mar/2023:11:16:30 +0000] "PUT /api/users HTTP/1.1" 201 40 "-" "Mozilla/5.0 (Macintosh; Intel Mac OS X 10_15_7) AppleWebKit/537.36 (KHTML, like Gecko) Chrome/94.0.4606.81 Safari/537.36"
192.168.1.1 - mike [18/Mar/2023:11:16:30 +0000] "GET /api/products HTTP/1.1" 404 309 "-" "Mozilla/5.0 (Windows NT 10.0; Win64; x64; rv:93.0) Gecko/20100101 Firefox/93.0"
192.168.1.2 - sarah [18/Mar/2023:11:16:30 +0000] "PUT /api/invoices HTTP/1.1" 401 330 "-" "Mozilla/5.0 (Macintosh; Intel Mac OS X 10_15_7) AppleWebKit/537.36 (KHTML, like Gecko) Chrome/93.0.4577.63 Safari/537.36"
192.168.1.2 - emily [18/Mar/2023:11:16:30 +0000] "PUT /api/users HTTP/1.1" 400 453 "-" "Mozilla/5.0 (Windows NT 10.0; Win64; x64) AppleWebKit/537.36 (KHTML, like Gecko) Chrome/94.0.4606.81 Safari/537.36"
192.168.1.4 - sarah [18/Mar/2023:11:16:30 +0000] "PUT /api/orders HTTP/1.1" 201 241 "-" "Mozilla/5.0 (Macintosh; Intel Mac OS X 10_15_7) AppleWebKit/537.36 (KHTML, like Gecko) Chrome/93.0.4577.63 Safari/537.36"
192.168.1.5 - mike [18/Mar/2023:11:16:30 +0000] "GET /api/orders HTTP/1.1" 200 152 "-" "Mozilla/5.0 (Macintosh; Intel Mac OS X 10_15_7) AppleWebKit/537.36 (KHTML, like Gecko) Chrome/94.0.4606.81 Safari/537.36"
192.168.1.5 - mike [18/Mar/2023:11:16:30 +0000] "PUT /api/customers HTTP/1.1" 204 935 "-" "Mozilla/5.0 (Windows NT 10.0; Win64; x64) AppleWebKit/537.36 (KHTML, like Gecko) Chrome/93.0.4577.63 Safari/537.36"
192.168.1.1 - john [18/Mar/2023:11:16:30 +0000] "GET /api/customers HTTP/1.1" 404 372 "-" "Mozilla/5.0 (Windows NT 10.0; Win64; x64) AppleWebKit/537.36 (KHTML, like Gecko) Chrome/94.0.4606.81 Safari/537.36"
192.168.1.1 - emily [18/Mar/2023:11:16:30 +0000] "DELETE /api/products HTTP/1.1" 404 537 "-" "Mozilla/5.0 (Macintosh; Intel Mac OS X 10_15_7) AppleWebKit/537.36 (KHTML, like Gecko) Chrome/94.0.4606.81 Safari/537.36"
192.168.1.5 - chris [18/Mar/2023:11:16:30 +0000] "PUT /api/products HTTP/1.1" 201 593 "-" "Mozilla/5.0 (Windows NT 10.0; Win64; x64; rv:93.0) Gecko/20100101 Firefox/93.0"
192.168.1.2 - sarah [18/Mar/2023:11:16:30 +0000] "PUT /api/products HTTP/1.1" 201 503 "-" "Mozilla/5.0 (Windows NT 10.0; Win64; x64) AppleWebKit/537.36 (KHTML, like Gecko) Chrome/94.0.4606.81 Safari/537.36"
192.168.1.3 - chris [18/Mar/2023:11:16:30 +0000] "POST /api/users HTTP/1.1" 200 759 "-" "Mozilla/5.0 (Macintosh; Intel Mac OS X 10_15_7) AppleWebKit/537.36 (KHTML, like Gecko) Chrome/94.0.4606.81 Safari/537.36"
192.168.1.5 - mike [18/Mar/2023:11:16:30 +0000] "DELETE /api/users HTTP/1.1" 403 740 "-" "Mozilla/5.0 (Windows NT 10.0; Win64; x64; rv:94.0) Gecko/20100101 Firefox/94.0"
192.168.1.2 - sarah [18/Mar/2023:11:16:30 +0000] "GET /api/customers HTTP/1.1" 204 386 "-" "Mozilla/5.0 (Macintosh; Intel Mac OS X 10_15_7) AppleWebKit/537.36 (KHTML, like Gecko) Chrome/93.0.4577.63 Safari/537.36"
192.168.1.5 - john [18/Mar/2023:11:16:30 +0000] "PATCH /api/products" 400 508 "-" "Mozilla/5.0 (Macintosh; Intel Mac OS X 10_15_7) AppleWebKit/537.36 (KHTML, like Gecko) Chrome/94.0.4606.81 Safari/537.36"
192.168.1.4 - john [18/Mar/2023:11:16:30 +0000] "DELETE /api/customers HTTP/1.1" 401 356 "-" "Mozilla/5.0 (Macintosh; Intel Mac OS X 10_15_7) AppleWebKit/537.36 (KHTML, like Gecko) Chrome/94.0.4606.81 Safari/537.36"
192.168.1.3 - mike [18/Mar/2023:11:16:30 +0000] "PATCH /api/invoices" 200 179 "-" "Mozilla/5.0 (Macintosh; Intel Mac OS X 10_15_7) AppleWebKit/537.36 (KHTML, like Gecko) Chrome/93.0.4577.63 Safari/537.36"
192.168.1.4 - sarah [18/Mar/2023:11:16:30 +0000] "GET /api/orders HTTP/1.1" 401 515 "-" "Mozilla/5.0 (Windows NT 10.0; Win64; x64; rv:94.0) Gecko/20100101 Firefox/94.0"
192.168.1.4 - john [18/Mar/2023:11:16:30 +0000] "DELETE /api/users HTTP/1.1" 201 176 "-" "Mozilla/5.0 (Windows NT 10.0; Win64; x64) AppleWebKit/537.36 (KHTML, like Gecko) Chrome/93.0.4577.63 Safari/537.36"
192.168.1.5 - emily [18/Mar/2023:11:16:30 +0000] "PUT /api/users HTTP/1.1" 401 809 "-" "Mozilla/5.0 (Windows NT 10.0; Win64; x64; rv:93.0) Gecko/20100101 Firefox/93.0"
192.168.1.4 - sarah [18/Mar/2023:11:16:30 +0000] "GET /api/customers HTTP/1.1" 201 973 "-" "Mozilla/5.0 (Windows NT 10.0; Win64; x64; rv:94.0) Gecko/20100101 Firefox/94.0"
192.168.1.1 - john [18/Mar/2023:11:16:30 +0000] "POST /api/customers HTTP/1.1" 204 310 "-" "Mozilla/5.0 (Macintosh; Intel Mac OS X 10_15_7) AppleWebKit/537.36 (KHTML, like Gecko) Chrome/93.0.4577.63 Safari/537.36"
192.168.1.2 - john [18/Mar/2023:11:16:30 +0000] "PUT /api/invoices HTTP/1.1" 404 529 "-" "Mozilla/5.0 (Macintosh; Intel Mac OS X 10_15_7) AppleWebKit/537.36 (KHTML, like Gecko) Chrome/94.0.4606.81 Safari/537.36"
192.168.1.5 - john [18/Mar/2023:11:16:30 +0000] "POST /api/customers HTTP/1.1" 204 287 "-" "Mozilla/5.0 (Windows NT 10.0; Win64; x64; rv:93.0) Gecko/20100101 Firefox/93.0"
192.168.1.1 - john [18/Mar/2023:11:16:30 +0000] "PATCH /api/users" 500 835 "-" "Mozilla/5.0 (Windows NT 10.0; Win64; x64; rv:93.0) Gecko/20100101 Firefox/93.0"
192.168.1.3 - john [18/Mar/2023:11:16:30 +0000] "POST /api/orders HTTP/1.1" 500 272 "-" "Mozilla/5.0 (Windows NT 10.0; Win64; x64; rv:93.0) Gecko/20100101 Firefox/93.0"
192.168.1.5 - emily [18/Mar/2023:11:16:30 +0000] "PATCH /api/products" 200 713 "-" "Mozilla/5.0 (Windows NT 10.0; Win64; x64; rv:94.0) Gecko/20100101 Firefox/94.0"
192.168.1.1 - john [18/Mar/2023:11:16:30 +0000] "PUT /api/products HTTP/1.1" 404 308 "-" "Mozilla/5.0 (Windows NT 10.0; Win64; x64) AppleWebKit/537.36 (KHTML, like Gecko) Chrome/94.0.4606.81 Safari/537.36"
192.168.1.5 - chris [18/Mar/2023:11:16:30 +0000] "DELETE /api/orders HTTP/1.1" 400 44 "-" "Mozilla/5.0 (Windows NT 10.0; Win64; x64; rv:94.0) Gecko/20100101 Firefox/94.0"
192.168.1.5 - emily [18/Mar/2023:11:16:30 +0000] "GET /api/products HTTP/1.1" 400 246 "-" "Mozilla/5.0 (Windows NT 10.0; Win64; x64; rv:93.0) Gecko/20100101 Firefox/93.0"
192.168.1.5 - sarah [18/Mar/2023:11:16:30 +0000] "GET /api/users HTTP/1.1" 404 261 "-" "Mozilla/5.0 (Windows NT 10.0; Win64; x64; rv:93.0) Gecko/20100101 Firefox/93.0"
192.168.1.1 - emily [18/Mar/2023:11:16:30 +0000] "DELETE /api/users HTTP/1.1" 201 788 "-" "Mozilla/5.0 (Macintosh; Intel Mac OS X 10_15_7) AppleWebKit/537.36 (KHTML, like Gecko) Chrome/93.0.4577.63 Safari/537.36"
192.168.1.2 - chris [18/Mar/2023:11:16:30 +0000] "PUT /api/customers HTTP/1.1" 400 911 "-" "Mozilla/5.0 (Windows NT 10.0; Win64; x64) AppleWebKit/537.36 (KHTML, like Gecko) Chrome/93.0.4577.63 Safari/537.36"
192.168.1.2 - john [18/Mar/2023:11:16:30 +0000] "POST /api/orders HTTP/1.1" 204 185 "-" "Mozilla/5.0 (Macintosh; Intel Mac OS X 10_15_7) AppleWebKit/537.36 (KHTML, like Gecko) Chrome/93.0.4577.63 Safari/537.36"
192.168.1.1 - john [18/Mar/2023:11:16:30 +0000] "PUT /api/users HTTP/1.1" 403 363 "-" "Mozilla/5.0 (Windows NT 10.0; Win64; x64; rv:94.0) Gecko/20100101 Firefox/94.0"
192.168.1.2 - chris [18/Mar/2023:11:16:30 +0000] "PATCH /api/products" 201 961 "-" "Mozilla/5.0 (Windows NT 10.0; Win64; x64; rv:93.0) Gecko/20100101 Firefox/93.0"
192.168.1.2 - chris [18/Mar/2023:11:16:30 +0000] "GET /api/orders HTTP/1.1" 403 505 "-" "Mozilla/5.0 (Windows NT 10.0; Win64; x64) AppleWebKit/537.36 (KHTML, like Gecko) Chrome/94.0.4606.81 Safari/537.36"
192.168.1.2 - chris [18/Mar/2023:11:16:30 +0000] "PATCH /api/customers" 400 33 "-" "Mozilla/5.0 (Macintosh; Intel Mac OS X 10_15_7) AppleWebKit/537.36 (KHTML, like Gecko) Chrome/94.0.4606.81 Safari/537.36"
192.168.1.1 - chris [18/Mar/2023:11:16:30 +0000] "POST /api/invoices HTTP/1.1" 404 615 "-" "Mozilla/5.0 (Macintosh; Intel Mac OS X 10_15_7) AppleWebKit/537.36 (KHTML, like Gecko) Chrome/93.0.4577.63 Safari/537.36"
192.168.1.1 - chris [18/Mar/2023:11:16:30 +0000] "GET /api/users HTTP/1.1" 500 179 "-" "Mozilla/5.0 (Macintosh; Intel Mac OS X 10_15_7) AppleWebKit/537.36 (KHTML, like Gecko) Chrome/94.0.4606.81 Safari/537.36"
192.168.1.1 - sarah [18/Mar/2023:11:16:30 +0000] "POST /api/users HTTP/1.1" 200 841 "-" "Mozilla/5.0 (Windows NT 10.0; Win64; x64; rv:94.0) Gecko/20100101 Firefox/94.0"
192.168.1.4 - john [18/Mar/2023:11:16:30 +0000] "DELETE /api/invoices HTTP/1.1" 500 863 "-" "Mozilla/5.0 (Windows NT 10.0; Win64; x64) AppleWebKit/537.36 (KHTML, like Gecko) Chrome/94.0.4606.81 Safari/537.36"
192.168.1.4 - emily [18/Mar/2023:11:16:30 +0000] "GET /api/users HTTP/1.1" 401 243 "-" "Mozilla/5.0 (Windows NT 10.0; Win64; x64; rv:94.0) Gecko/20100101 Firefox/94.0"
192.168.1.3 - john [18/Mar/2023:11:16:30 +0000] "GET /api/users HTTP/1.1" 404 176 "-" "Mozilla/5.0 (Windows NT 10.0; Win64; x64) AppleWebKit/537.36 (KHTML, like Gecko) Chrome/94.0.4606.81 Safari/537.36"
192.168.1.4 - mike [18/Mar/2023:11:16:30 +0000] "POST /api/customers HTTP/1.1" 404 979 "-" "Mozilla/5.0 (Windows NT 10.0; Win64; x64; rv:94.0) Gecko/20100101 Firefox/94.0"
192.168.1.3 - sarah [18/Mar/2023:11:16:30 +0000] "DELETE /api/customers HTTP/1.1" 204 428 "-" "Mozilla/5.0 (Windows NT 10.0; Win64; x64; rv:93.0) Gecko/20100101 Firefox/93.0"
192.168.1.5 - sarah [18/Mar/2023:11:16:30 +0000] "PUT /api/orders HTTP/1.1" 403 265 "-" "Mozilla/5.0 (Macintosh; Intel Mac OS X 10_15_7) AppleWebKit/537.36 (KHTML, like Gecko) Chrome/93.0.4577.63 Safari/537.36"
192.168.1.3 - emily [18/Mar/2023:11:16:30 +0000] "POST /api/products HTTP/1.1" 204 368 "-" "Mozilla/5.0 (Windows NT 10.0; Win64; x64; rv:93.0) Gecko/20100101 Firefox/93.0"
192.168.1.3 - emily [18/Mar/2023:11:16:30 +0000] "POST /api/invoices HTTP/1.1" 204 484 "-" "Mozilla/5.0 (Windows NT 10.0; Win64; x64; rv:94.0) Gecko/20100101 Firefox/94.0"
192.168.1.3 - mike [18/Mar/2023:11:16:30 +0000] "GET /api/customers HTTP/1.1" 403 185 "-" "Mozilla/5.0 (Windows NT 10.0; Win64; x64) AppleWebKit/537.36 (KHTML, like Gecko) Chrome/93.0.4577.63 Safari/537.36"
192.168.1.4 - mike [18/Mar/2023:11:16:30 +0000] "GET /api/products HTTP/1.1" 401 567 "-" "Mozilla/5.0 (Macintosh; Intel Mac OS X 10_15_7) AppleWebKit/537.36 (KHTML, like Gecko) Chrome/93.0.4577.63 Safari/537.36"
192.168.1.2 - john [18/Mar/2023:11:16:30 +0000] "POST /api/users HTTP/1.1" 204 557 "-" "Mozilla/5.0 (Windows NT 10.0; Win64; x64) AppleWebKit/537.36 (KHTML, like Gecko) Chrome/93.0.4577.63 Safari/537.36"
192.168.1.1 - chris [18/Mar/2023:11:16:30 +0000] "PUT /api/products HTTP/1.1" 400 806 "-" "Mozilla/5.0 (Macintosh; Intel Mac OS X 10_15_7) AppleWebKit/537.36 (KHTML, like Gecko) Chrome/94.0.4606.81 Safari/537.36"
192.168.1.4 - emily [18/Mar/2023:11:16:30 +0000] "POST /api/invoices HTTP/1.1" 500 920 "-" "Mozilla/5.0 (Windows NT 10.0; Win64; x64) AppleWebKit/537.36 (KHTML, like Gecko) Chrome/94.0.4606.81 Safari/537.36"
192.168.1.5 - mike [18/Mar/2023:11:16:30 +0000] "POST /api/orders HTTP/1.1" 401 487 "-" "Mozilla/5.0 (Windows NT 10.0; Win64; x64; rv:94.0) Gecko/20100101 Firefox/94.0"
192.168.1.3 - chris [18/Mar/2023:11:16:30 +0000] "GET /api/orders HTTP/1.1" 401 157 "-" "Mozilla/5.0 (Windows NT 10.0; Win64; x64; rv:93.0) Gecko/20100101 Firefox/93.0"
192.168.1.1 - emily [18/Mar/2023:11:16:30 +0000] "PATCH /api/invoices" 404 817 "-" "Mozilla/5.0 (Macintosh; Intel Mac OS X 10_15_7) AppleWebKit/537.36 (KHTML, like Gecko) Chrome/93.0.4577.63 Safari/537.36"
192.168.1.1 - emily [18/Mar/2023:11:16:30 +0000] "DELETE /api/customers HTTP/1.1" 200 154 "-" "Mozilla/5.0 (Windows NT 10.0; Win64; x64; rv:94.0) Gecko/20100101 Firefox/94.0"
192.168.1.3 - emily [18/Mar/2023:11:16:30 +0000] "PUT /api/customers HTTP/1.1" 401 416 "-" "Mozilla/5.0 (Windows NT 10.0; Win64; x64; rv:93.0) Gecko/20100101 Firefox/93.0"
192.168.1.1 - mike [18/Mar/2023:11:16:30 +0000] "PATCH /api/customers" 401 375 "-" "Mozilla/5.0 (Windows NT 10.0; Win64; x64; rv:93.0) Gecko/20100101 Firefox/93.0"
192.168.1.4 - mike [18/Mar/2023:11:16:30 +0000] "POST /api/users HTTP/1.1" 403 622 "-" "Mozilla/5.0 (Windows NT 10.0; Win64; x64; rv:93.0) Gecko/20100101 Firefox/93.0"
192.168.1.3 - mike [18/Mar/2023:11:16:30 +0000] "GET /api/users HTTP/1.1" 400 53 "-" "Mozilla/5.0 (Macintosh; Intel Mac OS X 10_15_7) AppleWebKit/537.36 (KHTML, like Gecko) Chrome/93.0.4577.63 Safari/537.36"
192.168.1.3 - sarah [18/Mar/2023:11:16:30 +0000] "PATCH /api/orders" 201 948 "-" "Mozilla/5.0 (Windows NT 10.0; Win64; x64) AppleWebKit/537.36 (KHTML, like Gecko) Chrome/94.0.4606.81 Safari/537.36"
192.168.1.1 - john [18/Mar/2023:11:16:30 +0000] "PATCH /api/invoices" 404 439 "-" "Mozilla/5.0 (Macintosh; Intel Mac OS X 10_15_7) AppleWebKit/537.36 (KHTML, like Gecko) Chrome/94.0.4606.81 Safari/537.36"
192.168.1.2 - mike [18/Mar/2023:11:16:30 +0000] "PUT /api/customers HTTP/1.1" 500 594 "-" "Mozilla/5.0 (Macintosh; Intel Mac OS X 10_15_7) AppleWebKit/537.36 (KHTML, like Gecko) Chrome/94.0.4606.81 Safari/537.36"
192.168.1.3 - emily [18/Mar/2023:11:16:30 +0000] "POST /api/orders HTTP/1.1" 201 274 "-" "Mozilla/5.0 (Windows NT 10.0; Win64; x64; rv:93.0) Gecko/20100101 Firefox/93.0"
192.168.1.4 - mike [18/Mar/2023:11:16:30 +0000] "GET /api/products HTTP/1.1" 500 625 "-" "Mozilla/5.0 (Windows NT 10.0; Win64; x64; rv:93.0) Gecko/20100101 Firefox/93.0"
192.168.1.2 - john [18/Mar/2023:11:16:30 +0000] "PATCH /api/products" 401 390 "-" "Mozilla/5.0 (Macintosh; Intel Mac OS X 10_15_7) AppleWebKit/537.36 (KHTML, like Gecko) Chrome/93.0.4577.63 Safari/537.36"
192.168.1.2 - sarah [18/Mar/2023:11:16:30 +0000] "PUT /api/orders HTTP/1.1" 200 536 "-" "Mozilla/5.0 (Macintosh; Intel Mac OS X 10_15_7) AppleWebKit/537.36 (KHTML, like Gecko) Chrome/93.0.4577.63 Safari/537.36"
192.168.1.3 - john [18/Mar/2023:11:16:30 +0000] "PUT /api/invoices HTTP/1.1" 401 144 "-" "Mozilla/5.0 (Macintosh; Intel Mac OS X 10_15_7) AppleWebKit/537.36 (KHTML, like Gecko) Chrome/93.0.4577.63 Safari/537.36"
192.168.1.2 - john [18/Mar/2023:11:16:30 +0000] "DELETE /api/products HTTP/1.1" 200 232 "-" "Mozilla/5.0 (Macintosh; Intel Mac OS X 10_15_7) AppleWebKit/537.36 (KHTML, like Gecko) Chrome/94.0.4606.81 Safari/537.36"
192.168.1.2 - sarah [18/Mar/2023:11:16:30 +0000] "GET /api/orders HTTP/1.1" 400 546 "-" "Mozilla/5.0 (Macintosh; Intel Mac OS X 10_15_7) AppleWebKit/537.36 (KHTML, like Gecko) Chrome/94.0.4606.81 Safari/537.36"
192.168.1.1 - sarah [18/Mar/2023:11:16:30 +0000] "PUT /api/orders HTTP/1.1" 400 164 "-" "Mozilla/5.0 (Windows NT 10.0; Win64; x64) AppleWebKit/537.36 (KHTML, like Gecko) Chrome/93.0.4577.63 Safari/537.36"
192.168.1.1 - chris [18/Mar/2023:11:16:30 +0000] "GET /api/users HTTP/1.1" 400 231 "-" "Mozilla/5.0 (Macintosh; Intel Mac OS X 10_15_7) AppleWebKit/537.36 (KHTML, like Gecko) Chrome/93.0.4577.63 Safari/537.36"
192.168.1.5 - sarah [18/Mar/2023:11:16:30 +0000] "PUT /api/products HTTP/1.1" 204 121 "-" "Mozilla/5.0 (Macintosh; Intel Mac OS X 10_15_7) AppleWebKit/537.36 (KHTML, like Gecko) Chrome/93.0.4577.63 Safari/537.36"
192.168.1.1 - sarah [18/Mar/2023:11:16:30 +0000] "GET /api/customers HTTP/1.1" 200 309 "-" "Mozilla/5.0 (Windows NT 10.0; Win64; x64; rv:94.0) Gecko/20100101 Firefox/94.0"
192.168.1.4 - emily [18/Mar/2023:11:16:30 +0000] "PUT /api/customers HTTP/1.1" 400 90 "-" "Mozilla/5.0 (Windows NT 10.0; Win64; x64) AppleWebKit/537.36 (KHTML, like Gecko) Chrome/94.0.4606.81 Safari/537.36"
192.168.1.5 - mike [18/Mar/2023:11:16:30 +0000] "GET /api/products HTTP/1.1" 200 967 "-" "Mozilla/5.0 (Windows NT 10.0; Win64; x64) AppleWebKit/537.36 (KHTML, like Gecko) Chrome/94.0.4606.81 Safari/537.36"
192.168.1.1 - sarah [18/Mar/2023:11:16:30 +0000] "PATCH /api/users" 204 731 "-" "Mozilla/5.0 (Macintosh; Intel Mac OS X 10_15_7) AppleWebKit/537.36 (KHTML, like Gecko) Chrome/94.0.4606.81 Safari/537.36"
192.168.1.5 - john [18/Mar/2023:11:16:30 +0000] "POST /api/customers HTTP/1.1" 403 475 "-" "Mozilla/5.0 (Windows NT 10.0; Win64; x64; rv:94.0) Gecko/20100101 Firefox/94.0"
192.168.1.5 - sarah [18/Mar/2023:11:16:30 +0000] "GET /api/orders HTTP/1.1" 401 158 "-" "Mozilla/5.0 (Windows NT 10.0; Win64; x64) AppleWebKit/537.36 (KHTML, like Gecko) Chrome/93.0.4577.63 Safari/537.36"
192.168.1.3 - emily [18/Mar/2023:11:16:30 +0000] "GET /api/products HTTP/1.1" 404 648 "-" "Mozilla/5.0 (Windows NT 10.0; Win64; x64; rv:93.0) Gecko/20100101 Firefox/93.0"
192.168.1.1 - chris [18/Mar/2023:11:16:30 +0000] "PATCH /api/customers" 200 116 "-" "Mozilla/5.0 (Macintosh; Intel Mac OS X 10_15_7) AppleWebKit/537.36 (KHTML, like Gecko) Chrome/93.0.4577.63 Safari/537.36"
192.168.1.2 - emily [18/Mar/2023:11:16:30 +0000] "PUT /api/users HTTP/1.1" 204 623 "-" "Mozilla/5.0 (Windows NT 10.0; Win64; x64; rv:94.0) Gecko/20100101 Firefox/94.0"
192.168.1.1 - emily [18/Mar/2023:11:16:30 +0000] "DELETE /api/customers HTTP/1.1" 400 91 "-" "Mozilla/5.0 (Macintosh; Intel Mac OS X 10_15_7) AppleWebKit/537.36 (KHTML, like Gecko) Chrome/94.0.4606.81 Safari/537.36"
192.168.1.2 - emily [18/Mar/2023:11:16:30 +0000] "PUT /api/users HTTP/1.1" 403 636 "-" "Mozilla/5.0 (Macintosh; Intel Mac OS X 10_15_7) AppleWebKit/537.36 (KHTML, like Gecko) Chrome/94.0.4606.81 Safari/537.36"
192.168.1.3 - chris [18/Mar/2023:11:16:30 +0000] "DELETE /api/customers HTTP/1.1" 401 893 "-" "Mozilla/5.0 (Windows NT 10.0; Win64; x64; rv:93.0) Gecko/20100101 Firefox/93.0"
192.168.1.5 - john [18/Mar/2023:11:16:30 +0000] "POST /api/orders HTTP/1.1" 200 106 "-" "Mozilla/5.0 (Macintosh; Intel Mac OS X 10_15_7) AppleWebKit/537.36 (KHTML, like Gecko) Chrome/94.0.4606.81 Safari/537.36"
192.168.1.2 - mike [18/Mar/2023:11:16:30 +0000] "PATCH /api/invoices" 401 201 "-" "Mozilla/5.0 (Windows NT 10.0; Win64; x64) AppleWebKit/537.36 (KHTML, like Gecko) Chrome/93.0.4577.63 Safari/537.36"
192.168.1.4 - emily [18/Mar/2023:11:16:30 +0000] "DELETE /api/invoices HTTP/1.1" 404 476 "-" "Mozilla/5.0 (Windows NT 10.0; Win64; x64; rv:93.0) Gecko/20100101 Firefox/93.0"
192.168.1.5 - mike [18/Mar/2023:11:16:30 +0000] "GET /api/customers HTTP/1.1" 400 831 "-" "Mozilla/5.0 (Windows NT 10.0; Win64; x64) AppleWebKit/537.36 (KHTML, like Gecko) Chrome/94.0.4606.81 Safari/537.36"
192.168.1.1 - emily [18/Mar/2023:11:16:30 +0000] "PUT /api/orders HTTP/1.1" 204 738 "-" "Mozilla/5.0 (Windows NT 10.0; Win64; x64) AppleWebKit/537.36 (KHTML, like Gecko) Chrome/93.0.4577.63 Safari/537.36"
192.168.1.2 - emily [18/Mar/2023:11:16:30 +0000] "PATCH /api/customers" 400 481 "-" "Mozilla/5.0 (Windows NT 10.0; Win64; x64; rv:94.0) Gecko/20100101 Firefox/94.0"
192.168.1.4 - john [18/Mar/2023:11:16:30 +0000] "PATCH /api/products" 200 400 "-" "Mozilla/5.0 (Windows NT 10.0; Win64; x64) AppleWebKit/537.36 (KHTML, like Gecko) Chrome/94.0.4606.81 Safari/537.36"
192.168.1.4 - mike [18/Mar/2023:11:16:30 +0000] "POST /api/users HTTP/1.1" 404 53 "-" "Mozilla/5.0 (Windows NT 10.0; Win64; x64) AppleWebKit/537.36 (KHTML, like Gecko) Chrome/93.0.4577.63 Safari/537.36"
192.168.1.1 - sarah [18/Mar/2023:11:16:30 +0000] "PUT /api/orders HTTP/1.1" 400 186 "-" "Mozilla/5.0 (Windows NT 10.0; Win64; x64) AppleWebKit/537.36 (KHTML, like Gecko) Chrome/94.0.4606.81 Safari/537.36"
192.168.1.4 - john [18/Mar/2023:11:16:30 +0000] "POST /api/orders HTTP/1.1" 200 780 "-" "Mozilla/5.0 (Windows NT 10.0; Win64; x64; rv:93.0) Gecko/20100101 Firefox/93.0"
192.168.1.5 - emily [18/Mar/2023:11:16:30 +0000] "PUT /api/orders HTTP/1.1" 403 496 "-" "Mozilla/5.0 (Macintosh; Intel Mac OS X 10_15_7) AppleWebKit/537.36 (KHTML, like Gecko) Chrome/94.0.4606.81 Safari/537.36"
192.168.1.3 - chris [18/Mar/2023:11:16:30 +0000] "DELETE /api/invoices HTTP/1.1" 400 858 "-" "Mozilla/5.0 (Windows NT 10.0; Win64; x64) AppleWebKit/537.36 (KHTML, like Gecko) Chrome/93.0.4577.63 Safari/537.36"
192.168.1.4 - chris [18/Mar/2023:11:16:30 +0000] "PATCH /api/products" 204 208 "-" "Mozilla/5.0 (Windows NT 10.0; Win64; x64; rv:94.0) Gecko/20100101 Firefox/94.0"
192.168.1.1 - chris [18/Mar/2023:11:16:30 +0000] "PUT /api/products HTTP/1.1" 401 982 "-" "Mozilla/5.0 (Windows NT 10.0; Win64; x64) AppleWebKit/537.36 (KHTML, like Gecko) Chrome/94.0.4606.81 Safari/537.36"
192.168.1.5 - john [18/Mar/2023:11:16:30 +0000] "DELETE /api/products HTTP/1.1" 204 102 "-" "Mozilla/5.0 (Macintosh; Intel Mac OS X 10_15_7) AppleWebKit/537.36 (KHTML, like Gecko) Chrome/94.0.4606.81 Safari/537.36"
192.168.1.3 - john [18/Mar/2023:11:16:30 +0000] "PUT /api/invoices HTTP/1.1" 204 134 "-" "Mozilla/5.0 (Macintosh; Intel Mac OS X 10_15_7) AppleWebKit/537.36 (KHTML, like Gecko) Chrome/93.0.4577.63 Safari/537.36"
192.168.1.1 - sarah [18/Mar/2023:11:16:30 +0000] "POST /api/invoices HTTP/1.1" 403 826 "-" "Mozilla/5.0 (Macintosh; Intel Mac OS X 10_15_7) AppleWebKit/537.36 (KHTML, like Gecko) Chrome/93.0.4577.63 Safari/537.36"
192.168.1.3 - chris [18/Mar/2023:11:16:30 +0000] "PATCH /api/products" 204 88 "-" "Mozilla/5.0 (Windows NT 10.0; Win64; x64; rv:93.0) Gecko/20100101 Firefox/93.0"
192.168.1.4 - mike [18/Mar/2023:11:16:30 +0000] "POST /api/invoices HTTP/1.1" 401 108 "-" "Mozilla/5.0 (Windows NT 10.0; Win64; x64; rv:94.0) Gecko/20100101 Firefox/94.0"
192.168.1.5 - chris [18/Mar/2023:11:16:30 +0000] "POST /api/orders HTTP/1.1" 200 470 "-" "Mozilla/5.0 (Windows NT 10.0; Win64; x64; rv:94.0) Gecko/20100101 Firefox/94.0"
192.168.1.4 - emily [18/Mar/2023:11:16:30 +0000] "GET /api/users HTTP/1.1" 200 613 "-" "Mozilla/5.0 (Macintosh; Intel Mac OS X 10_15_7) AppleWebKit/537.36 (KHTML, like Gecko) Chrome/94.0.4606.81 Safari/537.36"
192.168.1.5 - sarah [18/Mar/2023:11:16:30 +0000] "PATCH /api/users" 201 364 "-" "Mozilla/5.0 (Windows NT 10.0; Win64; x64) AppleWebKit/537.36 (KHTML, like Gecko) Chrome/94.0.4606.81 Safari/537.36"
192.168.1.3 - mike [18/Mar/2023:11:16:30 +0000] "POST /api/products HTTP/1.1" 404 152 "-" "Mozilla/5.0 (Windows NT 10.0; Win64; x64; rv:93.0) Gecko/20100101 Firefox/93.0"
192.168.1.1 - mike [18/Mar/2023:11:16:30 +0000] "DELETE /api/users HTTP/1.1" 200 153 "-" "Mozilla/5.0 (Windows NT 10.0; Win64; x64; rv:94.0) Gecko/20100101 Firefox/94.0"
192.168.1.1 - sarah [18/Mar/2023:11:16:30 +0000] "GET /api/customers HTTP/1.1" 403 48 "-" "Mozilla/5.0 (Macintosh; Intel Mac OS X 10_15_7) AppleWebKit/537.36 (KHTML, like Gecko) Chrome/94.0.4606.81 Safari/537.36"
192.168.1.5 - sarah [18/Mar/2023:11:16:30 +0000] "PATCH /api/products" 500 334 "-" "Mozilla/5.0 (Windows NT 10.0; Win64; x64; rv:94.0) Gecko/20100101 Firefox/94.0"
192.168.1.3 - chris [18/Mar/2023:11:16:30 +0000] "GET /api/invoices HTTP/1.1" 500 590 "-" "Mozilla/5.0 (Windows NT 10.0; Win64; x64; rv:94.0) Gecko/20100101 Firefox/94.0"
192.168.1.2 - sarah [18/Mar/2023:11:16:30 +0000] "PUT /api/invoices HTTP/1.1" 500 98 "-" "Mozilla/5.0 (Windows NT 10.0; Win64; x64) AppleWebKit/537.36 (KHTML, like Gecko) Chrome/93.0.4577.63 Safari/537.36"
192.168.1.2 - mike [18/Mar/2023:11:16:30 +0000] "DELETE /api/customers HTTP/1.1" 204 871 "-" "Mozilla/5.0 (Windows NT 10.0; Win64; x64) AppleWebKit/537.36 (KHTML, like Gecko) Chrome/94.0.4606.81 Safari/537.36"
192.168.1.3 - mike [18/Mar/2023:11:16:30 +0000] "DELETE /api/invoices HTTP/1.1" 201 585 "-" "Mozilla/5.0 (Macintosh; Intel Mac OS X 10_15_7) AppleWebKit/537.36 (KHTML, like Gecko) Chrome/93.0.4577.63 Safari/537.36"
192.168.1.5 - john [18/Mar/2023:11:16:30 +0000] "PUT /api/invoices HTTP/1.1" 401 399 "-" "Mozilla/5.0 (Windows NT 10.0; Win64; x64; rv:94.0) Gecko/20100101 Firefox/94.0"
192.168.1.4 - john [18/Mar/2023:11:16:30 +0000] "POST /api/users HTTP/1.1" 401 989 "-" "Mozilla/5.0 (Windows NT 10.0; Win64; x64) AppleWebKit/537.36 (KHTML, like Gecko) Chrome/93.0.4577.63 Safari/537.36"
192.168.1.2 - chris [18/Mar/2023:11:16:30 +0000] "PUT /api/users HTTP/1.1" 204 295 "-" "Mozilla/5.0 (Macintosh; Intel Mac OS X 10_15_7) AppleWebKit/537.36 (KHTML, like Gecko) Chrome/94.0.4606.81 Safari/537.36"
192.168.1.2 - emily [18/Mar/2023:11:16:30 +0000] "POST /api/users HTTP/1.1" 200 515 "-" "Mozilla/5.0 (Windows NT 10.0; Win64; x64; rv:93.0) Gecko/20100101 Firefox/93.0"
192.168.1.3 - john [18/Mar/2023:11:16:30 +0000] "PATCH /api/users" 201 829 "-" "Mozilla/5.0 (Macintosh; Intel Mac OS X 10_15_7) AppleWebKit/537.36 (KHTML, like Gecko) Chrome/94.0.4606.81 Safari/537.36"
192.168.1.1 - emily [18/Mar/2023:11:16:30 +0000] "DELETE /api/users HTTP/1.1" 404 717 "-" "Mozilla/5.0 (Macintosh; Intel Mac OS X 10_15_7) AppleWebKit/537.36 (KHTML, like Gecko) Chrome/93.0.4577.63 Safari/537.36"
192.168.1.1 - john [18/Mar/2023:11:16:30 +0000] "PATCH /api/invoices" 400 515 "-" "Mozilla/5.0 (Macintosh; Intel Mac OS X 10_15_7) AppleWebKit/537.36 (KHTML, like Gecko) Chrome/93.0.4577.63 Safari/537.36"
192.168.1.1 - mike [18/Mar/2023:11:16:30 +0000] "POST /api/products HTTP/1.1" 204 762 "-" "Mozilla/5.0 (Windows NT 10.0; Win64; x64) AppleWebKit/537.36 (KHTML, like Gecko) Chrome/93.0.4577.63 Safari/537.36"
192.168.1.3 - mike [18/Mar/2023:11:16:30 +0000] "PUT /api/products HTTP/1.1" 204 637 "-" "Mozilla/5.0 (Windows NT 10.0; Win64; x64; rv:93.0) Gecko/20100101 Firefox/93.0"
192.168.1.1 - sarah [18/Mar/2023:11:16:30 +0000] "PUT /api/invoices HTTP/1.1" 401 213 "-" "Mozilla/5.0 (Windows NT 10.0; Win64; x64) AppleWebKit/537.36 (KHTML, like Gecko) Chrome/94.0.4606.81 Safari/537.36"
192.168.1.3 - emily [18/Mar/2023:11:16:30 +0000] "PUT /api/orders HTTP/1.1" 404 610 "-" "Mozilla/5.0 (Macintosh; Intel Mac OS X 10_15_7) AppleWebKit/537.36 (KHTML, like Gecko) Chrome/93.0.4577.63 Safari/537.36"
192.168.1.4 - mike [18/Mar/2023:11:16:30 +0000] "POST /api/products HTTP/1.1" 200 143 "-" "Mozilla/5.0 (Windows NT 10.0; Win64; x64; rv:93.0) Gecko/20100101 Firefox/93.0"
192.168.1.3 - emily [18/Mar/2023:11:16:30 +0000] "POST /api/users HTTP/1.1" 404 233 "-" "Mozilla/5.0 (Macintosh; Intel Mac OS X 10_15_7) AppleWebKit/537.36 (KHTML, like Gecko) Chrome/94.0.4606.81 Safari/537.36"
192.168.1.5 - mike [18/Mar/2023:11:16:30 +0000] "GET /api/products HTTP/1.1" 204 848 "-" "Mozilla/5.0 (Macintosh; Intel Mac OS X 10_15_7) AppleWebKit/537.36 (KHTML, like Gecko) Chrome/94.0.4606.81 Safari/537.36"
192.168.1.5 - emily [18/Mar/2023:11:16:30 +0000] "PUT /api/orders HTTP/1.1" 404 847 "-" "Mozilla/5.0 (Windows NT 10.0; Win64; x64; rv:93.0) Gecko/20100101 Firefox/93.0"
192.168.1.1 - mike [18/Mar/2023:11:16:30 +0000] "DELETE /api/users HTTP/1.1" 404 859 "-" "Mozilla/5.0 (Macintosh; Intel Mac OS X 10_15_7) AppleWebKit/537.36 (KHTML, like Gecko) Chrome/94.0.4606.81 Safari/537.36"
192.168.1.1 - chris [18/Mar/2023:11:16:30 +0000] "DELETE /api/users HTTP/1.1" 400 195 "-" "Mozilla/5.0 (Macintosh; Intel Mac OS X 10_15_7) AppleWebKit/537.36 (KHTML, like Gecko) Chrome/93.0.4577.63 Safari/537.36"
192.168.1.4 - sarah [18/Mar/2023:11:16:30 +0000] "GET /api/customers HTTP/1.1" 200 603 "-" "Mozilla/5.0 (Windows NT 10.0; Win64; x64) AppleWebKit/537.36 (KHTML, like Gecko) Chrome/93.0.4577.63 Safari/537.36"
192.168.1.1 - sarah [18/Mar/2023:11:16:30 +0000] "PATCH /api/products" 401 764 "-" "Mozilla/5.0 (Macintosh; Intel Mac OS X 10_15_7) AppleWebKit/537.36 (KHTML, like Gecko) Chrome/94.0.4606.81 Safari/537.36"
192.168.1.3 - chris [18/Mar/2023:11:16:30 +0000] "GET /api/orders HTTP/1.1" 400 514 "-" "Mozilla/5.0 (Windows NT 10.0; Win64; x64; rv:94.0) Gecko/20100101 Firefox/94.0"
192.168.1.2 - chris [18/Mar/2023:11:16:30 +0000] "PATCH /api/orders" 404 536 "-" "Mozilla/5.0 (Macintosh; Intel Mac OS X 10_15_7) AppleWebKit/537.36 (KHTML, like Gecko) Chrome/94.0.4606.81 Safari/537.36"
192.168.1.1 - sarah [18/Mar/2023:11:16:30 +0000] "PATCH /api/customers" 204 597 "-" "Mozilla/5.0 (Macintosh; Intel Mac OS X 10_15_7) AppleWebKit/537.36 (KHTML, like Gecko) Chrome/93.0.4577.63 Safari/537.36"
192.168.1.4 - emily [18/Mar/2023:11:16:30 +0000] "POST /api/users HTTP/1.1" 200 896 "-" "Mozilla/5.0 (Windows NT 10.0; Win64; x64; rv:94.0) Gecko/20100101 Firefox/94.0"
192.168.1.3 - sarah [18/Mar/2023:11:16:30 +0000] "GET /api/products HTTP/1.1" 404 495 "-" "Mozilla/5.0 (Macintosh; Intel Mac OS X 10_15_7) AppleWebKit/537.36 (KHTML, like Gecko) Chrome/94.0.4606.81 Safari/537.36"
192.168.1.1 - chris [18/Mar/2023:11:16:30 +0000] "PATCH /api/users" 500 517 "-" "Mozilla/5.0 (Macintosh; Intel Mac OS X 10_15_7) AppleWebKit/537.36 (KHTML, like Gecko) Chrome/93.0.4577.63 Safari/537.36"
192.168.1.1 - mike [18/Mar/2023:11:16:30 +0000] "PUT /api/products HTTP/1.1" 201 532 "-" "Mozilla/5.0 (Macintosh; Intel Mac OS X 10_15_7) AppleWebKit/537.36 (KHTML, like Gecko) Chrome/94.0.4606.81 Safari/537.36"
192.168.1.4 - chris [18/Mar/2023:11:16:30 +0000] "PATCH /api/invoices" 201 475 "-" "Mozilla/5.0 (Windows NT 10.0; Win64; x64) AppleWebKit/537.36 (KHTML, like Gecko) Chrome/94.0.4606.81 Safari/537.36"
192.168.1.2 - chris [18/Mar/2023:11:16:30 +0000] "DELETE /api/products HTTP/1.1" 201 977 "-" "Mozilla/5.0 (Windows NT 10.0; Win64; x64; rv:94.0) Gecko/20100101 Firefox/94.0"
192.168.1.3 - emily [18/Mar/2023:11:16:30 +0000] "POST /api/products HTTP/1.1" 400 118 "-" "Mozilla/5.0 (Windows NT 10.0; Win64; x64) AppleWebKit/537.36 (KHTML, like Gecko) Chrome/94.0.4606.81 Safari/537.36"
192.168.1.1 - john [18/Mar/2023:11:16:30 +0000] "GET /api/products HTTP/1.1" 204 558 "-" "Mozilla/5.0 (Macintosh; Intel Mac OS X 10_15_7) AppleWebKit/537.36 (KHTML, like Gecko) Chrome/94.0.4606.81 Safari/537.36"
192.168.1.5 - chris [18/Mar/2023:11:16:30 +0000] "POST /api/users HTTP/1.1" 403 933 "-" "Mozilla/5.0 (Macintosh; Intel Mac OS X 10_15_7) AppleWebKit/537.36 (KHTML, like Gecko) Chrome/93.0.4577.63 Safari/537.36"
192.168.1.3 - emily [18/Mar/2023:11:16:30 +0000] "PATCH /api/products" 500 709 "-" "Mozilla/5.0 (Macintosh; Intel Mac OS X 10_15_7) AppleWebKit/537.36 (KHTML, like Gecko) Chrome/93.0.4577.63 Safari/537.36"
192.168.1.4 - emily [18/Mar/2023:11:16:30 +0000] "PATCH /api/orders" 401 751 "-" "Mozilla/5.0 (Windows NT 10.0; Win64; x64) AppleWebKit/537.36 (KHTML, like Gecko) Chrome/93.0.4577.63 Safari/537.36"
192.168.1.5 - emily [18/Mar/2023:11:16:30 +0000] "DELETE /api/orders HTTP/1.1" 201 822 "-" "Mozilla/5.0 (Windows NT 10.0; Win64; x64) AppleWebKit/537.36 (KHTML, like Gecko) Chrome/93.0.4577.63 Safari/537.36"
192.168.1.3 - sarah [18/Mar/2023:11:16:30 +0000] "GET /api/products HTTP/1.1" 204 870 "-" "Mozilla/5.0 (Windows NT 10.0; Win64; x64) AppleWebKit/537.36 (KHTML, like Gecko) Chrome/94.0.4606.81 Safari/537.36"
192.168.1.2 - emily [18/Mar/2023:11:16:30 +0000] "DELETE /api/users HTTP/1.1" 403 913 "-" "Mozilla/5.0 (Windows NT 10.0; Win64; x64) AppleWebKit/537.36 (KHTML, like Gecko) Chrome/93.0.4577.63 Safari/537.36"
192.168.1.2 - sarah [18/Mar/2023:11:16:30 +0000] "PATCH /api/users" 400 101 "-" "Mozilla/5.0 (Windows NT 10.0; Win64; x64; rv:93.0) Gecko/20100101 Firefox/93.0"
192.168.1.4 - mike [18/Mar/2023:11:16:30 +0000] "DELETE /api/products HTTP/1.1" 201 200 "-" "Mozilla/5.0 (Windows NT 10.0; Win64; x64) AppleWebKit/537.36 (KHTML, like Gecko) Chrome/94.0.4606.81 Safari/537.36"
192.168.1.5 - john [18/Mar/2023:11:16:30 +0000] "DELETE /api/users HTTP/1.1" 200 541 "-" "Mozilla/5.0 (Windows NT 10.0; Win64; x64) AppleWebKit/537.36 (KHTML, like Gecko) Chrome/93.0.4577.63 Safari/537.36"
192.168.1.5 - sarah [18/Mar/2023:11:16:30 +0000] "PATCH /api/users" 204 803 "-" "Mozilla/5.0 (Windows NT 10.0; Win64; x64; rv:93.0) Gecko/20100101 Firefox/93.0"
192.168.1.5 - chris [18/Mar/2023:11:16:30 +0000] "GET /api/orders HTTP/1.1" 200 121 "-" "Mozilla/5.0 (Windows NT 10.0; Win64; x64; rv:93.0) Gecko/20100101 Firefox/93.0"
192.168.1.4 - emily [18/Mar/2023:11:16:30 +0000] "DELETE /api/products HTTP/1.1" 400 968 "-" "Mozilla/5.0 (Windows NT 10.0; Win64; x64) AppleWebKit/537.36 (KHTML, like Gecko) Chrome/93.0.4577.63 Safari/537.36"
192.168.1.4 - chris [18/Mar/2023:11:16:30 +0000] "GET /api/users HTTP/1.1" 204 568 "-" "Mozilla/5.0 (Windows NT 10.0; Win64; x64) AppleWebKit/537.36 (KHTML, like Gecko) Chrome/93.0.4577.63 Safari/537.36"
192.168.1.2 - chris [18/Mar/2023:11:16:30 +0000] "DELETE /api/users HTTP/1.1" 204 378 "-" "Mozilla/5.0 (Windows NT 10.0; Win64; x64; rv:93.0) Gecko/20100101 Firefox/93.0"
192.168.1.4 - emily [18/Mar/2023:11:16:30 +0000] "DELETE /api/products HTTP/1.1" 201 524 "-" "Mozilla/5.0 (Windows NT 10.0; Win64; x64; rv:94.0) Gecko/20100101 Firefox/94.0"
192.168.1.4 - john [18/Mar/2023:11:16:30 +0000] "PATCH /api/orders" 403 610 "-" "Mozilla/5.0 (Windows NT 10.0; Win64; x64; rv:93.0) Gecko/20100101 Firefox/93.0"
192.168.1.4 - sarah [18/Mar/2023:11:16:30 +0000] "POST /api/users HTTP/1.1" 403 227 "-" "Mozilla/5.0 (Macintosh; Intel Mac OS X 10_15_7) AppleWebKit/537.36 (KHTML, like Gecko) Chrome/94.0.4606.81 Safari/537.36"
192.168.1.4 - john [18/Mar/2023:11:16:30 +0000] "PUT /api/users HTTP/1.1" 401 327 "-" "Mozilla/5.0 (Windows NT 10.0; Win64; x64; rv:93.0) Gecko/20100101 Firefox/93.0"
192.168.1.5 - mike [18/Mar/2023:11:16:30 +0000] "GET /api/orders HTTP/1.1" 400 597 "-" "Mozilla/5.0 (Macintosh; Intel Mac OS X 10_15_7) AppleWebKit/537.36 (KHTML, like Gecko) Chrome/93.0.4577.63 Safari/537.36"
192.168.1.1 - chris [18/Mar/2023:11:16:30 +0000] "PUT /api/orders HTTP/1.1" 201 690 "-" "Mozilla/5.0 (Windows NT 10.0; Win64; x64) AppleWebKit/537.36 (KHTML, like Gecko) Chrome/94.0.4606.81 Safari/537.36"
192.168.1.3 - sarah [18/Mar/2023:11:16:30 +0000] "GET /api/products HTTP/1.1" 204 426 "-" "Mozilla/5.0 (Windows NT 10.0; Win64; x64; rv:93.0) Gecko/20100101 Firefox/93.0"
192.168.1.5 - chris [18/Mar/2023:11:16:30 +0000] "PUT /api/products HTTP/1.1" 201 188 "-" "Mozilla/5.0 (Windows NT 10.0; Win64; x64; rv:94.0) Gecko/20100101 Firefox/94.0"
192.168.1.5 - emily [18/Mar/2023:11:16:30 +0000] "POST /api/products HTTP/1.1" 500 465 "-" "Mozilla/5.0 (Windows NT 10.0; Win64; x64; rv:93.0) Gecko/20100101 Firefox/93.0"
192.168.1.3 - sarah [18/Mar/2023:11:16:30 +0000] "POST /api/invoices HTTP/1.1" 400 811 "-" "Mozilla/5.0 (Macintosh; Intel Mac OS X 10_15_7) AppleWebKit/537.36 (KHTML, like Gecko) Chrome/94.0.4606.81 Safari/537.36"
192.168.1.1 - sarah [18/Mar/2023:11:16:30 +0000] "PATCH /api/customers" 201 744 "-" "Mozilla/5.0 (Windows NT 10.0; Win64; x64) AppleWebKit/537.36 (KHTML, like Gecko) Chrome/94.0.4606.81 Safari/537.36"
192.168.1.3 - mike [18/Mar/2023:11:16:30 +0000] "POST /api/customers HTTP/1.1" 400 567 "-" "Mozilla/5.0 (Macintosh; Intel Mac OS X 10_15_7) AppleWebKit/537.36 (KHTML, like Gecko) Chrome/94.0.4606.81 Safari/537.36"
192.168.1.5 - sarah [18/Mar/2023:11:16:30 +0000] "PATCH /api/users" 204 865 "-" "Mozilla/5.0 (Windows NT 10.0; Win64; x64; rv:94.0) Gecko/20100101 Firefox/94.0"
192.168.1.1 - sarah [18/Mar/2023:11:16:30 +0000] "PUT /api/orders HTTP/1.1" 204 427 "-" "Mozilla/5.0 (Windows NT 10.0; Win64; x64) AppleWebKit/537.36 (KHTML, like Gecko) Chrome/94.0.4606.81 Safari/537.36"
192.168.1.5 - emily [18/Mar/2023:11:16:30 +0000] "DELETE /api/customers HTTP/1.1" 401 777 "-" "Mozilla/5.0 (Macintosh; Intel Mac OS X 10_15_7) AppleWebKit/537.36 (KHTML, like Gecko) Chrome/93.0.4577.63 Safari/537.36"
192.168.1.5 - emily [18/Mar/2023:11:16:30 +0000] "DELETE /api/invoices HTTP/1.1" 401 730 "-" "Mozilla/5.0 (Macintosh; Intel Mac OS X 10_15_7) AppleWebKit/537.36 (KHTML, like Gecko) Chrome/93.0.4577.63 Safari/537.36"
192.168.1.1 - emily [18/Mar/2023:11:16:30 +0000] "GET /api/orders HTTP/1.1" 404 968 "-" "Mozilla/5.0 (Windows NT 10.0; Win64; x64) AppleWebKit/537.36 (KHTML, like Gecko) Chrome/93.0.4577.63 Safari/537.36"
192.168.1.5 - mike [18/Mar/2023:11:16:30 +0000] "PUT /api/orders HTTP/1.1" 201 186 "-" "Mozilla/5.0 (Windows NT 10.0; Win64; x64; rv:94.0) Gecko/20100101 Firefox/94.0"
192.168.1.2 - sarah [18/Mar/2023:11:16:30 +0000] "PATCH /api/products" 400 326 "-" "Mozilla/5.0 (Macintosh; Intel Mac OS X 10_15_7) AppleWebKit/537.36 (KHTML, like Gecko) Chrome/94.0.4606.81 Safari/537.36"
192.168.1.1 - emily [18/Mar/2023:11:16:30 +0000] "GET /api/customers HTTP/1.1" 204 33 "-" "Mozilla/5.0 (Macintosh; Intel Mac OS X 10_15_7) AppleWebKit/537.36 (KHTML, like Gecko) Chrome/93.0.4577.63 Safari/537.36"
192.168.1.1 - sarah [18/Mar/2023:11:16:30 +0000] "POST /api/users HTTP/1.1" 500 553 "-" "Mozilla/5.0 (Windows NT 10.0; Win64; x64) AppleWebKit/537.36 (KHTML, like Gecko) Chrome/94.0.4606.81 Safari/537.36"
192.168.1.2 - emily [18/Mar/2023:11:16:30 +0000] "PATCH /api/products" 403 176 "-" "Mozilla/5.0 (Windows NT 10.0; Win64; x64) AppleWebKit/537.36 (KHTML, like Gecko) Chrome/93.0.4577.63 Safari/537.36"
192.168.1.4 - john [18/Mar/2023:11:16:30 +0000] "POST /api/customers HTTP/1.1" 201 481 "-" "Mozilla/5.0 (Windows NT 10.0; Win64; x64; rv:93.0) Gecko/20100101 Firefox/93.0"
192.168.1.4 - mike [18/Mar/2023:11:16:30 +0000] "DELETE /api/products HTTP/1.1" 400 372 "-" "Mozilla/5.0 (Windows NT 10.0; Win64; x64; rv:93.0) Gecko/20100101 Firefox/93.0"
192.168.1.4 - chris [18/Mar/2023:11:16:30 +0000] "POST /api/users HTTP/1.1" 400 265 "-" "Mozilla/5.0 (Windows NT 10.0; Win64; x64; rv:94.0) Gecko/20100101 Firefox/94.0"
192.168.1.3 - sarah [18/Mar/2023:11:16:30 +0000] "PATCH /api/invoices" 500 383 "-" "Mozilla/5.0 (Windows NT 10.0; Win64; x64) AppleWebKit/537.36 (KHTML, like Gecko) Chrome/94.0.4606.81 Safari/537.36"
192.168.1.2 - sarah [18/Mar/2023:11:16:30 +0000] "DELETE /api/customers HTTP/1.1" 403 939 "-" "Mozilla/5.0 (Macintosh; Intel Mac OS X 10_15_7) AppleWebKit/537.36 (KHTML, like Gecko) Chrome/93.0.4577.63 Safari/537.36"
192.168.1.2 - emily [18/Mar/2023:11:16:30 +0000] "DELETE /api/invoices HTTP/1.1" 404 211 "-" "Mozilla/5.0 (Windows NT 10.0; Win64; x64) AppleWebKit/537.36 (KHTML, like Gecko) Chrome/93.0.4577.63 Safari/537.36"
192.168.1.1 - chris [18/Mar/2023:11:16:30 +0000] "DELETE /api/orders HTTP/1.1" 500 846 "-" "Mozilla/5.0 (Windows NT 10.0; Win64; x64; rv:93.0) Gecko/20100101 Firefox/93.0"
192.168.1.1 - mike [18/Mar/2023:11:16:30 +0000] "PUT /api/orders HTTP/1.1" 400 894 "-" "Mozilla/5.0 (Windows NT 10.0; Win64; x64; rv:93.0) Gecko/20100101 Firefox/93.0"
192.168.1.2 - chris [18/Mar/2023:11:16:30 +0000] "GET /api/products HTTP/1.1" 403 869 "-" "Mozilla/5.0 (Windows NT 10.0; Win64; x64; rv:94.0) Gecko/20100101 Firefox/94.0"
192.168.1.4 - emily [18/Mar/2023:11:16:30 +0000] "PATCH /api/users" 403 841 "-" "Mozilla/5.0 (Windows NT 10.0; Win64; x64; rv:94.0) Gecko/20100101 Firefox/94.0"
192.168.1.4 - sarah [18/Mar/2023:11:16:30 +0000] "DELETE /api/products HTTP/1.1" 200 333 "-" "Mozilla/5.0 (Windows NT 10.0; Win64; x64) AppleWebKit/537.36 (KHTML, like Gecko) Chrome/94.0.4606.81 Safari/537.36"
192.168.1.3 - sarah [18/Mar/2023:11:16:30 +0000] "PUT /api/products HTTP/1.1" 403 871 "-" "Mozilla/5.0 (Windows NT 10.0; Win64; x64) AppleWebKit/537.36 (KHTML, like Gecko) Chrome/94.0.4606.81 Safari/537.36"
192.168.1.2 - sarah [18/Mar/2023:11:16:30 +0000] "DELETE /api/orders HTTP/1.1" 500 35 "-" "Mozilla/5.0 (Windows NT 10.0; Win64; x64) AppleWebKit/537.36 (KHTML, like Gecko) Chrome/93.0.4577.63 Safari/537.36"
192.168.1.4 - chris [18/Mar/2023:11:16:30 +0000] "PUT /api/products HTTP/1.1" 401 720 "-" "Mozilla/5.0 (Windows NT 10.0; Win64; x64) AppleWebKit/537.36 (KHTML, like Gecko) Chrome/94.0.4606.81 Safari/537.36"
192.168.1.1 - mike [18/Mar/2023:11:16:30 +0000] "PUT /api/users HTTP/1.1" 204 734 "-" "Mozilla/5.0 (Windows NT 10.0; Win64; x64) AppleWebKit/537.36 (KHTML, like Gecko) Chrome/94.0.4606.81 Safari/537.36"
192.168.1.5 - mike [18/Mar/2023:11:16:30 +0000] "DELETE /api/products HTTP/1.1" 400 453 "-" "Mozilla/5.0 (Windows NT 10.0; Win64; x64; rv:94.0) Gecko/20100101 Firefox/94.0"
192.168.1.1 - sarah [18/Mar/2023:11:16:30 +0000] "DELETE /api/invoices HTTP/1.1" 201 738 "-" "Mozilla/5.0 (Windows NT 10.0; Win64; x64) AppleWebKit/537.36 (KHTML, like Gecko) Chrome/93.0.4577.63 Safari/537.36"
192.168.1.1 - emily [18/Mar/2023:11:16:30 +0000] "POST /api/products HTTP/1.1" 404 666 "-" "Mozilla/5.0 (Windows NT 10.0; Win64; x64; rv:94.0) Gecko/20100101 Firefox/94.0"
192.168.1.5 - chris [18/Mar/2023:11:16:30 +0000] "PUT /api/customers HTTP/1.1" 200 660 "-" "Mozilla/5.0 (Windows NT 10.0; Win64; x64; rv:93.0) Gecko/20100101 Firefox/93.0"
192.168.1.4 - sarah [18/Mar/2023:11:16:30 +0000] "PATCH /api/products" 401 807 "-" "Mozilla/5.0 (Windows NT 10.0; Win64; x64; rv:94.0) Gecko/20100101 Firefox/94.0"
192.168.1.4 - mike [18/Mar/2023:11:16:30 +0000] "GET /api/products HTTP/1.1" 204 371 "-" "Mozilla/5.0 (Windows NT 10.0; Win64; x64) AppleWebKit/537.36 (KHTML, like Gecko) Chrome/94.0.4606.81 Safari/537.36"
192.168.1.3 - sarah [18/Mar/2023:11:16:30 +0000] "PATCH /api/orders" 403 930 "-" "Mozilla/5.0 (Windows NT 10.0; Win64; x64; rv:93.0) Gecko/20100101 Firefox/93.0"
192.168.1.4 - sarah [18/Mar/2023:11:16:30 +0000] "POST /api/users HTTP/1.1" 200 27 "-" "Mozilla/5.0 (Macintosh; Intel Mac OS X 10_15_7) AppleWebKit/537.36 (KHTML, like Gecko) Chrome/93.0.4577.63 Safari/537.36"
192.168.1.4 - mike [18/Mar/2023:11:16:30 +0000] "PATCH /api/products" 404 382 "-" "Mozilla/5.0 (Macintosh; Intel Mac OS X 10_15_7) AppleWebKit/537.36 (KHTML, like Gecko) Chrome/94.0.4606.81 Safari/537.36"
192.168.1.5 - sarah [18/Mar/2023:11:16:30 +0000] "PUT /api/products HTTP/1.1" 400 129 "-" "Mozilla/5.0 (Windows NT 10.0; Win64; x64) AppleWebKit/537.36 (KHTML, like Gecko) Chrome/94.0.4606.81 Safari/537.36"
192.168.1.4 - chris [18/Mar/2023:11:16:30 +0000] "PUT /api/customers HTTP/1.1" 404 259 "-" "Mozilla/5.0 (Windows NT 10.0; Win64; x64; rv:94.0) Gecko/20100101 Firefox/94.0"
192.168.1.1 - mike [18/Mar/2023:11:16:30 +0000] "DELETE /api/customers HTTP/1.1" 200 167 "-" "Mozilla/5.0 (Windows NT 10.0; Win64; x64; rv:93.0) Gecko/20100101 Firefox/93.0"
192.168.1.1 - john [18/Mar/2023:11:16:30 +0000] "DELETE /api/orders HTTP/1.1" 201 224 "-" "Mozilla/5.0 (Windows NT 10.0; Win64; x64) AppleWebKit/537.36 (KHTML, like Gecko) Chrome/94.0.4606.81 Safari/537.36"
192.168.1.1 - chris [18/Mar/2023:11:16:30 +0000] "GET /api/orders HTTP/1.1" 400 853 "-" "Mozilla/5.0 (Windows NT 10.0; Win64; x64) AppleWebKit/537.36 (KHTML, like Gecko) Chrome/94.0.4606.81 Safari/537.36"
192.168.1.4 - mike [18/Mar/2023:11:16:30 +0000] "POST /api/invoices HTTP/1.1" 204 856 "-" "Mozilla/5.0 (Macintosh; Intel Mac OS X 10_15_7) AppleWebKit/537.36 (KHTML, like Gecko) Chrome/94.0.4606.81 Safari/537.36"
192.168.1.2 - emily [18/Mar/2023:11:16:30 +0000] "POST /api/invoices HTTP/1.1" 401 374 "-" "Mozilla/5.0 (Windows NT 10.0; Win64; x64) AppleWebKit/537.36 (KHTML, like Gecko) Chrome/93.0.4577.63 Safari/537.36"
192.168.1.5 - emily [18/Mar/2023:11:16:30 +0000] "DELETE /api/users HTTP/1.1" 500 420 "-" "Mozilla/5.0 (Windows NT 10.0; Win64; x64; rv:93.0) Gecko/20100101 Firefox/93.0"
192.168.1.1 - chris [18/Mar/2023:11:16:30 +0000] "PUT /api/users HTTP/1.1" 201 544 "-" "Mozilla/5.0 (Windows NT 10.0; Win64; x64; rv:93.0) Gecko/20100101 Firefox/93.0"
192.168.1.2 - mike [18/Mar/2023:11:16:30 +0000] "PATCH /api/users" 400 561 "-" "Mozilla/5.0 (Windows NT 10.0; Win64; x64) AppleWebKit/537.36 (KHTML, like Gecko) Chrome/94.0.4606.81 Safari/537.36"
192.168.1.1 - chris [18/Mar/2023:11:16:30 +0000] "PUT /api/invoices HTTP/1.1" 204 314 "-" "Mozilla/5.0 (Windows NT 10.0; Win64; x64) AppleWebKit/537.36 (KHTML, like Gecko) Chrome/93.0.4577.63 Safari/537.36"
192.168.1.2 - sarah [18/Mar/2023:11:16:30 +0000] "POST /api/products HTTP/1.1" 500 912 "-" "Mozilla/5.0 (Macintosh; Intel Mac OS X 10_15_7) AppleWebKit/537.36 (KHTML, like Gecko) Chrome/93.0.4577.63 Safari/537.36"
192.168.1.3 - john [18/Mar/2023:11:16:30 +0000] "POST /api/users HTTP/1.1" 400 763 "-" "Mozilla/5.0 (Windows NT 10.0; Win64; x64) AppleWebKit/537.36 (KHTML, like Gecko) Chrome/94.0.4606.81 Safari/537.36"
192.168.1.3 - sarah [18/Mar/2023:11:16:30 +0000] "PUT /api/users HTTP/1.1" 204 496 "-" "Mozilla/5.0 (Windows NT 10.0; Win64; x64) AppleWebKit/537.36 (KHTML, like Gecko) Chrome/94.0.4606.81 Safari/537.36"
192.168.1.2 - chris [18/Mar/2023:11:16:30 +0000] "DELETE /api/customers HTTP/1.1" 201 532 "-" "Mozilla/5.0 (Windows NT 10.0; Win64; x64) AppleWebKit/537.36 (KHTML, like Gecko) Chrome/94.0.4606.81 Safari/537.36"
192.168.1.2 - john [18/Mar/2023:11:16:30 +0000] "POST /api/products HTTP/1.1" 204 163 "-" "Mozilla/5.0 (Windows NT 10.0; Win64; x64) AppleWebKit/537.36 (KHTML, like Gecko) Chrome/94.0.4606.81 Safari/537.36"
192.168.1.4 - emily [18/Mar/2023:11:16:30 +0000] "PATCH /api/customers" 200 388 "-" "Mozilla/5.0 (Windows NT 10.0; Win64; x64; rv:94.0) Gecko/20100101 Firefox/94.0"
192.168.1.3 - chris [18/Mar/2023:11:16:30 +0000] "DELETE /api/products HTTP/1.1" 404 253 "-" "Mozilla/5.0 (Windows NT 10.0; Win64; x64) AppleWebKit/537.36 (KHTML, like Gecko) Chrome/93.0.4577.63 Safari/537.36"
192.168.1.3 - emily [18/Mar/2023:11:16:30 +0000] "POST /api/products HTTP/1.1" 403 359 "-" "Mozilla/5.0 (Windows NT 10.0; Win64; x64; rv:94.0) Gecko/20100101 Firefox/94.0"
192.168.1.3 - mike [18/Mar/2023:11:16:30 +0000] "DELETE /api/customers HTTP/1.1" 403 218 "-" "Mozilla/5.0 (Windows NT 10.0; Win64; x64) AppleWebKit/537.36 (KHTML, like Gecko) Chrome/94.0.4606.81 Safari/537.36"
192.168.1.3 - emily [18/Mar/2023:11:16:30 +0000] "DELETE /api/orders HTTP/1.1" 400 865 "-" "Mozilla/5.0 (Macintosh; Intel Mac OS X 10_15_7) AppleWebKit/537.36 (KHTML, like Gecko) Chrome/94.0.4606.81 Safari/537.36"
192.168.1.1 - john [18/Mar/2023:11:16:30 +0000] "PUT /api/orders HTTP/1.1" 403 656 "-" "Mozilla/5.0 (Macintosh; Intel Mac OS X 10_15_7) AppleWebKit/537.36 (KHTML, like Gecko) Chrome/93.0.4577.63 Safari/537.36"
192.168.1.5 - chris [18/Mar/2023:11:16:30 +0000] "PUT /api/orders HTTP/1.1" 200 107 "-" "Mozilla/5.0 (Windows NT 10.0; Win64; x64) AppleWebKit/537.36 (KHTML, like Gecko) Chrome/93.0.4577.63 Safari/537.36"
192.168.1.5 - john [18/Mar/2023:11:16:30 +0000] "DELETE /api/users HTTP/1.1" 500 667 "-" "Mozilla/5.0 (Windows NT 10.0; Win64; x64; rv:93.0) Gecko/20100101 Firefox/93.0"
192.168.1.2 - john [18/Mar/2023:11:16:30 +0000] "PUT /api/users HTTP/1.1" 403 130 "-" "Mozilla/5.0 (Windows NT 10.0; Win64; x64; rv:94.0) Gecko/20100101 Firefox/94.0"
192.168.1.3 - chris [18/Mar/2023:11:16:30 +0000] "PATCH /api/invoices" 404 501 "-" "Mozilla/5.0 (Windows NT 10.0; Win64; x64; rv:93.0) Gecko/20100101 Firefox/93.0"
192.168.1.1 - sarah [18/Mar/2023:11:16:30 +0000] "PATCH /api/users" 401 967 "-" "Mozilla/5.0 (Windows NT 10.0; Win64; x64; rv:93.0) Gecko/20100101 Firefox/93.0"
192.168.1.2 - chris [18/Mar/2023:11:16:30 +0000] "DELETE /api/products HTTP/1.1" 403 598 "-" "Mozilla/5.0 (Windows NT 10.0; Win64; x64) AppleWebKit/537.36 (KHTML, like Gecko) Chrome/94.0.4606.81 Safari/537.36"
192.168.1.2 - mike [18/Mar/2023:11:16:30 +0000] "PATCH /api/products" 204 69 "-" "Mozilla/5.0 (Macintosh; Intel Mac OS X 10_15_7) AppleWebKit/537.36 (KHTML, like Gecko) Chrome/93.0.4577.63 Safari/537.36"
192.168.1.1 - emily [18/Mar/2023:11:16:30 +0000] "GET /api/products HTTP/1.1" 400 137 "-" "Mozilla/5.0 (Windows NT 10.0; Win64; x64; rv:93.0) Gecko/20100101 Firefox/93.0"
